Archive member included to satisfy reference by file (symbol)

/opt/ST/STM32CubeCLT_1.15.0/GNU-tools-for-STM32/bin/../lib/gcc/arm-none-eabi/12.3.1/../../../../arm-none-eabi/lib/thumb/v7e-m+fp/hard/libc_nano.a(libc_a-exit.o)
                              /opt/ST/STM32CubeCLT_1.15.0/GNU-tools-for-STM32/bin/../lib/gcc/arm-none-eabi/12.3.1/../../../../arm-none-eabi/lib/thumb/v7e-m+fp/hard/crt0.o (exit)
/opt/ST/STM32CubeCLT_1.15.0/GNU-tools-for-STM32/bin/../lib/gcc/arm-none-eabi/12.3.1/../../../../arm-none-eabi/lib/thumb/v7e-m+fp/hard/libc_nano.a(libc_a-findfp.o)
                              /opt/ST/STM32CubeCLT_1.15.0/GNU-tools-for-STM32/bin/../lib/gcc/arm-none-eabi/12.3.1/../../../../arm-none-eabi/lib/thumb/v7e-m+fp/hard/libc_nano.a(libc_a-exit.o) (__stdio_exit_handler)
/opt/ST/STM32CubeCLT_1.15.0/GNU-tools-for-STM32/bin/../lib/gcc/arm-none-eabi/12.3.1/../../../../arm-none-eabi/lib/thumb/v7e-m+fp/hard/libc_nano.a(libc_a-fwalk.o)
                              /opt/ST/STM32CubeCLT_1.15.0/GNU-tools-for-STM32/bin/../lib/gcc/arm-none-eabi/12.3.1/../../../../arm-none-eabi/lib/thumb/v7e-m+fp/hard/libc_nano.a(libc_a-findfp.o) (_fwalk_sglue)
/opt/ST/STM32CubeCLT_1.15.0/GNU-tools-for-STM32/bin/../lib/gcc/arm-none-eabi/12.3.1/../../../../arm-none-eabi/lib/thumb/v7e-m+fp/hard/libc_nano.a(libc_a-memset.o)
                              /opt/ST/STM32CubeCLT_1.15.0/GNU-tools-for-STM32/bin/../lib/gcc/arm-none-eabi/12.3.1/../../../../arm-none-eabi/lib/thumb/v7e-m+fp/hard/crt0.o (memset)
/opt/ST/STM32CubeCLT_1.15.0/GNU-tools-for-STM32/bin/../lib/gcc/arm-none-eabi/12.3.1/../../../../arm-none-eabi/lib/thumb/v7e-m+fp/hard/libc_nano.a(libc_a-impure.o)
                              /opt/ST/STM32CubeCLT_1.15.0/GNU-tools-for-STM32/bin/../lib/gcc/arm-none-eabi/12.3.1/../../../../arm-none-eabi/lib/thumb/v7e-m+fp/hard/libc_nano.a(libc_a-findfp.o) (_impure_data)
/opt/ST/STM32CubeCLT_1.15.0/GNU-tools-for-STM32/bin/../lib/gcc/arm-none-eabi/12.3.1/../../../../arm-none-eabi/lib/thumb/v7e-m+fp/hard/libc_nano.a(libc_a-init.o)
                              /opt/ST/STM32CubeCLT_1.15.0/GNU-tools-for-STM32/bin/../lib/gcc/arm-none-eabi/12.3.1/../../../../arm-none-eabi/lib/thumb/v7e-m+fp/hard/crt0.o (__libc_init_array)
/opt/ST/STM32CubeCLT_1.15.0/GNU-tools-for-STM32/bin/../lib/gcc/arm-none-eabi/12.3.1/../../../../arm-none-eabi/lib/thumb/v7e-m+fp/hard/libc_nano.a(libc_a-lock.o)
                              /opt/ST/STM32CubeCLT_1.15.0/GNU-tools-for-STM32/bin/../lib/gcc/arm-none-eabi/12.3.1/../../../../arm-none-eabi/lib/thumb/v7e-m+fp/hard/libc_nano.a(libc_a-findfp.o) (__retarget_lock_init_recursive)
/opt/ST/STM32CubeCLT_1.15.0/GNU-tools-for-STM32/bin/../lib/gcc/arm-none-eabi/12.3.1/../../../../arm-none-eabi/lib/thumb/v7e-m+fp/hard/libc_nano.a(libc_a-mallocr.o)
                              /opt/ST/STM32CubeCLT_1.15.0/GNU-tools-for-STM32/bin/../lib/gcc/arm-none-eabi/12.3.1/../../../../arm-none-eabi/lib/thumb/v7e-m+fp/hard/libc_nano.a(libc_a-findfp.o) (_malloc_r)
/opt/ST/STM32CubeCLT_1.15.0/GNU-tools-for-STM32/bin/../lib/gcc/arm-none-eabi/12.3.1/../../../../arm-none-eabi/lib/thumb/v7e-m+fp/hard/libc_nano.a(libc_a-fflush.o)
                              /opt/ST/STM32CubeCLT_1.15.0/GNU-tools-for-STM32/bin/../lib/gcc/arm-none-eabi/12.3.1/../../../../arm-none-eabi/lib/thumb/v7e-m+fp/hard/libc_nano.a(libc_a-findfp.o) (_fflush_r)
/opt/ST/STM32CubeCLT_1.15.0/GNU-tools-for-STM32/bin/../lib/gcc/arm-none-eabi/12.3.1/../../../../arm-none-eabi/lib/thumb/v7e-m+fp/hard/libc_nano.a(libc_a-mlock.o)
                              /opt/ST/STM32CubeCLT_1.15.0/GNU-tools-for-STM32/bin/../lib/gcc/arm-none-eabi/12.3.1/../../../../arm-none-eabi/lib/thumb/v7e-m+fp/hard/libc_nano.a(libc_a-mallocr.o) (__malloc_lock)
/opt/ST/STM32CubeCLT_1.15.0/GNU-tools-for-STM32/bin/../lib/gcc/arm-none-eabi/12.3.1/../../../../arm-none-eabi/lib/thumb/v7e-m+fp/hard/libc_nano.a(libc_a-stdio.o)
                              /opt/ST/STM32CubeCLT_1.15.0/GNU-tools-for-STM32/bin/../lib/gcc/arm-none-eabi/12.3.1/../../../../arm-none-eabi/lib/thumb/v7e-m+fp/hard/libc_nano.a(libc_a-findfp.o) (__sread)
/opt/ST/STM32CubeCLT_1.15.0/GNU-tools-for-STM32/bin/../lib/gcc/arm-none-eabi/12.3.1/../../../../arm-none-eabi/lib/thumb/v7e-m+fp/hard/libc_nano.a(libc_a-closer.o)
                              /opt/ST/STM32CubeCLT_1.15.0/GNU-tools-for-STM32/bin/../lib/gcc/arm-none-eabi/12.3.1/../../../../arm-none-eabi/lib/thumb/v7e-m+fp/hard/libc_nano.a(libc_a-stdio.o) (_close_r)
/opt/ST/STM32CubeCLT_1.15.0/GNU-tools-for-STM32/bin/../lib/gcc/arm-none-eabi/12.3.1/../../../../arm-none-eabi/lib/thumb/v7e-m+fp/hard/libc_nano.a(libc_a-reent.o)
                              /opt/ST/STM32CubeCLT_1.15.0/GNU-tools-for-STM32/bin/../lib/gcc/arm-none-eabi/12.3.1/../../../../arm-none-eabi/lib/thumb/v7e-m+fp/hard/libc_nano.a(libc_a-closer.o) (errno)
/opt/ST/STM32CubeCLT_1.15.0/GNU-tools-for-STM32/bin/../lib/gcc/arm-none-eabi/12.3.1/../../../../arm-none-eabi/lib/thumb/v7e-m+fp/hard/libc_nano.a(libc_a-lseekr.o)
[...]
Memory Configuration

Name             Origin             Length             Attributes
RAM              0x20000000         0x00020000         xrw
FLASH            0x08000000         0x00080000         xr
*default*        0x00000000         0xffffffff

Linker script and memory map

LOAD /opt/ST/STM32CubeCLT_1.15.0/GNU-tools-for-STM32/bin/../lib/gcc/arm-none-eabi/12.3.1/thumb/v7e-m+fp/hard/crti.o
LOAD /opt/ST/STM32CubeCLT_1.15.0/GNU-tools-for-STM32/bin/../lib/gcc/arm-none-eabi/12.3.1/thumb/v7e-m+fp/hard/crtbegin.o
LOAD /opt/ST/STM32CubeCLT_1.15.0/GNU-tools-for-STM32/bin/../lib/gcc/arm-none-eabi/12.3.1/../../../../arm-none-eabi/lib/thumb/v7e-m+fp/hard/crt0.o
START GROUP
LOAD /opt/ST/STM32CubeCLT_1.15.0/GNU-tools-for-STM32/bin/../lib/gcc/arm-none-eabi/12.3.1/../../../../arm-none-eabi/lib/thumb/v7e-m+fp/hard/libc_nano.a
LOAD /opt/ST/STM32CubeCLT_1.15.0/GNU-tools-for-STM32/bin/../lib/gcc/arm-none-eabi/12.3.1/../../../../arm-none-eabi/lib/thumb/v7e-m+fp/hard/libm.a
END GROUP
LOAD CMakeFiles/cubesat_dev.dir/Drivers/Custom/Src/sd_hal_mpu6050.c.obj
LOAD CMakeFiles/cubesat_dev.dir/Core/Src/main.c.obj
LOAD CMakeFiles/cubesat_dev.dir/Core/Src/stm32f4xx_it.c.obj
LOAD CMakeFiles/cubesat_dev.dir/Core/Src/stm32f4xx_hal_msp.c.obj
LOAD CMakeFiles/cubesat_dev.dir/Drivers/STM32F4xx_HAL_Driver/Src/stm32f4xx_hal_i2c.c.obj
LOAD CMakeFiles/cubesat_dev.dir/Drivers/STM32F4xx_HAL_Driver/Src/stm32f4xx_hal_i2c_ex.c.obj
LOAD CMakeFiles/cubesat_dev.dir/Drivers/STM32F4xx_HAL_Driver/Src/stm32f4xx_hal_rcc.c.obj
LOAD CMakeFiles/cubesat_dev.dir/Drivers/STM32F4xx_HAL_Driver/Src/stm32f4xx_hal_rcc_ex.c.obj
LOAD CMakeFiles/cubesat_dev.dir/Drivers/STM32F4xx_HAL_Driver/Src/stm32f4xx_hal_flash.c.obj
LOAD CMakeFiles/cubesat_dev.dir/Drivers/STM32F4xx_HAL_Driver/Src/stm32f4xx_hal_flash_ex.c.obj
LOAD CMakeFiles/cubesat_dev.dir/Drivers/STM32F4xx_HAL_Driver/Src/stm32f4xx_hal_flash_ramfunc.c.obj
LOAD CMakeFiles/cubesat_dev.dir/Drivers/STM32F4xx_HAL_Driver/Src/stm32f4xx_hal_gpio.c.obj
LOAD CMakeFiles/cubesat_dev.dir/Drivers/STM32F4xx_HAL_Driver/Src/stm32f4xx_hal_dma_ex.c.obj
LOAD CMakeFiles/cubesat_dev.dir/Drivers/STM32F4xx_HAL_Driver/Src/stm32f4xx_hal_dma.c.obj
LOAD CMakeFiles/cubesat_dev.dir/Drivers/STM32F4xx_HAL_Driver/Src/stm32f4xx_hal_pwr.c.obj
LOAD CMakeFiles/cubesat_dev.dir/Drivers/STM32F4xx_HAL_Driver/Src/stm32f4xx_hal_pwr_ex.c.obj
LOAD CMakeFiles/cubesat_dev.dir/Drivers/STM32F4xx_HAL_Driver/Src/stm32f4xx_hal_cortex.c.obj
LOAD CMakeFiles/cubesat_dev.dir/Drivers/STM32F4xx_HAL_Driver/Src/stm32f4xx_hal.c.obj
LOAD CMakeFiles/cubesat_dev.dir/Drivers/STM32F4xx_HAL_Driver/Src/stm32f4xx_hal_exti.c.obj
LOAD CMakeFiles/cubesat_dev.dir/Drivers/STM32F4xx_HAL_Driver/Src/stm32f4xx_hal_uart.c.obj
LOAD CMakeFiles/cubesat_dev.dir/Drivers/STM32F4xx_HAL_Driver/Src/stm32f4xx_hal_pcd.c.obj
LOAD CMakeFiles/cubesat_dev.dir/Drivers/STM32F4xx_HAL_Driver/Src/stm32f4xx_hal_pcd_ex.c.obj
LOAD CMakeFiles/cubesat_dev.dir/Drivers/STM32F4xx_HAL_Driver/Src/stm32f4xx_ll_usb.c.obj
LOAD CMakeFiles/cubesat_dev.dir/Core/Src/system_stm32f4xx.c.obj
LOAD CMakeFiles/cubesat_dev.dir/Core/Src/sysmem.c.obj
LOAD CMakeFiles/cubesat_dev.dir/Core/Src/syscalls.c.obj
LOAD CMakeFiles/cubesat_dev.dir/startup_stm32f446xx.s.obj
START GROUP
LOAD /opt/ST/STM32CubeCLT_1.15.0/GNU-tools-for-STM32/bin/../lib/gcc/arm-none-eabi/12.3.1/thumb/v7e-m+fp/hard/libgcc.a
LOAD /opt/ST/STM32CubeCLT_1.15.0/GNU-tools-for-STM32/bin/../lib/gcc/arm-none-eabi/12.3.1/../../../../arm-none-eabi/lib/thumb/v7e-m+fp/hard/libg_nano.a
LOAD /opt/ST/STM32CubeCLT_1.15.0/GNU-tools-for-STM32/bin/../lib/gcc/arm-none-eabi/12.3.1/../../../../arm-none-eabi/lib/thumb/v7e-m+fp/hard/libc_nano.a
END GROUP
START GROUP
LOAD /opt/ST/STM32CubeCLT_1.15.0/GNU-tools-for-STM32/bin/../lib/gcc/arm-none-eabi/12.3.1/thumb/v7e-m+fp/hard/libgcc.a
LOAD /opt/ST/STM32CubeCLT_1.15.0/GNU-tools-for-STM32/bin/../lib/gcc/arm-none-eabi/12.3.1/../../../../arm-none-eabi/lib/thumb/v7e-m+fp/hard/libc_nano.a
END GROUP
LOAD /opt/ST/STM32CubeCLT_1.15.0/GNU-tools-for-STM32/bin/../lib/gcc/arm-none-eabi/12.3.1/thumb/v7e-m+fp/hard/crtend.o
LOAD /opt/ST/STM32CubeCLT_1.15.0/GNU-tools-for-STM32/bin/../lib/gcc/arm-none-eabi/12.3.1/thumb/v7e-m+fp/hard/crtn.o
                0x20020000                        _estack = (ORIGIN (RAM) + LENGTH (RAM))
                0x00000200                        _Min_Heap_Size = 0x200
                0x00000400                        _Min_Stack_Size = 0x400

.isr_vector     0x08000000      0x1c4
                0x08000000                        . = ALIGN (0x4)
 *(.isr_vector)
 .isr_vector    0x08000000      0x1c4 CMakeFiles/cubesat_dev.dir/startup_stm32f446xx.s.obj
                0x08000000                g_pfnVectors
                0x080001c4                        . = ALIGN (0x4)

.text           0x080001c4     0x3e3c
                0x080001c4                        . = ALIGN (0x4)
 *(.text)
 .text          0x080001c4       0x40 /opt/ST/STM32CubeCLT_1.15.0/GNU-tools-for-STM32/bin/../lib/gcc/arm-none-eabi/12.3.1/thumb/v7e-m+fp/hard/crtbegin.o
 .text          0x08000204       0x30 /opt/ST/STM32CubeCLT_1.15.0/GNU-tools-for-STM32/bin/../lib/gcc/arm-none-eabi/12.3.1/thumb/v7e-m+fp/hard/libgcc.a(_aeabi_uldivmod.o)
                0x08000204                __aeabi_uldivmod
 .text          0x08000234      0x2bc /opt/ST/STM32CubeCLT_1.15.0/GNU-tools-for-STM32/bin/../lib/gcc/arm-none-eabi/12.3.1/thumb/v7e-m+fp/hard/libgcc.a(_udivmoddi4.o)
                0x08000234                __udivmoddi4
 .text          0x080004f0        0x4 /opt/ST/STM32CubeCLT_1.15.0/GNU-tools-for-STM32/bin/../lib/gcc/arm-none-eabi/12.3.1/thumb/v7e-m+fp/hard/libgcc.a(_dvmd_tls.o)
                0x080004f0                __aeabi_ldiv0
                0x080004f0                __aeabi_idiv0
 *(.text*)
 .text.memset   0x080004f4       0x10 /opt/ST/STM32CubeCLT_1.15.0/GNU-tools-for-STM32/bin/../lib/gcc/arm-none-eabi/12.3.1/../../../../arm-none-eabi/lib/thumb/v7e-m+fp/hard/libc_nano.a(libc_a-memset.o)
                0x080004f4                memset
 .text.__libc_init_array
                0x08000504       0x48 /opt/ST/STM32CubeCLT_1.15.0/GNU-tools-for-STM32/bin/../lib/gcc/arm-none-eabi/12.3.1/../../../../arm-none-eabi/lib/thumb/v7e-m+fp/hard/libc_nano.a(libc_a-init.o)
                0x08000504                __libc_init_array
 .text.main     0x0800054c       0x24 CMakeFiles/cubesat_dev.dir/Core/Src/main.c.obj
                0x0800054c                main
 .text.SystemClock_Config
                0x08000570       0xd8 CMakeFiles/cubesat_dev.dir/Core/Src/main.c.obj
                0x08000570                SystemClock_Config
 .text.MX_I2C1_Init
                0x08000648       0x5c CMakeFiles/cubesat_dev.dir/Core/Src/main.c.obj
 .text.MX_UART4_Init
                0x080006a4       0x54 CMakeFiles/cubesat_dev.dir/Core/Src/main.c.obj
 .text.MX_USART3_UART_Init
                0x080006f8       0x54 CMakeFiles/cubesat_dev.dir/Core/Src/main.c.obj
 .text.MX_USB_OTG_FS_PCD_Init
                0x0800074c       0x5c CMakeFiles/cubesat_dev.dir/Core/Src/main.c.obj
 .text.MX_GPIO_Init
                0x080007a8      0x15c CMakeFiles/cubesat_dev.dir/Core/Src/main.c.obj
 .text.Error_Handler
                0x08000904        0xc CMakeFiles/cubesat_dev.dir/Core/Src/main.c.obj
                0x08000904                Error_Handler
 .text.NMI_Handler
                0x08000910        0x8 CMakeFiles/cubesat_dev.dir/Core/Src/stm32f4xx_it.c.obj
                0x08000910                NMI_Handler
 .text.HardFault_Handler
                0x08000918        0x8 CMakeFiles/cubesat_dev.dir/Core/Src/stm32f4xx_it.c.obj
                0x08000918                HardFault_Handler
 .text.MemManage_Handler
                0x08000920        0x8 CMakeFiles/cubesat_dev.dir/Core/Src/stm32f4xx_it.c.obj
                0x08000920                MemManage_Handler
 .text.BusFault_Handler
                0x08000928        0x8 CMakeFiles/cubesat_dev.dir/Core/Src/stm32f4xx_it.c.obj
                0x08000928                BusFault_Handler
 .text.UsageFault_Handler
                0x08000930        0x8 CMakeFiles/cubesat_dev.dir/Core/Src/stm32f4xx_it.c.obj
                0x08000930                UsageFault_Handler
 .text.SVC_Handler
                0x08000938        0xe CMakeFiles/cubesat_dev.dir/Core/Src/stm32f4xx_it.c.obj
                0x08000938                SVC_Handler
 .text.DebugMon_Handler
                0x08000946        0xe CMakeFiles/cubesat_dev.dir/Core/Src/stm32f4xx_it.c.obj
                0x08000946                DebugMon_Handler
 .text.PendSV_Handler
                0x08000954        0xe CMakeFiles/cubesat_dev.dir/Core/Src/stm32f4xx_it.c.obj
                0x08000954                PendSV_Handler
 .text.SysTick_Handler
                0x08000962        0xc CMakeFiles/cubesat_dev.dir/Core/Src/stm32f4xx_it.c.obj
                0x08000962                SysTick_Handler
 *fill*         0x0800096e        0x2 
 .text.UART4_IRQHandler
                0x08000970       0x14 CMakeFiles/cubesat_dev.dir/Core/Src/stm32f4xx_it.c.obj
                0x08000970                UART4_IRQHandler
 .text.HAL_MspInit
                0x08000984       0x50 CMakeFiles/cubesat_dev.dir/Core/Src/stm32f4xx_hal_msp.c.obj
                0x08000984                HAL_MspInit
 .text.HAL_I2C_MspInit
                0x080009d4       0x90 CMakeFiles/cubesat_dev.dir/Core/Src/stm32f4xx_hal_msp.c.obj
                0x080009d4                HAL_I2C_MspInit
 .text.HAL_UART_MspInit
                0x08000a64      0x10c CMakeFiles/cubesat_dev.dir/Core/Src/stm32f4xx_hal_msp.c.obj
                0x08000a64                HAL_UART_MspInit
 .text.HAL_PCD_MspInit
                0x08000b70       0xe0 CMakeFiles/cubesat_dev.dir/Core/Src/stm32f4xx_hal_msp.c.obj
                0x08000b70                HAL_PCD_MspInit
 .text.HAL_I2C_Init
                0x08000c50      0x288 CMakeFiles/cubesat_dev.dir/Drivers/STM32F4xx_HAL_Driver/Src/stm32f4xx_hal_i2c.c.obj
                0x08000c50                HAL_I2C_Init
 .text.HAL_RCC_ClockConfig
                0x08000ed8      0x1cc CMakeFiles/cubesat_dev.dir/Drivers/STM32F4xx_HAL_Driver/Src/stm32f4xx_hal_rcc.c.obj
                0x08000ed8                HAL_RCC_ClockConfig
 .text.HAL_RCC_GetHCLKFreq
                0x080010a4       0x18 CMakeFiles/cubesat_dev.dir/Drivers/STM32F4xx_HAL_Driver/Src/stm32f4xx_hal_rcc.c.obj
                0x080010a4                HAL_RCC_GetHCLKFreq
 .text.HAL_RCC_GetPCLK1Freq
                0x080010bc       0x28 CMakeFiles/cubesat_dev.dir/Drivers/STM32F4xx_HAL_Driver/Src/stm32f4xx_hal_rcc.c.obj
                0x080010bc                HAL_RCC_GetPCLK1Freq
 .text.HAL_RCC_GetPCLK2Freq
                0x080010e4       0x28 CMakeFiles/cubesat_dev.dir/Drivers/STM32F4xx_HAL_Driver/Src/stm32f4xx_hal_rcc.c.obj
                0x080010e4                HAL_RCC_GetPCLK2Freq
 .text.HAL_RCCEx_PeriphCLKConfig
                0x0800110c      0x654 CMakeFiles/cubesat_dev.dir/Drivers/STM32F4xx_HAL_Driver/Src/stm32f4xx_hal_rcc_ex.c.obj
                0x0800110c                HAL_RCCEx_PeriphCLKConfig
 .text.HAL_RCC_GetSysClockFreq
                0x08001760      0x460 CMakeFiles/cubesat_dev.dir/Drivers/STM32F4xx_HAL_Driver/Src/stm32f4xx_hal_rcc_ex.c.obj
                0x08001760                HAL_RCC_GetSysClockFreq
 .text.HAL_RCC_OscConfig
                0x08001bc0      0x53c CMakeFiles/cubesat_dev.dir/Drivers/STM32F4xx_HAL_Driver/Src/stm32f4xx_hal_rcc_ex.c.obj
                0x08001bc0                HAL_RCC_OscConfig
 .text.HAL_GPIO_Init
                0x080020fc      0x328 CMakeFiles/cubesat_dev.dir/Drivers/STM32F4xx_HAL_Driver/Src/stm32f4xx_hal_gpio.c.obj
                0x080020fc                HAL_GPIO_Init
 .text.HAL_GPIO_WritePin
                0x08002424       0x32 CMakeFiles/cubesat_dev.dir/Drivers/STM32F4xx_HAL_Driver/Src/stm32f4xx_hal_gpio.c.obj
                0x08002424                HAL_GPIO_WritePin
 .text.HAL_DMA_Abort
                0x08002456       0xe0 CMakeFiles/cubesat_dev.dir/Drivers/STM32F4xx_HAL_Driver/Src/stm32f4xx_hal_dma.c.obj
                0x08002456                HAL_DMA_Abort
 .text.HAL_DMA_Abort_IT
                0x08002536       0x44 CMakeFiles/cubesat_dev.dir/Drivers/STM32F4xx_HAL_Driver/Src/stm32f4xx_hal_dma.c.obj
                0x08002536                HAL_DMA_Abort_IT
 *fill*         0x0800257a        0x2 
 .text.__NVIC_SetPriorityGrouping
                0x0800257c       0x48 CMakeFiles/cubesat_dev.dir/Drivers/STM32F4xx_HAL_Driver/Src/stm32f4xx_hal_cortex.c.obj
 .text.__NVIC_GetPriorityGrouping
                0x080025c4       0x1c CMakeFiles/cubesat_dev.dir/Drivers/STM32F4xx_HAL_Driver/Src/stm32f4xx_hal_cortex.c.obj
 .text.__NVIC_EnableIRQ
                0x080025e0       0x3c CMakeFiles/cubesat_dev.dir/Drivers/STM32F4xx_HAL_Driver/Src/stm32f4xx_hal_cortex.c.obj
 .text.__NVIC_SetPriority
                0x0800261c       0x54 CMakeFiles/cubesat_dev.dir/Drivers/STM32F4xx_HAL_Driver/Src/stm32f4xx_hal_cortex.c.obj
 .text.NVIC_EncodePriority
                0x08002670       0x66 CMakeFiles/cubesat_dev.dir/Drivers/STM32F4xx_HAL_Driver/Src/stm32f4xx_hal_cortex.c.obj
 *fill*         0x080026d6        0x2 
 .text.SysTick_Config
                0x080026d8       0x44 CMakeFiles/cubesat_dev.dir/Drivers/STM32F4xx_HAL_Driver/Src/stm32f4xx_hal_cortex.c.obj
 .text.HAL_NVIC_SetPriorityGrouping
                0x0800271c       0x16 CMakeFiles/cubesat_dev.dir/Drivers/STM32F4xx_HAL_Driver/Src/stm32f4xx_hal_cortex.c.obj
                0x0800271c                HAL_NVIC_SetPriorityGrouping
 .text.HAL_NVIC_SetPriority
                0x08002732       0x38 CMakeFiles/cubesat_dev.dir/Drivers/STM32F4xx_HAL_Driver/Src/stm32f4xx_hal_cortex.c.obj
                0x08002732                HAL_NVIC_SetPriority
 .text.HAL_NVIC_EnableIRQ
                0x0800276a       0x1c CMakeFiles/cubesat_dev.dir/Drivers/STM32F4xx_HAL_Driver/Src/stm32f4xx_hal_cortex.c.obj
                0x0800276a                HAL_NVIC_EnableIRQ
 .text.HAL_SYSTICK_Config
                0x08002786       0x18 CMakeFiles/cubesat_dev.dir/Drivers/STM32F4xx_HAL_Driver/Src/stm32f4xx_hal_cortex.c.obj
                0x08002786                HAL_SYSTICK_Config
 *fill*         0x0800279e        0x2 
 .text.HAL_Init
                0x080027a0       0x44 CMakeFiles/cubesat_dev.dir/Drivers/STM32F4xx_HAL_Driver/Src/stm32f4xx_hal.c.obj
                0x080027a0                HAL_Init
 .text.HAL_InitTick
                0x080027e4       0x60 CMakeFiles/cubesat_dev.dir/Drivers/STM32F4xx_HAL_Driver/Src/stm32f4xx_hal.c.obj
                0x080027e4                HAL_InitTick
 .text.HAL_IncTick
                0x08002844       0x28 CMakeFiles/cubesat_dev.dir/Drivers/STM32F4xx_HAL_Driver/Src/stm32f4xx_hal.c.obj
                0x08002844                HAL_IncTick
 .text.HAL_GetTick
                0x0800286c       0x18 CMakeFiles/cubesat_dev.dir/Drivers/STM32F4xx_HAL_Driver/Src/stm32f4xx_hal.c.obj
                0x0800286c                HAL_GetTick
 .text.HAL_Delay
                0x08002884       0x48 CMakeFiles/cubesat_dev.dir/Drivers/STM32F4xx_HAL_Driver/Src/stm32f4xx_hal.c.obj
                0x08002884                HAL_Delay
 .text.HAL_UART_Init
                0x080028cc       0xa0 CMakeFiles/cubesat_dev.dir/Drivers/STM32F4xx_HAL_Driver/Src/stm32f4xx_hal_uart.c.obj
                0x080028cc                HAL_UART_Init
 .text.HAL_UART_IRQHandler
                0x0800296c      0x524 CMakeFiles/cubesat_dev.dir/Drivers/STM32F4xx_HAL_Driver/Src/stm32f4xx_hal_uart.c.obj
                0x0800296c                HAL_UART_IRQHandler
 .text.HAL_UART_TxCpltCallback
                0x08002e90       0x14 CMakeFiles/cubesat_dev.dir/Drivers/STM32F4xx_HAL_Driver/Src/stm32f4xx_hal_uart.c.obj
                0x08002e90                HAL_UART_TxCpltCallback
 .text.HAL_UART_RxCpltCallback
                0x08002ea4       0x14 CMakeFiles/cubesat_dev.dir/Drivers/STM32F4xx_HAL_Driver/Src/stm32f4xx_hal_uart.c.obj
                0x08002ea4                HAL_UART_RxCpltCallback
 .text.HAL_UART_ErrorCallback
                0x08002eb8       0x14 CMakeFiles/cubesat_dev.dir/Drivers/STM32F4xx_HAL_Driver/Src/stm32f4xx_hal_uart.c.obj
                0x08002eb8                HAL_UART_ErrorCallback
 .text.HAL_UARTEx_RxEventCallback
                0x08002ecc       0x18 CMakeFiles/cubesat_dev.dir/Drivers/STM32F4xx_HAL_Driver/Src/stm32f4xx_hal_uart.c.obj
                0x08002ecc                HAL_UARTEx_RxEventCallback
 .text.UART_EndRxTransfer
                0x08002ee4       0xc6 CMakeFiles/cubesat_dev.dir/Drivers/STM32F4xx_HAL_Driver/Src/stm32f4xx_hal_uart.c.obj
 .text.UART_DMAAbortOnError
                0x08002faa       0x28 CMakeFiles/cubesat_dev.dir/Drivers/STM32F4xx_HAL_Driver/Src/stm32f4xx_hal_uart.c.obj
 .text.UART_Transmit_IT
                0x08002fd2       0xa0 CMakeFiles/cubesat_dev.dir/Drivers/STM32F4xx_HAL_Driver/Src/stm32f4xx_hal_uart.c.obj
 .text.UART_EndTransmit_IT
                0x08003072       0x30 CMakeFiles/cubesat_dev.dir/Drivers/STM32F4xx_HAL_Driver/Src/stm32f4xx_hal_uart.c.obj
 .text.UART_Receive_IT
                0x080030a2      0x17c CMakeFiles/cubesat_dev.dir/Drivers/STM32F4xx_HAL_Driver/Src/stm32f4xx_hal_uart.c.obj
 *fill*         0x0800321e        0x2 
 .text.UART_SetConfig
                0x08003220      0x4e8 CMakeFiles/cubesat_dev.dir/Drivers/STM32F4xx_HAL_Driver/Src/stm32f4xx_hal_uart.c.obj
 .text.HAL_PCD_Init
                0x08003708      0x22c CMakeFiles/cubesat_dev.dir/Drivers/STM32F4xx_HAL_Driver/Src/stm32f4xx_hal_pcd.c.obj
                0x08003708                HAL_PCD_Init
 .text.HAL_PCDEx_ActivateLPM
                0x08003934       0x48 CMakeFiles/cubesat_dev.dir/Drivers/STM32F4xx_HAL_Driver/Src/stm32f4xx_hal_pcd_ex.c.obj
                0x08003934                HAL_PCDEx_ActivateLPM
 .text.USB_CoreInit
                0x0800397c       0xc8 CMakeFiles/cubesat_dev.dir/Drivers/STM32F4xx_HAL_Driver/Src/stm32f4xx_ll_usb.c.obj
                0x0800397c                USB_CoreInit
 .text.USB_DisableGlobalInt
                0x08003a44       0x22 CMakeFiles/cubesat_dev.dir/Drivers/STM32F4xx_HAL_Driver/Src/stm32f4xx_ll_usb.c.obj
                0x08003a44                USB_DisableGlobalInt
 .text.USB_SetCurrentMode
                0x08003a66       0x98 CMakeFiles/cubesat_dev.dir/Drivers/STM32F4xx_HAL_Driver/Src/stm32f4xx_ll_usb.c.obj
                0x08003a66                USB_SetCurrentMode
 *fill*         0x08003afe        0x2 
 .text.USB_DevInit
                0x08003b00      0x2bc CMakeFiles/cubesat_dev.dir/Drivers/STM32F4xx_HAL_Driver/Src/stm32f4xx_ll_usb.c.obj
                0x08003b00                USB_DevInit
 .text.USB_FlushTxFifo
                0x08003dbc       0x64 CMakeFiles/cubesat_dev.dir/Drivers/STM32F4xx_HAL_Driver/Src/stm32f4xx_ll_usb.c.obj
                0x08003dbc                USB_FlushTxFifo
 .text.USB_FlushRxFifo
                0x08003e20       0x5c CMakeFiles/cubesat_dev.dir/Drivers/STM32F4xx_HAL_Driver/Src/stm32f4xx_ll_usb.c.obj
                0x08003e20                USB_FlushRxFifo
 .text.USB_SetDevSpeed
                0x08003e7c       0x32 CMakeFiles/cubesat_dev.dir/Drivers/STM32F4xx_HAL_Driver/Src/stm32f4xx_ll_usb.c.obj
                0x08003e7c                USB_SetDevSpeed
 .text.USB_DevDisconnect
                0x08003eae       0x42 CMakeFiles/cubesat_dev.dir/Drivers/STM32F4xx_HAL_Driver/Src/stm32f4xx_ll_usb.c.obj
                0x08003eae                USB_DevDisconnect
 .text.USB_GetMode
                0x08003ef0       0x1c CMakeFiles/cubesat_dev.dir/Drivers/STM32F4xx_HAL_Driver/Src/stm32f4xx_ll_usb.c.obj
                0x08003ef0                USB_GetMode
 .text.USB_CoreReset
                0x08003f0c       0x62 CMakeFiles/cubesat_dev.dir/Drivers/STM32F4xx_HAL_Driver/Src/stm32f4xx_ll_usb.c.obj
 *fill*         0x08003f6e        0x2 
 .text.SystemInit
                0x08003f70       0x24 CMakeFiles/cubesat_dev.dir/Core/Src/system_stm32f4xx.c.obj
                0x08003f70                SystemInit
 .text.Reset_Handler
                0x08003f94       0x50 CMakeFiles/cubesat_dev.dir/startup_stm32f446xx.s.obj
                0x08003f94                Reset_Handler
 .text.Default_Handler
                0x08003fe4        0x2 CMakeFiles/cubesat_dev.dir/startup_stm32f446xx.s.obj
                0x08003fe4                DMA1_Stream3_IRQHandler
                0x08003fe4                EXTI2_IRQHandler
                0x08003fe4                TIM8_CC_IRQHandler
                0x08003fe4                FMPI2C1_EV_IRQHandler
                0x08003fe4                SPI4_IRQHandler
                0x08003fe4                TIM1_CC_IRQHandler
                0x08003fe4                DMA2_Stream5_IRQHandler
                0x08003fe4                DMA1_Stream5_IRQHandler
                0x08003fe4                PVD_IRQHandler
                0x08003fe4                SDIO_IRQHandler
                0x08003fe4                TAMP_STAMP_IRQHandler
                0x08003fe4                CAN2_RX1_IRQHandler
                0x08003fe4                EXTI3_IRQHandler
                0x08003fe4                TIM8_TRG_COM_TIM14_IRQHandler
                0x08003fe4                TIM1_UP_TIM10_IRQHandler
                0x08003fe4                TIM8_UP_TIM13_IRQHandler
                0x08003fe4                I2C3_ER_IRQHandler
                0x08003fe4                EXTI0_IRQHandler
                0x08003fe4                I2C2_EV_IRQHandler
                0x08003fe4                DMA1_Stream2_IRQHandler
                0x08003fe4                CAN1_RX0_IRQHandler
                0x08003fe4                FPU_IRQHandler
                0x08003fe4                OTG_HS_WKUP_IRQHandler
                0x08003fe4                CAN2_SCE_IRQHandler
                0x08003fe4                DMA2_Stream2_IRQHandler
                0x08003fe4                SPI1_IRQHandler
                0x08003fe4                TIM6_DAC_IRQHandler
                0x08003fe4                TIM1_BRK_TIM9_IRQHandler
                0x08003fe4                DCMI_IRQHandler
                0x08003fe4                CAN2_RX0_IRQHandler
                0x08003fe4                DMA2_Stream3_IRQHandler
                0x08003fe4                SAI2_IRQHandler
                0x08003fe4                USART6_IRQHandler
                0x08003fe4                USART3_IRQHandler
                0x08003fe4                CAN1_RX1_IRQHandler
                0x08003fe4                UART5_IRQHandler
                0x08003fe4                DMA2_Stream0_IRQHandler
                0x08003fe4                TIM4_IRQHandler
                0x08003fe4                QUADSPI_IRQHandler
                0x08003fe4                I2C1_EV_IRQHandler
                0x08003fe4                DMA1_Stream6_IRQHandler
                0x08003fe4                DMA1_Stream1_IRQHandler
                0x08003fe4                TIM3_IRQHandler
                0x08003fe4                RCC_IRQHandler
                0x08003fe4                TIM8_BRK_TIM12_IRQHandler
                0x08003fe4                Default_Handler
                0x08003fe4                CEC_IRQHandler
                0x08003fe4                EXTI15_10_IRQHandler
                0x08003fe4                ADC_IRQHandler
                0x08003fe4                DMA1_Stream7_IRQHandler
                0x08003fe4                TIM7_IRQHandler
                0x08003fe4                CAN2_TX_IRQHandler
                0x08003fe4                TIM5_IRQHandler
                0x08003fe4                DMA2_Stream7_IRQHandler
                0x08003fe4                I2C3_EV_IRQHandler
                0x08003fe4                EXTI9_5_IRQHandler
                0x08003fe4                RTC_WKUP_IRQHandler
                0x08003fe4                SPDIF_RX_IRQHandler
                0x08003fe4                SPI2_IRQHandler
                0x08003fe4                OTG_HS_EP1_IN_IRQHandler
                0x08003fe4                DMA1_Stream0_IRQHandler
                0x08003fe4                CAN1_TX_IRQHandler
                0x08003fe4                FMPI2C1_ER_IRQHandler
                0x08003fe4                EXTI4_IRQHandler
                0x08003fe4                OTG_HS_EP1_OUT_IRQHandler
                0x08003fe4                WWDG_IRQHandler
                0x08003fe4                TIM2_IRQHandler
                0x08003fe4                OTG_FS_WKUP_IRQHandler
                0x08003fe4                TIM1_TRG_COM_TIM11_IRQHandler
                0x08003fe4                OTG_HS_IRQHandler
                0x08003fe4                EXTI1_IRQHandler
                0x08003fe4                USART2_IRQHandler
                0x08003fe4                I2C2_ER_IRQHandler
                0x08003fe4                DMA2_Stream1_IRQHandler
                0x08003fe4                CAN1_SCE_IRQHandler
                0x08003fe4                FLASH_IRQHandler
                0x08003fe4                DMA2_Stream4_IRQHandler
                0x08003fe4                USART1_IRQHandler
                0x08003fe4                OTG_FS_IRQHandler
                0x08003fe4                SPI3_IRQHandler
                0x08003fe4                DMA1_Stream4_IRQHandler
                0x08003fe4                I2C1_ER_IRQHandler
                0x08003fe4                FMC_IRQHandler
                0x08003fe4                DMA2_Stream6_IRQHandler
                0x08003fe4                SAI1_IRQHandler
                0x08003fe4                RTC_Alarm_IRQHandler
 *(.glue_7)
 .glue_7        0x08003fe6        0x0 linker stubs
 *(.glue_7t)
 .glue_7t       0x08003fe6        0x0 linker stubs
 *(.eh_frame)
 *fill*         0x08003fe6        0x2 
 .eh_frame      0x08003fe8        0x0 /opt/ST/STM32CubeCLT_1.15.0/GNU-tools-for-STM32/bin/../lib/gcc/arm-none-eabi/12.3.1/thumb/v7e-m+fp/hard/crtbegin.o
 *(.init)
 .init          0x08003fe8        0x4 /opt/ST/STM32CubeCLT_1.15.0/GNU-tools-for-STM32/bin/../lib/gcc/arm-none-eabi/12.3.1/thumb/v7e-m+fp/hard/crti.o
                0x08003fe8                _init
 .init          0x08003fec        0x8 /opt/ST/STM32CubeCLT_1.15.0/GNU-tools-for-STM32/bin/../lib/gcc/arm-none-eabi/12.3.1/thumb/v7e-m+fp/hard/crtn.o
 *(.fini)
 .fini          0x08003ff4        0x4 /opt/ST/STM32CubeCLT_1.15.0/GNU-tools-for-STM32/bin/../lib/gcc/arm-none-eabi/12.3.1/thumb/v7e-m+fp/hard/crti.o
                0x08003ff4                _fini
 .fini          0x08003ff8        0x8 /opt/ST/STM32CubeCLT_1.15.0/GNU-tools-for-STM32/bin/../lib/gcc/arm-none-eabi/12.3.1/thumb/v7e-m+fp/hard/crtn.o
                0x08004000                        . = ALIGN (0x4)
                0x08004000                        _etext = .

.vfp11_veneer   0x08004000        0x0
 .vfp11_veneer  0x08004000        0x0 linker stubs

.v4_bx          0x08004000        0x0
 .v4_bx         0x08004000        0x0 linker stubs

.iplt           0x08004000        0x0
 .iplt          0x08004000        0x0 /opt/ST/STM32CubeCLT_1.15.0/GNU-tools-for-STM32/bin/../lib/gcc/arm-none-eabi/12.3.1/thumb/v7e-m+fp/hard/crtbegin.o

.rodata         0x08004000       0x18
                0x08004000                        . = ALIGN (0x4)
 *(.rodata)
 *(.rodata*)
 .rodata.AHBPrescTable
                0x08004000       0x10 CMakeFiles/cubesat_dev.dir/Core/Src/system_stm32f4xx.c.obj
                0x08004000                AHBPrescTable
 .rodata.APBPrescTable
                0x08004010        0x8 CMakeFiles/cubesat_dev.dir/Core/Src/system_stm32f4xx.c.obj
                0x08004010                APBPrescTable
                0x08004018                        . = ALIGN (0x4)

.ARM.extab
 *(.ARM.extab* .gnu.linkonce.armextab.*)

.ARM            0x08004018        0x8
                0x08004018                        __exidx_start = .
 *(.ARM.exidx*)
 .ARM.exidx     0x08004018        0x8 /opt/ST/STM32CubeCLT_1.15.0/GNU-tools-for-STM32/bin/../lib/gcc/arm-none-eabi/12.3.1/thumb/v7e-m+fp/hard/libgcc.a(_udivmoddi4.o)
                0x08004020                        __exidx_end = .

.rel.dyn        0x08004020        0x0
 .rel.iplt      0x08004020        0x0 /opt/ST/STM32CubeCLT_1.15.0/GNU-tools-for-STM32/bin/../lib/gcc/arm-none-eabi/12.3.1/thumb/v7e-m+fp/hard/crtbegin.o

.preinit_array  0x08004020        0x0
                0x08004020                        PROVIDE (__preinit_array_start = .)
 *(.preinit_array*)
                0x08004020                        PROVIDE (__preinit_array_end = .)

.init_array     0x08004020        0x4
                0x08004020                        PROVIDE (__init_array_start = .)
 *(SORT_BY_NAME(.init_array.*))
 *(.init_array*)
 .init_array    0x08004020        0x4 /opt/ST/STM32CubeCLT_1.15.0/GNU-tools-for-STM32/bin/../lib/gcc/arm-none-eabi/12.3.1/thumb/v7e-m+fp/hard/crtbegin.o
                0x08004024                        PROVIDE (__init_array_end = .)

.fini_array     0x08004024        0x4
                [!provide]                        PROVIDE (__fini_array_start = .)
 *(SORT_BY_NAME(.fini_array.*))
 *(.fini_array*)
 .fini_array    0x08004024        0x4 /opt/ST/STM32CubeCLT_1.15.0/GNU-tools-for-STM32/bin/../lib/gcc/arm-none-eabi/12.3.1/thumb/v7e-m+fp/hard/crtbegin.o
                [!provide]                        PROVIDE (__fini_array_end = .)
                0x08004028                        _sidata = LOADADDR (.data)

.data           0x20000000        0xc load address 0x08004028
                0x20000000                        . = ALIGN (0x4)
                0x20000000                        _sdata = .
 *(.data)
 *(.data*)
 .data.uwTickPrio
                0x20000000        0x4 CMakeFiles/cubesat_dev.dir/Drivers/STM32F4xx_HAL_Driver/Src/stm32f4xx_hal.c.obj
                0x20000000                uwTickPrio
 .data.uwTickFreq
                0x20000004        0x1 CMakeFiles/cubesat_dev.dir/Drivers/STM32F4xx_HAL_Driver/Src/stm32f4xx_hal.c.obj
                0x20000004                uwTickFreq
 *fill*         0x20000005        0x3 
 .data.SystemCoreClock
                0x20000008        0x4 CMakeFiles/cubesat_dev.dir/Core/Src/system_stm32f4xx.c.obj
                0x20000008                SystemCoreClock
                0x2000000c                        . = ALIGN (0x4)
                0x2000000c                        _edata = .

.igot.plt       0x2000000c        0x0 load address 0x08004034
 .igot.plt      0x2000000c        0x0 /opt/ST/STM32CubeCLT_1.15.0/GNU-tools-for-STM32/bin/../lib/gcc/arm-none-eabi/12.3.1/thumb/v7e-m+fp/hard/crtbegin.o
                0x2000000c                        . = ALIGN (0x4)

.bss            0x2000000c      0x5e8 load address 0x08004034
                0x2000000c                        _sbss = .
                0x2000000c                        __bss_start__ = _sbss
 *(.bss)
 .bss           0x2000000c       0x1c /opt/ST/STM32CubeCLT_1.15.0/GNU-tools-for-STM32/bin/../lib/gcc/arm-none-eabi/12.3.1/thumb/v7e-m+fp/hard/crtbegin.o
 *(.bss*)
 .bss.hi2c1     0x20000028       0x54 CMakeFiles/cubesat_dev.dir/Core/Src/main.c.obj
                0x20000028                hi2c1
 .bss.huart4    0x2000007c       0x48 CMakeFiles/cubesat_dev.dir/Core/Src/main.c.obj
                0x2000007c                huart4
 .bss.huart3    0x200000c4       0x48 CMakeFiles/cubesat_dev.dir/Core/Src/main.c.obj
                0x200000c4                huart3
 .bss.hpcd_USB_OTG_FS
                0x2000010c      0x4e4 CMakeFiles/cubesat_dev.dir/Core/Src/main.c.obj
                0x2000010c                hpcd_USB_OTG_FS
 .bss.uwTick    0x200005f0        0x4 CMakeFiles/cubesat_dev.dir/Drivers/STM32F4xx_HAL_Driver/Src/stm32f4xx_hal.c.obj
                0x200005f0                uwTick
 *(COMMON)
                0x200005f4                        . = ALIGN (0x4)
                0x200005f4                        _ebss = .
                0x200005f4                        __bss_end__ = _ebss

._user_heap_stack
                0x200005f4      0x604 load address 0x08004034
                0x200005f8                        . = ALIGN (0x8)
 *fill*         0x200005f4        0x4 
                [!provide]                        PROVIDE (end = .)
                0x200005f8                        PROVIDE (_end = .)
                0x200007f8                        . = (. + _Min_Heap_Size)
 *fill*         0x200005f8      0x200 
                0x20000bf8                        . = (. + _Min_Stack_Size)
 *fill*         0x200007f8      0x400 
                0x20000bf8                        . = ALIGN (0x8)

/DISCARD/
 libc.a(*)
 libm.a(*)
 libgcc.a(*)
OUTPUT(cubesat_dev.elf elf32-littlearm)
LOAD linker stubs
LOAD /opt/ST/STM32CubeCLT_1.15.0/GNU-tools-for-STM32/bin/../lib/gcc/arm-none-eabi/12.3.1/../../../../arm-none-eabi/lib/thumb/v7e-m+fp/hard/libc.a
LOAD /opt/ST/STM32CubeCLT_1.15.0/GNU-tools-for-STM32/bin/../lib/gcc/arm-none-eabi/12.3.1/../../../../arm-none-eabi/lib/thumb/v7e-m+fp/hard/libm.a
LOAD /opt/ST/STM32CubeCLT_1.15.0/GNU-tools-for-STM32/bin/../lib/gcc/arm-none-eabi/12.3.1/thumb/v7e-m+fp/hard/libgcc.a

.ARM.attributes
                0x00000000       0x30
 .ARM.attributes
                0x00000000       0x22 /opt/ST/STM32CubeCLT_1.15.0/GNU-tools-for-STM32/bin/../lib/gcc/arm-none-eabi/12.3.1/thumb/v7e-m+fp/hard/crti.o
 .ARM.attributes
                0x00000022       0x34 /opt/ST/STM32CubeCLT_1.15.0/GNU-tools-for-STM32/bin/../lib/gcc/arm-none-eabi/12.3.1/thumb/v7e-m+fp/hard/crtbegin.o
 .ARM.attributes
                0x00000056       0x34 /opt/ST/STM32CubeCLT_1.15.0/GNU-tools-for-STM32/bin/../lib/gcc/arm-none-eabi/12.3.1/../../../../arm-none-eabi/lib/thumb/v7e-m+fp/hard/libc_nano.a(libc_a-memset.o)
 .ARM.attributes
                0x0000008a       0x34 /opt/ST/STM32CubeCLT_1.15.0/GNU-tools-for-STM32/bin/../lib/gcc/arm-none-eabi/12.3.1/../../../../arm-none-eabi/lib/thumb/v7e-m+fp/hard/libc_nano.a(libc_a-init.o)
 .ARM.attributes
                0x000000be       0x34 CMakeFiles/cubesat_dev.dir/Core/Src/main.c.obj
 .ARM.attributes
                0x000000f2       0x34 CMakeFiles/cubesat_dev.dir/Core/Src/stm32f4xx_it.c.obj
 .ARM.attributes
                0x00000126       0x34 CMakeFiles/cubesat_dev.dir/Core/Src/stm32f4xx_hal_msp.c.obj
 .ARM.attributes
                0x0000015a       0x34 CMakeFiles/cubesat_dev.dir/Drivers/STM32F4xx_HAL_Driver/Src/stm32f4xx_hal_i2c.c.obj
 .ARM.attributes
                0x0000018e       0x34 CMakeFiles/cubesat_dev.dir/Drivers/STM32F4xx_HAL_Driver/Src/stm32f4xx_hal_rcc.c.obj
 .ARM.attributes
                0x000001c2       0x34 CMakeFiles/cubesat_dev.dir/Drivers/STM32F4xx_HAL_Driver/Src/stm32f4xx_hal_rcc_ex.c.obj
 .ARM.attributes
                0x000001f6       0x34 CMakeFiles/cubesat_dev.dir/Drivers/STM32F4xx_HAL_Driver/Src/stm32f4xx_hal_gpio.c.obj
 .ARM.attributes
                0x0000022a       0x34 CMakeFiles/cubesat_dev.dir/Drivers/STM32F4xx_HAL_Driver/Src/stm32f4xx_hal_dma.c.obj
 .ARM.attributes
                0x0000025e       0x34 CMakeFiles/cubesat_dev.dir/Drivers/STM32F4xx_HAL_Driver/Src/stm32f4xx_hal_cortex.c.obj
 .ARM.attributes
                0x00000292       0x34 CMakeFiles/cubesat_dev.dir/Drivers/STM32F4xx_HAL_Driver/Src/stm32f4xx_hal.c.obj
 .ARM.attributes
                0x000002c6       0x34 CMakeFiles/cubesat_dev.dir/Drivers/STM32F4xx_HAL_Driver/Src/stm32f4xx_hal_uart.c.obj
 .ARM.attributes
                0x000002fa       0x34 CMakeFiles/cubesat_dev.dir/Drivers/STM32F4xx_HAL_Driver/Src/stm32f4xx_hal_pcd.c.obj
 .ARM.attributes
                0x0000032e       0x34 CMakeFiles/cubesat_dev.dir/Drivers/STM32F4xx_HAL_Driver/Src/stm32f4xx_hal_pcd_ex.c.obj
 .ARM.attributes
                0x00000362       0x34 CMakeFiles/cubesat_dev.dir/Drivers/STM32F4xx_HAL_Driver/Src/stm32f4xx_ll_usb.c.obj
 .ARM.attributes
                0x00000396       0x34 CMakeFiles/cubesat_dev.dir/Core/Src/system_stm32f4xx.c.obj
 .ARM.attributes
                0x000003ca       0x21 CMakeFiles/cubesat_dev.dir/startup_stm32f446xx.s.obj
 .ARM.attributes
                0x000003eb       0x22 /opt/ST/STM32CubeCLT_1.15.0/GNU-tools-for-STM32/bin/../lib/gcc/arm-none-eabi/12.3.1/thumb/v7e-m+fp/hard/libgcc.a(_aeabi_uldivmod.o)
 .ARM.attributes
                0x0000040d       0x34 /opt/ST/STM32CubeCLT_1.15.0/GNU-tools-for-STM32/bin/../lib/gcc/arm-none-eabi/12.3.1/thumb/v7e-m+fp/hard/libgcc.a(_udivmoddi4.o)
 .ARM.attributes
                0x00000441       0x22 /opt/ST/STM32CubeCLT_1.15.0/GNU-tools-for-STM32/bin/../lib/gcc/arm-none-eabi/12.3.1/thumb/v7e-m+fp/hard/libgcc.a(_dvmd_tls.o)
 .ARM.attributes
                0x00000463       0x22 /opt/ST/STM32CubeCLT_1.15.0/GNU-tools-for-STM32/bin/../lib/gcc/arm-none-eabi/12.3.1/thumb/v7e-m+fp/hard/crtn.o

.comment        0x00000000       0x43
 .comment       0x00000000       0x43 CMakeFiles/cubesat_dev.dir/Core/Src/main.c.obj
                                 0x44 (size before relaxing)
 .comment       0x00000043       0x44 CMakeFiles/cubesat_dev.dir/Core/Src/stm32f4xx_it.c.obj
 .comment       0x00000043       0x44 CMakeFiles/cubesat_dev.dir/Core/Src/stm32f4xx_hal_msp.c.obj
 .comment       0x00000043       0x44 CMakeFiles/cubesat_dev.dir/Drivers/STM32F4xx_HAL_Driver/Src/stm32f4xx_hal_i2c.c.obj
 .comment       0x00000043       0x44 CMakeFiles/cubesat_dev.dir/Drivers/STM32F4xx_HAL_Driver/Src/stm32f4xx_hal_rcc.c.obj
 .comment       0x00000043       0x44 CMakeFiles/cubesat_dev.dir/Drivers/STM32F4xx_HAL_Driver/Src/stm32f4xx_hal_rcc_ex.c.obj
 .comment       0x00000043       0x44 CMakeFiles/cubesat_dev.dir/Drivers/STM32F4xx_HAL_Driver/Src/stm32f4xx_hal_gpio.c.obj
 .comment       0x00000043       0x44 CMakeFiles/cubesat_dev.dir/Drivers/STM32F4xx_HAL_Driver/Src/stm32f4xx_hal_dma.c.obj
 .comment       0x00000043       0x44 CMakeFiles/cubesat_dev.dir/Drivers/STM32F4xx_HAL_Driver/Src/stm32f4xx_hal_cortex.c.obj
 .comment       0x00000043       0x44 CMakeFiles/cubesat_dev.dir/Drivers/STM32F4xx_HAL_Driver/Src/stm32f4xx_hal.c.obj
 .comment       0x00000043       0x44 CMakeFiles/cubesat_dev.dir/Drivers/STM32F4xx_HAL_Driver/Src/stm32f4xx_hal_uart.c.obj
 .comment       0x00000043       0x44 CMakeFiles/cubesat_dev.dir/Drivers/STM32F4xx_HAL_Driver/Src/stm32f4xx_hal_pcd.c.obj
 .comment       0x00000043       0x44 CMakeFiles/cubesat_dev.dir/Drivers/STM32F4xx_HAL_Driver/Src/stm32f4xx_hal_pcd_ex.c.obj
 .comment       0x00000043       0x44 CMakeFiles/cubesat_dev.dir/Drivers/STM32F4xx_HAL_Driver/Src/stm32f4xx_ll_usb.c.obj
 .comment       0x00000043       0x44 CMakeFiles/cubesat_dev.dir/Core/Src/system_stm32f4xx.c.obj

.debug_frame    0x00000000     0x3878
 .debug_frame   0x00000000       0x20 /opt/ST/STM32CubeCLT_1.15.0/GNU-tools-for-STM32/bin/../lib/gcc/arm-none-eabi/12.3.1/../../../../arm-none-eabi/lib/thumb/v7e-m+fp/hard/libc_nano.a(libc_a-memset.o)
 .debug_frame   0x00000020       0x2c /opt/ST/STM32CubeCLT_1.15.0/GNU-tools-for-STM32/bin/../lib/gcc/arm-none-eabi/12.3.1/../../../../arm-none-eabi/lib/thumb/v7e-m+fp/hard/libc_nano.a(libc_a-init.o)
 .debug_frame   0x0000004c       0xfc CMakeFiles/cubesat_dev.dir/Core/Src/main.c.obj
 .debug_frame   0x00000148      0x120 CMakeFiles/cubesat_dev.dir/Core/Src/stm32f4xx_it.c.obj
 .debug_frame   0x00000268      0x114 CMakeFiles/cubesat_dev.dir/Core/Src/stm32f4xx_hal_msp.c.obj
 .debug_frame   0x0000037c      0xc84 CMakeFiles/cubesat_dev.dir/Drivers/STM32F4xx_HAL_Driver/Src/stm32f4xx_hal_i2c.c.obj
 .debug_frame   0x00001000      0x1f4 CMakeFiles/cubesat_dev.dir/Drivers/STM32F4xx_HAL_Driver/Src/stm32f4xx_hal_rcc.c.obj
 .debug_frame   0x000011f4      0x1e8 CMakeFiles/cubesat_dev.dir/Drivers/STM32F4xx_HAL_Driver/Src/stm32f4xx_hal_rcc_ex.c.obj
 .debug_frame   0x000013dc      0x14c CMakeFiles/cubesat_dev.dir/Drivers/STM32F4xx_HAL_Driver/Src/stm32f4xx_hal_gpio.c.obj
 .debug_frame   0x00001528      0x250 CMakeFiles/cubesat_dev.dir/Drivers/STM32F4xx_HAL_Driver/Src/stm32f4xx_hal_dma.c.obj
 .debug_frame   0x00001778      0x508 CMakeFiles/cubesat_dev.dir/Drivers/STM32F4xx_HAL_Driver/Src/stm32f4xx_hal_cortex.c.obj
 .debug_frame   0x00001c80      0x374 CMakeFiles/cubesat_dev.dir/Drivers/STM32F4xx_HAL_Driver/Src/stm32f4xx_hal.c.obj
 .debug_frame   0x00001ff4      0x954 CMakeFiles/cubesat_dev.dir/Drivers/STM32F4xx_HAL_Driver/Src/stm32f4xx_hal_uart.c.obj
 .debug_frame   0x00002948      0x5b8 CMakeFiles/cubesat_dev.dir/Drivers/STM32F4xx_HAL_Driver/Src/stm32f4xx_hal_pcd.c.obj
 .debug_frame   0x00002f00      0x100 CMakeFiles/cubesat_dev.dir/Drivers/STM32F4xx_HAL_Driver/Src/stm32f4xx_hal_pcd_ex.c.obj
 .debug_frame   0x00003000      0x7c0 CMakeFiles/cubesat_dev.dir/Drivers/STM32F4xx_HAL_Driver/Src/stm32f4xx_ll_usb.c.obj
 .debug_frame   0x000037c0       0x58 CMakeFiles/cubesat_dev.dir/Core/Src/system_stm32f4xx.c.obj
 .debug_frame   0x00003818       0x2c /opt/ST/STM32CubeCLT_1.15.0/GNU-tools-for-STM32/bin/../lib/gcc/arm-none-eabi/12.3.1/thumb/v7e-m+fp/hard/libgcc.a(_aeabi_uldivmod.o)
 .debug_frame   0x00003844       0x34 /opt/ST/STM32CubeCLT_1.15.0/GNU-tools-for-STM32/bin/../lib/gcc/arm-none-eabi/12.3.1/thumb/v7e-m+fp/hard/libgcc.a(_udivmoddi4.o)

.debug_info     0x00000000     0xfacb
 .debug_info    0x00000000     0x1443 CMakeFiles/cubesat_dev.dir/Core/Src/main.c.obj
 .debug_info    0x00001443      0x639 CMakeFiles/cubesat_dev.dir/Core/Src/stm32f4xx_it.c.obj
 .debug_info    0x00001a7c     0x1666 CMakeFiles/cubesat_dev.dir/Core/Src/stm32f4xx_hal_msp.c.obj
 .debug_info    0x000030e2     0x2421 CMakeFiles/cubesat_dev.dir/Drivers/STM32F4xx_HAL_Driver/Src/stm32f4xx_hal_i2c.c.obj
 .debug_info    0x00005503      0x8eb CMakeFiles/cubesat_dev.dir/Drivers/STM32F4xx_HAL_Driver/Src/stm32f4xx_hal_rcc.c.obj
 .debug_info    0x00005dee      0x956 CMakeFiles/cubesat_dev.dir/Drivers/STM32F4xx_HAL_Driver/Src/stm32f4xx_hal_rcc_ex.c.obj
 .debug_info    0x00006744      0x70b CMakeFiles/cubesat_dev.dir/Drivers/STM32F4xx_HAL_Driver/Src/stm32f4xx_hal_gpio.c.obj
 .debug_info    0x00006e4f      0x8e7 CMakeFiles/cubesat_dev.dir/Drivers/STM32F4xx_HAL_Driver/Src/stm32f4xx_hal_dma.c.obj
 .debug_info    0x00007736      0xdaa CMakeFiles/cubesat_dev.dir/Drivers/STM32F4xx_HAL_Driver/Src/stm32f4xx_hal_cortex.c.obj
 .debug_info    0x000084e0      0x99a CMakeFiles/cubesat_dev.dir/Drivers/STM32F4xx_HAL_Driver/Src/stm32f4xx_hal.c.obj
 .debug_info    0x00008e7a     0x2f4f CMakeFiles/cubesat_dev.dir/Drivers/STM32F4xx_HAL_Driver/Src/stm32f4xx_hal_uart.c.obj
 .debug_info    0x0000bdc9     0x15e3 CMakeFiles/cubesat_dev.dir/Drivers/STM32F4xx_HAL_Driver/Src/stm32f4xx_hal_pcd.c.obj
 .debug_info    0x0000d3ac      0x7b4 CMakeFiles/cubesat_dev.dir/Drivers/STM32F4xx_HAL_Driver/Src/stm32f4xx_hal_pcd_ex.c.obj
 .debug_info    0x0000db60     0x19f1 CMakeFiles/cubesat_dev.dir/Drivers/STM32F4xx_HAL_Driver/Src/stm32f4xx_ll_usb.c.obj
 .debug_info    0x0000f551      0x54a CMakeFiles/cubesat_dev.dir/Core/Src/system_stm32f4xx.c.obj
 .debug_info    0x0000fa9b       0x30 CMakeFiles/cubesat_dev.dir/startup_stm32f446xx.s.obj

.debug_abbrev   0x00000000     0x233c
 .debug_abbrev  0x00000000      0x2cb CMakeFiles/cubesat_dev.dir/Core/Src/main.c.obj
 .debug_abbrev  0x000002cb      0x175 CMakeFiles/cubesat_dev.dir/Core/Src/stm32f4xx_it.c.obj
 .debug_abbrev  0x00000440      0x279 CMakeFiles/cubesat_dev.dir/Core/Src/stm32f4xx_hal_msp.c.obj
 .debug_abbrev  0x000006b9      0x2ad CMakeFiles/cubesat_dev.dir/Drivers/STM32F4xx_HAL_Driver/Src/stm32f4xx_hal_i2c.c.obj
 .debug_abbrev  0x00000966      0x2b7 CMakeFiles/cubesat_dev.dir/Drivers/STM32F4xx_HAL_Driver/Src/stm32f4xx_hal_rcc.c.obj
 .debug_abbrev  0x00000c1d      0x20a CMakeFiles/cubesat_dev.dir/Drivers/STM32F4xx_HAL_Driver/Src/stm32f4xx_hal_rcc_ex.c.obj
 .debug_abbrev  0x00000e27      0x1d4 CMakeFiles/cubesat_dev.dir/Drivers/STM32F4xx_HAL_Driver/Src/stm32f4xx_hal_gpio.c.obj
 .debug_abbrev  0x00000ffb      0x264 CMakeFiles/cubesat_dev.dir/Drivers/STM32F4xx_HAL_Driver/Src/stm32f4xx_hal_dma.c.obj
 .debug_abbrev  0x0000125f      0x31d CMakeFiles/cubesat_dev.dir/Drivers/STM32F4xx_HAL_Driver/Src/stm32f4xx_hal_cortex.c.obj
 .debug_abbrev  0x0000157c      0x214 CMakeFiles/cubesat_dev.dir/Drivers/STM32F4xx_HAL_Driver/Src/stm32f4xx_hal.c.obj
 .debug_abbrev  0x00001790      0x30e CMakeFiles/cubesat_dev.dir/Drivers/STM32F4xx_HAL_Driver/Src/stm32f4xx_hal_uart.c.obj
 .debug_abbrev  0x00001a9e      0x2d0 CMakeFiles/cubesat_dev.dir/Drivers/STM32F4xx_HAL_Driver/Src/stm32f4xx_hal_pcd.c.obj
 .debug_abbrev  0x00001d6e      0x1dd CMakeFiles/cubesat_dev.dir/Drivers/STM32F4xx_HAL_Driver/Src/stm32f4xx_hal_pcd_ex.c.obj
 .debug_abbrev  0x00001f4b      0x2b3 CMakeFiles/cubesat_dev.dir/Drivers/STM32F4xx_HAL_Driver/Src/stm32f4xx_ll_usb.c.obj
 .debug_abbrev  0x000021fe      0x11a CMakeFiles/cubesat_dev.dir/Core/Src/system_stm32f4xx.c.obj
 .debug_abbrev  0x00002318       0x24 CMakeFiles/cubesat_dev.dir/startup_stm32f446xx.s.obj

.debug_aranges  0x00000000      0xd48
 .debug_aranges
                0x00000000       0x58 CMakeFiles/cubesat_dev.dir/Core/Src/main.c.obj
 .debug_aranges
                0x00000058       0x68 CMakeFiles/cubesat_dev.dir/Core/Src/stm32f4xx_it.c.obj
 .debug_aranges
                0x000000c0       0x50 CMakeFiles/cubesat_dev.dir/Core/Src/stm32f4xx_hal_msp.c.obj
 .debug_aranges
                0x00000110      0x2a8 CMakeFiles/cubesat_dev.dir/Drivers/STM32F4xx_HAL_Driver/Src/stm32f4xx_hal_i2c.c.obj
 .debug_aranges
                0x000003b8       0x88 CMakeFiles/cubesat_dev.dir/Drivers/STM32F4xx_HAL_Driver/Src/stm32f4xx_hal_rcc.c.obj
 .debug_aranges
                0x00000440       0x78 CMakeFiles/cubesat_dev.dir/Drivers/STM32F4xx_HAL_Driver/Src/stm32f4xx_hal_rcc_ex.c.obj
 .debug_aranges
                0x000004b8       0x58 CMakeFiles/cubesat_dev.dir/Drivers/STM32F4xx_HAL_Driver/Src/stm32f4xx_hal_gpio.c.obj
 .debug_aranges
                0x00000510       0x90 CMakeFiles/cubesat_dev.dir/Drivers/STM32F4xx_HAL_Driver/Src/stm32f4xx_hal_dma.c.obj
 .debug_aranges
                0x000005a0      0x130 CMakeFiles/cubesat_dev.dir/Drivers/STM32F4xx_HAL_Driver/Src/stm32f4xx_hal_cortex.c.obj
 .debug_aranges
                0x000006d0       0xf0 CMakeFiles/cubesat_dev.dir/Drivers/STM32F4xx_HAL_Driver/Src/stm32f4xx_hal.c.obj
 .debug_aranges
                0x000007c0      0x208 CMakeFiles/cubesat_dev.dir/Drivers/STM32F4xx_HAL_Driver/Src/stm32f4xx_hal_uart.c.obj
 .debug_aranges
                0x000009c8      0x148 CMakeFiles/cubesat_dev.dir/Drivers/STM32F4xx_HAL_Driver/Src/stm32f4xx_hal_pcd.c.obj
 .debug_aranges
                0x00000b10       0x48 CMakeFiles/cubesat_dev.dir/Drivers/STM32F4xx_HAL_Driver/Src/stm32f4xx_hal_pcd_ex.c.obj
 .debug_aranges
                0x00000b58      0x1a0 CMakeFiles/cubesat_dev.dir/Drivers/STM32F4xx_HAL_Driver/Src/stm32f4xx_ll_usb.c.obj
 .debug_aranges
                0x00000cf8       0x28 CMakeFiles/cubesat_dev.dir/Core/Src/system_stm32f4xx.c.obj
 .debug_aranges
                0x00000d20       0x28 CMakeFiles/cubesat_dev.dir/startup_stm32f446xx.s.obj

.debug_rnglists
                0x00000000      0xa62
 .debug_rnglists
                0x00000000       0x3f CMakeFiles/cubesat_dev.dir/Core/Src/main.c.obj
 .debug_rnglists
                0x0000003f       0x49 CMakeFiles/cubesat_dev.dir/Core/Src/stm32f4xx_it.c.obj
 .debug_rnglists
                0x00000088       0x3a CMakeFiles/cubesat_dev.dir/Core/Src/stm32f4xx_hal_msp.c.obj
 .debug_rnglists
                0x000000c2      0x23c CMakeFiles/cubesat_dev.dir/Drivers/STM32F4xx_HAL_Driver/Src/stm32f4xx_hal_i2c.c.obj
 .debug_rnglists
                0x000002fe       0x66 CMakeFiles/cubesat_dev.dir/Drivers/STM32F4xx_HAL_Driver/Src/stm32f4xx_hal_rcc.c.obj
 .debug_rnglists
                0x00000364       0x5e CMakeFiles/cubesat_dev.dir/Drivers/STM32F4xx_HAL_Driver/Src/stm32f4xx_hal_rcc_ex.c.obj
 .debug_rnglists
                0x000003c2       0x3f CMakeFiles/cubesat_dev.dir/Drivers/STM32F4xx_HAL_Driver/Src/stm32f4xx_hal_gpio.c.obj
 .debug_rnglists
                0x00000401       0x70 CMakeFiles/cubesat_dev.dir/Drivers/STM32F4xx_HAL_Driver/Src/stm32f4xx_hal_dma.c.obj
 .debug_rnglists
                0x00000471       0xe0 CMakeFiles/cubesat_dev.dir/Drivers/STM32F4xx_HAL_Driver/Src/stm32f4xx_hal_cortex.c.obj
 .debug_rnglists
                0x00000551       0xaf CMakeFiles/cubesat_dev.dir/Drivers/STM32F4xx_HAL_Driver/Src/stm32f4xx_hal.c.obj
 .debug_rnglists
                0x00000600      0x1bc CMakeFiles/cubesat_dev.dir/Drivers/STM32F4xx_HAL_Driver/Src/stm32f4xx_hal_uart.c.obj
 .debug_rnglists
                0x000007bc       0xfa CMakeFiles/cubesat_dev.dir/Drivers/STM32F4xx_HAL_Driver/Src/stm32f4xx_hal_pcd.c.obj
 .debug_rnglists
                0x000008b6       0x32 CMakeFiles/cubesat_dev.dir/Drivers/STM32F4xx_HAL_Driver/Src/stm32f4xx_hal_pcd_ex.c.obj
 .debug_rnglists
                0x000008e8      0x147 CMakeFiles/cubesat_dev.dir/Drivers/STM32F4xx_HAL_Driver/Src/stm32f4xx_ll_usb.c.obj
 .debug_rnglists
                0x00000a2f       0x1a CMakeFiles/cubesat_dev.dir/Core/Src/system_stm32f4xx.c.obj
 .debug_rnglists
                0x00000a49       0x19 CMakeFiles/cubesat_dev.dir/startup_stm32f446xx.s.obj

.debug_macro    0x00000000     0x1f7e
 .debug_macro   0x00000000      0x20f CMakeFiles/cubesat_dev.dir/Core/Src/main.c.obj
 .debug_macro   0x0000020f       0xc4 CMakeFiles/cubesat_dev.dir/Core/Src/main.c.obj
 .debug_macro   0x000002d3       0x16 CMakeFiles/cubesat_dev.dir/Core/Src/main.c.obj
 .debug_macro   0x000002e9      0x210 CMakeFiles/cubesat_dev.dir/Core/Src/stm32f4xx_it.c.obj
 .debug_macro   0x000004f9      0x206 CMakeFiles/cubesat_dev.dir/Core/Src/stm32f4xx_hal_msp.c.obj
 .debug_macro   0x000006ff      0x245 CMakeFiles/cubesat_dev.dir/Drivers/STM32F4xx_HAL_Driver/Src/stm32f4xx_hal_i2c.c.obj
 .debug_macro   0x00000944      0x21b CMakeFiles/cubesat_dev.dir/Drivers/STM32F4xx_HAL_Driver/Src/stm32f4xx_hal_rcc.c.obj
 .debug_macro   0x00000b5f      0x1f7 CMakeFiles/cubesat_dev.dir/Drivers/STM32F4xx_HAL_Driver/Src/stm32f4xx_hal_rcc_ex.c.obj
 .debug_macro   0x00000d56      0x1fd CMakeFiles/cubesat_dev.dir/Drivers/STM32F4xx_HAL_Driver/Src/stm32f4xx_hal_gpio.c.obj
 .debug_macro   0x00000f53      0x1fd CMakeFiles/cubesat_dev.dir/Drivers/STM32F4xx_HAL_Driver/Src/stm32f4xx_hal_dma.c.obj
 .debug_macro   0x00001150      0x1f7 CMakeFiles/cubesat_dev.dir/Drivers/STM32F4xx_HAL_Driver/Src/stm32f4xx_hal_cortex.c.obj
 .debug_macro   0x00001347      0x257 CMakeFiles/cubesat_dev.dir/Drivers/STM32F4xx_HAL_Driver/Src/stm32f4xx_hal.c.obj
 .debug_macro   0x0000159e      0x1f8 CMakeFiles/cubesat_dev.dir/Drivers/STM32F4xx_HAL_Driver/Src/stm32f4xx_hal_uart.c.obj
 .debug_macro   0x00001796      0x203 CMakeFiles/cubesat_dev.dir/Drivers/STM32F4xx_HAL_Driver/Src/stm32f4xx_hal_pcd.c.obj
 .debug_macro   0x00001999      0x1f7 CMakeFiles/cubesat_dev.dir/Drivers/STM32F4xx_HAL_Driver/Src/stm32f4xx_hal_pcd_ex.c.obj
 .debug_macro   0x00001b90      0x1f7 CMakeFiles/cubesat_dev.dir/Drivers/STM32F4xx_HAL_Driver/Src/stm32f4xx_ll_usb.c.obj
 .debug_macro   0x00001d87      0x1f7 CMakeFiles/cubesat_dev.dir/Core/Src/system_stm32f4xx.c.obj

.debug_line     0x00000000    0x10f1d
 .debug_line    0x00000000      0x8b0 CMakeFiles/cubesat_dev.dir/Core/Src/main.c.obj
 .debug_line    0x000008b0      0x79b CMakeFiles/cubesat_dev.dir/Core/Src/stm32f4xx_it.c.obj
 .debug_line    0x0000104b      0x7fe CMakeFiles/cubesat_dev.dir/Core/Src/stm32f4xx_hal_msp.c.obj
 .debug_line    0x00001849     0x3af4 CMakeFiles/cubesat_dev.dir/Drivers/STM32F4xx_HAL_Driver/Src/stm32f4xx_hal_i2c.c.obj
 .debug_line    0x0000533d      0xd45 CMakeFiles/cubesat_dev.dir/Drivers/STM32F4xx_HAL_Driver/Src/stm32f4xx_hal_rcc.c.obj
 .debug_line    0x00006082     0x13b5 CMakeFiles/cubesat_dev.dir/Drivers/STM32F4xx_HAL_Driver/Src/stm32f4xx_hal_rcc_ex.c.obj
 .debug_line    0x00007437      0xb26 CMakeFiles/cubesat_dev.dir/Drivers/STM32F4xx_HAL_Driver/Src/stm32f4xx_hal_gpio.c.obj
 .debug_line    0x00007f5d      0xf1e CMakeFiles/cubesat_dev.dir/Drivers/STM32F4xx_HAL_Driver/Src/stm32f4xx_hal_dma.c.obj
 .debug_line    0x00008e7b      0xca0 CMakeFiles/cubesat_dev.dir/Drivers/STM32F4xx_HAL_Driver/Src/stm32f4xx_hal_cortex.c.obj
 .debug_line    0x00009b1b      0x9ae CMakeFiles/cubesat_dev.dir/Drivers/STM32F4xx_HAL_Driver/Src/stm32f4xx_hal.c.obj
 .debug_line    0x0000a4c9     0x2880 CMakeFiles/cubesat_dev.dir/Drivers/STM32F4xx_HAL_Driver/Src/stm32f4xx_hal_uart.c.obj
 .debug_line    0x0000cd49     0x14bc CMakeFiles/cubesat_dev.dir/Drivers/STM32F4xx_HAL_Driver/Src/stm32f4xx_hal_pcd.c.obj
 .debug_line    0x0000e205      0x7e2 CMakeFiles/cubesat_dev.dir/Drivers/STM32F4xx_HAL_Driver/Src/stm32f4xx_hal_pcd_ex.c.obj
 .debug_line    0x0000e9e7     0x1d77 CMakeFiles/cubesat_dev.dir/Drivers/STM32F4xx_HAL_Driver/Src/stm32f4xx_ll_usb.c.obj
 .debug_line    0x0001075e      0x745 CMakeFiles/cubesat_dev.dir/Core/Src/system_stm32f4xx.c.obj
 .debug_line    0x00010ea3       0x7a CMakeFiles/cubesat_dev.dir/startup_stm32f446xx.s.obj

.debug_str      0x00000000    0xc9ce4
 .debug_str     0x00000000    0xc60cd CMakeFiles/cubesat_dev.dir/Core/Src/main.c.obj
                              0xc63fa (size before relaxing)
 .debug_str     0x000c60cd      0x113 CMakeFiles/cubesat_dev.dir/Core/Src/stm32f4xx_it.c.obj
                              0xc5a41 (size before relaxing)
 .debug_str     0x000c61e0      0x7bc CMakeFiles/cubesat_dev.dir/Core/Src/stm32f4xx_hal_msp.c.obj
                              0xc694b (size before relaxing)
 .debug_str     0x000c699c      0xb90 CMakeFiles/cubesat_dev.dir/Drivers/STM32F4xx_HAL_Driver/Src/stm32f4xx_hal_i2c.c.obj
                              0xc63f6 (size before relaxing)
 .debug_str     0x000c752c      0x2a0 CMakeFiles/cubesat_dev.dir/Drivers/STM32F4xx_HAL_Driver/Src/stm32f4xx_hal_rcc.c.obj
                              0xc5831 (size before relaxing)
 .debug_str     0x000c77cc      0x1c2 CMakeFiles/cubesat_dev.dir/Drivers/STM32F4xx_HAL_Driver/Src/stm32f4xx_hal_rcc_ex.c.obj
                              0xc5864 (size before relaxing)
 .debug_str     0x000c798e      0x146 CMakeFiles/cubesat_dev.dir/Drivers/STM32F4xx_HAL_Driver/Src/stm32f4xx_hal_gpio.c.obj
                              0xc5573 (size before relaxing)
 .debug_str     0x000c7ad4      0x2fe CMakeFiles/cubesat_dev.dir/Drivers/STM32F4xx_HAL_Driver/Src/stm32f4xx_hal_dma.c.obj
                              0xc57ed (size before relaxing)
 .debug_str     0x000c7dd2      0x42c CMakeFiles/cubesat_dev.dir/Drivers/STM32F4xx_HAL_Driver/Src/stm32f4xx_hal_cortex.c.obj
                              0xc5d14 (size before relaxing)
 .debug_str     0x000c81fe      0x5a3 CMakeFiles/cubesat_dev.dir/Drivers/STM32F4xx_HAL_Driver/Src/stm32f4xx_hal.c.obj
                              0xc5fbd (size before relaxing)
 .debug_str     0x000c87a1      0x61a CMakeFiles/cubesat_dev.dir/Drivers/STM32F4xx_HAL_Driver/Src/stm32f4xx_hal_uart.c.obj
                              0xc5de8 (size before relaxing)
 .debug_str     0x000c8dbb      0x842 CMakeFiles/cubesat_dev.dir/Drivers/STM32F4xx_HAL_Driver/Src/stm32f4xx_hal_pcd.c.obj
                              0xc5f09 (size before relaxing)
 .debug_str     0x000c95fd      0x152 CMakeFiles/cubesat_dev.dir/Drivers/STM32F4xx_HAL_Driver/Src/stm32f4xx_hal_pcd_ex.c.obj
                              0xc580b (size before relaxing)
 .debug_str     0x000c974f      0x4cc CMakeFiles/cubesat_dev.dir/Drivers/STM32F4xx_HAL_Driver/Src/stm32f4xx_ll_usb.c.obj
                              0xc5dc5 (size before relaxing)
 .debug_str     0x000c9c1b       0x6f CMakeFiles/cubesat_dev.dir/Core/Src/system_stm32f4xx.c.obj
                              0xc53f8 (size before relaxing)
 .debug_str     0x000c9c8a       0x5a CMakeFiles/cubesat_dev.dir/startup_stm32f446xx.s.obj
                                 0x8e (size before relaxing)

.debug_line_str
                0x00000000       0x72
 .debug_line_str
                0x00000000       0x72 CMakeFiles/cubesat_dev.dir/startup_stm32f446xx.s.obj
