Archive member included to satisfy reference by file (symbol)

/opt/ST/STM32CubeCLT_1.17.0/GNU-tools-for-STM32/bin/../lib/gcc/arm-none-eabi/12.3.1/../../../../arm-none-eabi/lib/thumb/v7e-m+fp/hard/libc_nano.a(libc_a-exit.o)
                              /opt/ST/STM32CubeCLT_1.17.0/GNU-tools-for-STM32/bin/../lib/gcc/arm-none-eabi/12.3.1/../../../../arm-none-eabi/lib/thumb/v7e-m+fp/hard/crt0.o (exit)
/opt/ST/STM32CubeCLT_1.17.0/GNU-tools-for-STM32/bin/../lib/gcc/arm-none-eabi/12.3.1/../../../../arm-none-eabi/lib/thumb/v7e-m+fp/hard/libc_nano.a(libc_a-findfp.o)
                              /opt/ST/STM32CubeCLT_1.17.0/GNU-tools-for-STM32/bin/../lib/gcc/arm-none-eabi/12.3.1/../../../../arm-none-eabi/lib/thumb/v7e-m+fp/hard/libc_nano.a(libc_a-exit.o) (__stdio_exit_handler)
/opt/ST/STM32CubeCLT_1.17.0/GNU-tools-for-STM32/bin/../lib/gcc/arm-none-eabi/12.3.1/../../../../arm-none-eabi/lib/thumb/v7e-m+fp/hard/libc_nano.a(libc_a-fwalk.o)
                              /opt/ST/STM32CubeCLT_1.17.0/GNU-tools-for-STM32/bin/../lib/gcc/arm-none-eabi/12.3.1/../../../../arm-none-eabi/lib/thumb/v7e-m+fp/hard/libc_nano.a(libc_a-findfp.o) (_fwalk_sglue)
/opt/ST/STM32CubeCLT_1.17.0/GNU-tools-for-STM32/bin/../lib/gcc/arm-none-eabi/12.3.1/../../../../arm-none-eabi/lib/thumb/v7e-m+fp/hard/libc_nano.a(libc_a-memset.o)
                              /opt/ST/STM32CubeCLT_1.17.0/GNU-tools-for-STM32/bin/../lib/gcc/arm-none-eabi/12.3.1/../../../../arm-none-eabi/lib/thumb/v7e-m+fp/hard/crt0.o (memset)
/opt/ST/STM32CubeCLT_1.17.0/GNU-tools-for-STM32/bin/../lib/gcc/arm-none-eabi/12.3.1/../../../../arm-none-eabi/lib/thumb/v7e-m+fp/hard/libc_nano.a(libc_a-impure.o)
                              /opt/ST/STM32CubeCLT_1.17.0/GNU-tools-for-STM32/bin/../lib/gcc/arm-none-eabi/12.3.1/../../../../arm-none-eabi/lib/thumb/v7e-m+fp/hard/libc_nano.a(libc_a-findfp.o) (_impure_data)
/opt/ST/STM32CubeCLT_1.17.0/GNU-tools-for-STM32/bin/../lib/gcc/arm-none-eabi/12.3.1/../../../../arm-none-eabi/lib/thumb/v7e-m+fp/hard/libc_nano.a(libc_a-init.o)
                              /opt/ST/STM32CubeCLT_1.17.0/GNU-tools-for-STM32/bin/../lib/gcc/arm-none-eabi/12.3.1/../../../../arm-none-eabi/lib/thumb/v7e-m+fp/hard/crt0.o (__libc_init_array)
/opt/ST/STM32CubeCLT_1.17.0/GNU-tools-for-STM32/bin/../lib/gcc/arm-none-eabi/12.3.1/../../../../arm-none-eabi/lib/thumb/v7e-m+fp/hard/libc_nano.a(libc_a-lock.o)
                              /opt/ST/STM32CubeCLT_1.17.0/GNU-tools-for-STM32/bin/../lib/gcc/arm-none-eabi/12.3.1/../../../../arm-none-eabi/lib/thumb/v7e-m+fp/hard/libc_nano.a(libc_a-findfp.o) (__retarget_lock_init_recursive)
/opt/ST/STM32CubeCLT_1.17.0/GNU-tools-for-STM32/bin/../lib/gcc/arm-none-eabi/12.3.1/../../../../arm-none-eabi/lib/thumb/v7e-m+fp/hard/libc_nano.a(libc_a-mallocr.o)
                              /opt/ST/STM32CubeCLT_1.17.0/GNU-tools-for-STM32/bin/../lib/gcc/arm-none-eabi/12.3.1/../../../../arm-none-eabi/lib/thumb/v7e-m+fp/hard/libc_nano.a(libc_a-findfp.o) (_malloc_r)
/opt/ST/STM32CubeCLT_1.17.0/GNU-tools-for-STM32/bin/../lib/gcc/arm-none-eabi/12.3.1/../../../../arm-none-eabi/lib/thumb/v7e-m+fp/hard/libc_nano.a(libc_a-fflush.o)
                              /opt/ST/STM32CubeCLT_1.17.0/GNU-tools-for-STM32/bin/../lib/gcc/arm-none-eabi/12.3.1/../../../../arm-none-eabi/lib/thumb/v7e-m+fp/hard/libc_nano.a(libc_a-findfp.o) (_fflush_r)
/opt/ST/STM32CubeCLT_1.17.0/GNU-tools-for-STM32/bin/../lib/gcc/arm-none-eabi/12.3.1/../../../../arm-none-eabi/lib/thumb/v7e-m+fp/hard/libc_nano.a(libc_a-mlock.o)
                              /opt/ST/STM32CubeCLT_1.17.0/GNU-tools-for-STM32/bin/../lib/gcc/arm-none-eabi/12.3.1/../../../../arm-none-eabi/lib/thumb/v7e-m+fp/hard/libc_nano.a(libc_a-mallocr.o) (__malloc_lock)
/opt/ST/STM32CubeCLT_1.17.0/GNU-tools-for-STM32/bin/../lib/gcc/arm-none-eabi/12.3.1/../../../../arm-none-eabi/lib/thumb/v7e-m+fp/hard/libc_nano.a(libc_a-stdio.o)
                              /opt/ST/STM32CubeCLT_1.17.0/GNU-tools-for-STM32/bin/../lib/gcc/arm-none-eabi/12.3.1/../../../../arm-none-eabi/lib/thumb/v7e-m+fp/hard/libc_nano.a(libc_a-findfp.o) (__sread)
/opt/ST/STM32CubeCLT_1.17.0/GNU-tools-for-STM32/bin/../lib/gcc/arm-none-eabi/12.3.1/../../../../arm-none-eabi/lib/thumb/v7e-m+fp/hard/libc_nano.a(libc_a-closer.o)
                              /opt/ST/STM32CubeCLT_1.17.0/GNU-tools-for-STM32/bin/../lib/gcc/arm-none-eabi/12.3.1/../../../../arm-none-eabi/lib/thumb/v7e-m+fp/hard/libc_nano.a(libc_a-stdio.o) (_close_r)
/opt/ST/STM32CubeCLT_1.17.0/GNU-tools-for-STM32/bin/../lib/gcc/arm-none-eabi/12.3.1/../../../../arm-none-eabi/lib/thumb/v7e-m+fp/hard/libc_nano.a(libc_a-reent.o)
                              /opt/ST/STM32CubeCLT_1.17.0/GNU-tools-for-STM32/bin/../lib/gcc/arm-none-eabi/12.3.1/../../../../arm-none-eabi/lib/thumb/v7e-m+fp/hard/libc_nano.a(libc_a-closer.o) (errno)
/opt/ST/STM32CubeCLT_1.17.0/GNU-tools-for-STM32/bin/../lib/gcc/arm-none-eabi/12.3.1/../../../../arm-none-eabi/lib/thumb/v7e-m+fp/hard/libc_nano.a(libc_a-lseekr.o)
[...]
Memory Configuration

Name             Origin             Length             Attributes
RAM              0x20000000         0x00020000         xrw
FLASH            0x08000000         0x00080000         xr
*default*        0x00000000         0xffffffff

Linker script and memory map

LOAD /opt/ST/STM32CubeCLT_1.17.0/GNU-tools-for-STM32/bin/../lib/gcc/arm-none-eabi/12.3.1/thumb/v7e-m+fp/hard/crti.o
LOAD /opt/ST/STM32CubeCLT_1.17.0/GNU-tools-for-STM32/bin/../lib/gcc/arm-none-eabi/12.3.1/thumb/v7e-m+fp/hard/crtbegin.o
LOAD /opt/ST/STM32CubeCLT_1.17.0/GNU-tools-for-STM32/bin/../lib/gcc/arm-none-eabi/12.3.1/../../../../arm-none-eabi/lib/thumb/v7e-m+fp/hard/crt0.o
START GROUP
LOAD /opt/ST/STM32CubeCLT_1.17.0/GNU-tools-for-STM32/bin/../lib/gcc/arm-none-eabi/12.3.1/../../../../arm-none-eabi/lib/thumb/v7e-m+fp/hard/libc_nano.a
LOAD /opt/ST/STM32CubeCLT_1.17.0/GNU-tools-for-STM32/bin/../lib/gcc/arm-none-eabi/12.3.1/../../../../arm-none-eabi/lib/thumb/v7e-m+fp/hard/libm.a
END GROUP
LOAD CMakeFiles/cubesat_dev.dir/Core/Src/main.c.obj
LOAD CMakeFiles/cubesat_dev.dir/Core/Src/stm32f4xx_it.c.obj
LOAD CMakeFiles/cubesat_dev.dir/Core/Src/stm32f4xx_hal_msp.c.obj
LOAD CMakeFiles/cubesat_dev.dir/Drivers/STM32F4xx_HAL_Driver/Src/stm32f4xx_hal_i2c.c.obj
LOAD CMakeFiles/cubesat_dev.dir/Drivers/STM32F4xx_HAL_Driver/Src/stm32f4xx_hal_i2c_ex.c.obj
LOAD CMakeFiles/cubesat_dev.dir/Drivers/STM32F4xx_HAL_Driver/Src/stm32f4xx_hal_rcc.c.obj
LOAD CMakeFiles/cubesat_dev.dir/Drivers/STM32F4xx_HAL_Driver/Src/stm32f4xx_hal_rcc_ex.c.obj
LOAD CMakeFiles/cubesat_dev.dir/Drivers/STM32F4xx_HAL_Driver/Src/stm32f4xx_hal_flash.c.obj
LOAD CMakeFiles/cubesat_dev.dir/Drivers/STM32F4xx_HAL_Driver/Src/stm32f4xx_hal_flash_ex.c.obj
LOAD CMakeFiles/cubesat_dev.dir/Drivers/STM32F4xx_HAL_Driver/Src/stm32f4xx_hal_flash_ramfunc.c.obj
LOAD CMakeFiles/cubesat_dev.dir/Drivers/STM32F4xx_HAL_Driver/Src/stm32f4xx_hal_gpio.c.obj
LOAD CMakeFiles/cubesat_dev.dir/Drivers/STM32F4xx_HAL_Driver/Src/stm32f4xx_hal_dma_ex.c.obj
LOAD CMakeFiles/cubesat_dev.dir/Drivers/STM32F4xx_HAL_Driver/Src/stm32f4xx_hal_dma.c.obj
LOAD CMakeFiles/cubesat_dev.dir/Drivers/STM32F4xx_HAL_Driver/Src/stm32f4xx_hal_pwr.c.obj
LOAD CMakeFiles/cubesat_dev.dir/Drivers/STM32F4xx_HAL_Driver/Src/stm32f4xx_hal_pwr_ex.c.obj
LOAD CMakeFiles/cubesat_dev.dir/Drivers/STM32F4xx_HAL_Driver/Src/stm32f4xx_hal_cortex.c.obj
LOAD CMakeFiles/cubesat_dev.dir/Drivers/STM32F4xx_HAL_Driver/Src/stm32f4xx_hal.c.obj
LOAD CMakeFiles/cubesat_dev.dir/Drivers/STM32F4xx_HAL_Driver/Src/stm32f4xx_hal_exti.c.obj
LOAD CMakeFiles/cubesat_dev.dir/Drivers/STM32F4xx_HAL_Driver/Src/stm32f4xx_hal_uart.c.obj
LOAD CMakeFiles/cubesat_dev.dir/Drivers/STM32F4xx_HAL_Driver/Src/stm32f4xx_hal_pcd.c.obj
LOAD CMakeFiles/cubesat_dev.dir/Drivers/STM32F4xx_HAL_Driver/Src/stm32f4xx_hal_pcd_ex.c.obj
LOAD CMakeFiles/cubesat_dev.dir/Drivers/STM32F4xx_HAL_Driver/Src/stm32f4xx_ll_usb.c.obj
LOAD CMakeFiles/cubesat_dev.dir/Core/Src/system_stm32f4xx.c.obj
LOAD CMakeFiles/cubesat_dev.dir/Core/Src/sysmem.c.obj
LOAD CMakeFiles/cubesat_dev.dir/Core/Src/syscalls.c.obj
LOAD CMakeFiles/cubesat_dev.dir/startup_stm32f446xx.s.obj
START GROUP
LOAD /opt/ST/STM32CubeCLT_1.17.0/GNU-tools-for-STM32/bin/../lib/gcc/arm-none-eabi/12.3.1/thumb/v7e-m+fp/hard/libgcc.a
LOAD /opt/ST/STM32CubeCLT_1.17.0/GNU-tools-for-STM32/bin/../lib/gcc/arm-none-eabi/12.3.1/../../../../arm-none-eabi/lib/thumb/v7e-m+fp/hard/libg_nano.a
LOAD /opt/ST/STM32CubeCLT_1.17.0/GNU-tools-for-STM32/bin/../lib/gcc/arm-none-eabi/12.3.1/../../../../arm-none-eabi/lib/thumb/v7e-m+fp/hard/libc_nano.a
END GROUP
START GROUP
LOAD /opt/ST/STM32CubeCLT_1.17.0/GNU-tools-for-STM32/bin/../lib/gcc/arm-none-eabi/12.3.1/thumb/v7e-m+fp/hard/libgcc.a
LOAD /opt/ST/STM32CubeCLT_1.17.0/GNU-tools-for-STM32/bin/../lib/gcc/arm-none-eabi/12.3.1/../../../../arm-none-eabi/lib/thumb/v7e-m+fp/hard/libc_nano.a
END GROUP
LOAD /opt/ST/STM32CubeCLT_1.17.0/GNU-tools-for-STM32/bin/../lib/gcc/arm-none-eabi/12.3.1/thumb/v7e-m+fp/hard/crtend.o
LOAD /opt/ST/STM32CubeCLT_1.17.0/GNU-tools-for-STM32/bin/../lib/gcc/arm-none-eabi/12.3.1/thumb/v7e-m+fp/hard/crtn.o
                0x20020000                        _estack = (ORIGIN (RAM) + LENGTH (RAM))
                0x00000200                        _Min_Heap_Size = 0x200
                0x00000400                        _Min_Stack_Size = 0x400

.isr_vector     0x08000000      0x1c4
                0x08000000                        . = ALIGN (0x4)
 *(.isr_vector)
 .isr_vector    0x08000000      0x1c4 CMakeFiles/cubesat_dev.dir/startup_stm32f446xx.s.obj
                0x08000000                g_pfnVectors
                0x080001c4                        . = ALIGN (0x4)

.text           0x080001c4     0x5f04
                0x080001c4                        . = ALIGN (0x4)
 *(.text)
 .text          0x080001c4       0x40 /opt/ST/STM32CubeCLT_1.17.0/GNU-tools-for-STM32/bin/../lib/gcc/arm-none-eabi/12.3.1/thumb/v7e-m+fp/hard/crtbegin.o
 .text          0x08000204       0x30 /opt/ST/STM32CubeCLT_1.17.0/GNU-tools-for-STM32/bin/../lib/gcc/arm-none-eabi/12.3.1/thumb/v7e-m+fp/hard/libgcc.a(_aeabi_uldivmod.o)
                0x08000204                __aeabi_uldivmod
 .text          0x08000234      0x2bc /opt/ST/STM32CubeCLT_1.17.0/GNU-tools-for-STM32/bin/../lib/gcc/arm-none-eabi/12.3.1/thumb/v7e-m+fp/hard/libgcc.a(_udivmoddi4.o)
                0x08000234                __udivmoddi4
 .text          0x080004f0        0x4 /opt/ST/STM32CubeCLT_1.17.0/GNU-tools-for-STM32/bin/../lib/gcc/arm-none-eabi/12.3.1/thumb/v7e-m+fp/hard/libgcc.a(_dvmd_tls.o)
                0x080004f0                __aeabi_ldiv0
                0x080004f0                __aeabi_idiv0
 *(.text*)
 .text.memset   0x080004f4       0x10 /opt/ST/STM32CubeCLT_1.17.0/GNU-tools-for-STM32/bin/../lib/gcc/arm-none-eabi/12.3.1/../../../../arm-none-eabi/lib/thumb/v7e-m+fp/hard/libc_nano.a(libc_a-memset.o)
                0x080004f4                memset
 .text.__libc_init_array
                0x08000504       0x48 /opt/ST/STM32CubeCLT_1.17.0/GNU-tools-for-STM32/bin/../lib/gcc/arm-none-eabi/12.3.1/../../../../arm-none-eabi/lib/thumb/v7e-m+fp/hard/libc_nano.a(libc_a-init.o)
                0x08000504                __libc_init_array
 .text.main     0x0800054c       0x28 CMakeFiles/cubesat_dev.dir/Core/Src/main.c.obj
                0x0800054c                main
 .text.SystemClock_Config
                0x08000574       0xd8 CMakeFiles/cubesat_dev.dir/Core/Src/main.c.obj
                0x08000574                SystemClock_Config
 .text.MX_I2C1_Init
                0x0800064c       0x5c CMakeFiles/cubesat_dev.dir/Core/Src/main.c.obj
 .text.MX_UART4_Init
                0x080006a8       0x54 CMakeFiles/cubesat_dev.dir/Core/Src/main.c.obj
 .text.MX_USART3_UART_Init
                0x080006fc       0x54 CMakeFiles/cubesat_dev.dir/Core/Src/main.c.obj
 .text.MX_USB_OTG_FS_PCD_Init
                0x08000750       0x5c CMakeFiles/cubesat_dev.dir/Core/Src/main.c.obj
 .text.MX_DMA_Init
                0x080007ac       0x40 CMakeFiles/cubesat_dev.dir/Core/Src/main.c.obj
 .text.MX_GPIO_Init
                0x080007ec      0x15c CMakeFiles/cubesat_dev.dir/Core/Src/main.c.obj
 .text.Error_Handler
                0x08000948        0xc CMakeFiles/cubesat_dev.dir/Core/Src/main.c.obj
                0x08000948                Error_Handler
 .text.NMI_Handler
                0x08000954        0x8 CMakeFiles/cubesat_dev.dir/Core/Src/stm32f4xx_it.c.obj
                0x08000954                NMI_Handler
 .text.HardFault_Handler
                0x0800095c        0x8 CMakeFiles/cubesat_dev.dir/Core/Src/stm32f4xx_it.c.obj
                0x0800095c                HardFault_Handler
 .text.MemManage_Handler
                0x08000964        0x8 CMakeFiles/cubesat_dev.dir/Core/Src/stm32f4xx_it.c.obj
                0x08000964                MemManage_Handler
 .text.BusFault_Handler
                0x0800096c        0x8 CMakeFiles/cubesat_dev.dir/Core/Src/stm32f4xx_it.c.obj
                0x0800096c                BusFault_Handler
 .text.UsageFault_Handler
                0x08000974        0x8 CMakeFiles/cubesat_dev.dir/Core/Src/stm32f4xx_it.c.obj
                0x08000974                UsageFault_Handler
 .text.SVC_Handler
                0x0800097c        0xe CMakeFiles/cubesat_dev.dir/Core/Src/stm32f4xx_it.c.obj
                0x0800097c                SVC_Handler
 .text.DebugMon_Handler
                0x0800098a        0xe CMakeFiles/cubesat_dev.dir/Core/Src/stm32f4xx_it.c.obj
                0x0800098a                DebugMon_Handler
 .text.PendSV_Handler
                0x08000998        0xe CMakeFiles/cubesat_dev.dir/Core/Src/stm32f4xx_it.c.obj
                0x08000998                PendSV_Handler
 .text.SysTick_Handler
                0x080009a6        0xc CMakeFiles/cubesat_dev.dir/Core/Src/stm32f4xx_it.c.obj
                0x080009a6                SysTick_Handler
 *fill*         0x080009b2        0x2 
 .text.DMA1_Stream2_IRQHandler
                0x080009b4       0x14 CMakeFiles/cubesat_dev.dir/Core/Src/stm32f4xx_it.c.obj
                0x080009b4                DMA1_Stream2_IRQHandler
 .text.I2C1_EV_IRQHandler
                0x080009c8       0x14 CMakeFiles/cubesat_dev.dir/Core/Src/stm32f4xx_it.c.obj
                0x080009c8                I2C1_EV_IRQHandler
 .text.I2C1_ER_IRQHandler
                0x080009dc       0x14 CMakeFiles/cubesat_dev.dir/Core/Src/stm32f4xx_it.c.obj
                0x080009dc                I2C1_ER_IRQHandler
 .text.UART4_IRQHandler
                0x080009f0       0x14 CMakeFiles/cubesat_dev.dir/Core/Src/stm32f4xx_it.c.obj
                0x080009f0                UART4_IRQHandler
 .text.HAL_MspInit
                0x08000a04       0x50 CMakeFiles/cubesat_dev.dir/Core/Src/stm32f4xx_hal_msp.c.obj
                0x08000a04                HAL_MspInit
 .text.HAL_I2C_MspInit
                0x08000a54       0xb0 CMakeFiles/cubesat_dev.dir/Core/Src/stm32f4xx_hal_msp.c.obj
                0x08000a54                HAL_I2C_MspInit
 .text.HAL_UART_MspInit
                0x08000b04      0x170 CMakeFiles/cubesat_dev.dir/Core/Src/stm32f4xx_hal_msp.c.obj
                0x08000b04                HAL_UART_MspInit
 .text.HAL_PCD_MspInit
                0x08000c74       0xe0 CMakeFiles/cubesat_dev.dir/Core/Src/stm32f4xx_hal_msp.c.obj
                0x08000c74                HAL_PCD_MspInit
 .text.HAL_I2C_Init
                0x08000d54      0x288 CMakeFiles/cubesat_dev.dir/Drivers/STM32F4xx_HAL_Driver/Src/stm32f4xx_hal_i2c.c.obj
                0x08000d54                HAL_I2C_Init
 .text.I2C_Flush_DR
                0x08000fdc       0x2a CMakeFiles/cubesat_dev.dir/Drivers/STM32F4xx_HAL_Driver/Src/stm32f4xx_hal_i2c.c.obj
 .text.HAL_I2C_EV_IRQHandler
                0x08001006      0x2a6 CMakeFiles/cubesat_dev.dir/Drivers/STM32F4xx_HAL_Driver/Src/stm32f4xx_hal_i2c.c.obj
                0x08001006                HAL_I2C_EV_IRQHandler
 .text.HAL_I2C_ER_IRQHandler
                0x080012ac      0x13e CMakeFiles/cubesat_dev.dir/Drivers/STM32F4xx_HAL_Driver/Src/stm32f4xx_hal_i2c.c.obj
                0x080012ac                HAL_I2C_ER_IRQHandler
 .text.HAL_I2C_MasterTxCpltCallback
                0x080013ea       0x14 CMakeFiles/cubesat_dev.dir/Drivers/STM32F4xx_HAL_Driver/Src/stm32f4xx_hal_i2c.c.obj
                0x080013ea                HAL_I2C_MasterTxCpltCallback
 .text.HAL_I2C_MasterRxCpltCallback
                0x080013fe       0x14 CMakeFiles/cubesat_dev.dir/Drivers/STM32F4xx_HAL_Driver/Src/stm32f4xx_hal_i2c.c.obj
                0x080013fe                HAL_I2C_MasterRxCpltCallback
 .text.HAL_I2C_SlaveTxCpltCallback
                0x08001412       0x14 CMakeFiles/cubesat_dev.dir/Drivers/STM32F4xx_HAL_Driver/Src/stm32f4xx_hal_i2c.c.obj
                0x08001412                HAL_I2C_SlaveTxCpltCallback
 .text.HAL_I2C_SlaveRxCpltCallback
                0x08001426       0x14 CMakeFiles/cubesat_dev.dir/Drivers/STM32F4xx_HAL_Driver/Src/stm32f4xx_hal_i2c.c.obj
                0x08001426                HAL_I2C_SlaveRxCpltCallback
 .text.HAL_I2C_AddrCallback
                0x0800143a       0x1c CMakeFiles/cubesat_dev.dir/Drivers/STM32F4xx_HAL_Driver/Src/stm32f4xx_hal_i2c.c.obj
                0x0800143a                HAL_I2C_AddrCallback
 .text.HAL_I2C_ListenCpltCallback
                0x08001456       0x14 CMakeFiles/cubesat_dev.dir/Drivers/STM32F4xx_HAL_Driver/Src/stm32f4xx_hal_i2c.c.obj
                0x08001456                HAL_I2C_ListenCpltCallback
 .text.HAL_I2C_MemTxCpltCallback
                0x0800146a       0x14 CMakeFiles/cubesat_dev.dir/Drivers/STM32F4xx_HAL_Driver/Src/stm32f4xx_hal_i2c.c.obj
                0x0800146a                HAL_I2C_MemTxCpltCallback
 .text.HAL_I2C_MemRxCpltCallback
                0x0800147e       0x14 CMakeFiles/cubesat_dev.dir/Drivers/STM32F4xx_HAL_Driver/Src/stm32f4xx_hal_i2c.c.obj
                0x0800147e                HAL_I2C_MemRxCpltCallback
 .text.HAL_I2C_ErrorCallback
                0x08001492       0x14 CMakeFiles/cubesat_dev.dir/Drivers/STM32F4xx_HAL_Driver/Src/stm32f4xx_hal_i2c.c.obj
                0x08001492                HAL_I2C_ErrorCallback
 .text.HAL_I2C_AbortCpltCallback
                0x080014a6       0x14 CMakeFiles/cubesat_dev.dir/Drivers/STM32F4xx_HAL_Driver/Src/stm32f4xx_hal_i2c.c.obj
                0x080014a6                HAL_I2C_AbortCpltCallback
 .text.I2C_MasterTransmit_TXE
                0x080014ba      0x138 CMakeFiles/cubesat_dev.dir/Drivers/STM32F4xx_HAL_Driver/Src/stm32f4xx_hal_i2c.c.obj
 .text.I2C_MasterTransmit_BTF
                0x080015f2       0xec CMakeFiles/cubesat_dev.dir/Drivers/STM32F4xx_HAL_Driver/Src/stm32f4xx_hal_i2c.c.obj
 .text.I2C_MemoryTransmit_TXE_BTF
                0x080016de      0x130 CMakeFiles/cubesat_dev.dir/Drivers/STM32F4xx_HAL_Driver/Src/stm32f4xx_hal_i2c.c.obj
 .text.I2C_MasterReceive_RXNE
                0x0800180e      0x190 CMakeFiles/cubesat_dev.dir/Drivers/STM32F4xx_HAL_Driver/Src/stm32f4xx_hal_i2c.c.obj
 .text.I2C_MasterReceive_BTF
                0x0800199e      0x1ea CMakeFiles/cubesat_dev.dir/Drivers/STM32F4xx_HAL_Driver/Src/stm32f4xx_hal_i2c.c.obj
 .text.I2C_Master_SB
                0x08001b88      0x10c CMakeFiles/cubesat_dev.dir/Drivers/STM32F4xx_HAL_Driver/Src/stm32f4xx_hal_i2c.c.obj
 .text.I2C_Master_ADD10
                0x08001c94       0x54 CMakeFiles/cubesat_dev.dir/Drivers/STM32F4xx_HAL_Driver/Src/stm32f4xx_hal_i2c.c.obj
 .text.I2C_Master_ADDR
                0x08001ce8      0x322 CMakeFiles/cubesat_dev.dir/Drivers/STM32F4xx_HAL_Driver/Src/stm32f4xx_hal_i2c.c.obj
 .text.I2C_SlaveTransmit_TXE
                0x0800200a       0x7a CMakeFiles/cubesat_dev.dir/Drivers/STM32F4xx_HAL_Driver/Src/stm32f4xx_hal_i2c.c.obj
 .text.I2C_SlaveTransmit_BTF
                0x08002084       0x42 CMakeFiles/cubesat_dev.dir/Drivers/STM32F4xx_HAL_Driver/Src/stm32f4xx_hal_i2c.c.obj
 .text.I2C_SlaveReceive_RXNE
                0x080020c6       0x7c CMakeFiles/cubesat_dev.dir/Drivers/STM32F4xx_HAL_Driver/Src/stm32f4xx_hal_i2c.c.obj
 .text.I2C_SlaveReceive_BTF
                0x08002142       0x44 CMakeFiles/cubesat_dev.dir/Drivers/STM32F4xx_HAL_Driver/Src/stm32f4xx_hal_i2c.c.obj
 .text.I2C_Slave_ADDR
                0x08002186       0x90 CMakeFiles/cubesat_dev.dir/Drivers/STM32F4xx_HAL_Driver/Src/stm32f4xx_hal_i2c.c.obj
 *fill*         0x08002216        0x2 
 .text.I2C_Slave_STOPF
                0x08002218      0x260 CMakeFiles/cubesat_dev.dir/Drivers/STM32F4xx_HAL_Driver/Src/stm32f4xx_hal_i2c.c.obj
 .text.I2C_Slave_AF
                0x08002478       0xe8 CMakeFiles/cubesat_dev.dir/Drivers/STM32F4xx_HAL_Driver/Src/stm32f4xx_hal_i2c.c.obj
 .text.I2C_ITError
                0x08002560      0x264 CMakeFiles/cubesat_dev.dir/Drivers/STM32F4xx_HAL_Driver/Src/stm32f4xx_hal_i2c.c.obj
 .text.I2C_DMAAbort
                0x080027c4      0x150 CMakeFiles/cubesat_dev.dir/Drivers/STM32F4xx_HAL_Driver/Src/stm32f4xx_hal_i2c.c.obj
 .text.I2C_WaitOnSTOPRequestThroughIT
                0x08002914       0x64 CMakeFiles/cubesat_dev.dir/Drivers/STM32F4xx_HAL_Driver/Src/stm32f4xx_hal_i2c.c.obj
 .text.I2C_ConvertOtherXferOptions
                0x08002978       0x36 CMakeFiles/cubesat_dev.dir/Drivers/STM32F4xx_HAL_Driver/Src/stm32f4xx_hal_i2c.c.obj
 *fill*         0x080029ae        0x2 
 .text.HAL_RCC_ClockConfig
                0x080029b0      0x1cc CMakeFiles/cubesat_dev.dir/Drivers/STM32F4xx_HAL_Driver/Src/stm32f4xx_hal_rcc.c.obj
                0x080029b0                HAL_RCC_ClockConfig
 .text.HAL_RCC_GetHCLKFreq
                0x08002b7c       0x18 CMakeFiles/cubesat_dev.dir/Drivers/STM32F4xx_HAL_Driver/Src/stm32f4xx_hal_rcc.c.obj
                0x08002b7c                HAL_RCC_GetHCLKFreq
 .text.HAL_RCC_GetPCLK1Freq
                0x08002b94       0x28 CMakeFiles/cubesat_dev.dir/Drivers/STM32F4xx_HAL_Driver/Src/stm32f4xx_hal_rcc.c.obj
                0x08002b94                HAL_RCC_GetPCLK1Freq
 .text.HAL_RCC_GetPCLK2Freq
                0x08002bbc       0x28 CMakeFiles/cubesat_dev.dir/Drivers/STM32F4xx_HAL_Driver/Src/stm32f4xx_hal_rcc.c.obj
                0x08002bbc                HAL_RCC_GetPCLK2Freq
 .text.HAL_RCCEx_PeriphCLKConfig
                0x08002be4      0x654 CMakeFiles/cubesat_dev.dir/Drivers/STM32F4xx_HAL_Driver/Src/stm32f4xx_hal_rcc_ex.c.obj
                0x08002be4                HAL_RCCEx_PeriphCLKConfig
 .text.HAL_RCC_GetSysClockFreq
                0x08003238      0x460 CMakeFiles/cubesat_dev.dir/Drivers/STM32F4xx_HAL_Driver/Src/stm32f4xx_hal_rcc_ex.c.obj
                0x08003238                HAL_RCC_GetSysClockFreq
 .text.HAL_RCC_OscConfig
                0x08003698      0x53c CMakeFiles/cubesat_dev.dir/Drivers/STM32F4xx_HAL_Driver/Src/stm32f4xx_hal_rcc_ex.c.obj
                0x08003698                HAL_RCC_OscConfig
 .text.HAL_GPIO_Init
                0x08003bd4      0x328 CMakeFiles/cubesat_dev.dir/Drivers/STM32F4xx_HAL_Driver/Src/stm32f4xx_hal_gpio.c.obj
                0x08003bd4                HAL_GPIO_Init
 .text.HAL_GPIO_WritePin
                0x08003efc       0x32 CMakeFiles/cubesat_dev.dir/Drivers/STM32F4xx_HAL_Driver/Src/stm32f4xx_hal_gpio.c.obj
                0x08003efc                HAL_GPIO_WritePin
 *fill*         0x08003f2e        0x2 
 .text.HAL_DMA_Init
                0x08003f30      0x15c CMakeFiles/cubesat_dev.dir/Drivers/STM32F4xx_HAL_Driver/Src/stm32f4xx_hal_dma.c.obj
                0x08003f30                HAL_DMA_Init
 .text.HAL_DMA_Abort
                0x0800408c       0xe0 CMakeFiles/cubesat_dev.dir/Drivers/STM32F4xx_HAL_Driver/Src/stm32f4xx_hal_dma.c.obj
                0x0800408c                HAL_DMA_Abort
 .text.HAL_DMA_Abort_IT
                0x0800416c       0x44 CMakeFiles/cubesat_dev.dir/Drivers/STM32F4xx_HAL_Driver/Src/stm32f4xx_hal_dma.c.obj
                0x0800416c                HAL_DMA_Abort_IT
 .text.HAL_DMA_IRQHandler
                0x080041b0      0x314 CMakeFiles/cubesat_dev.dir/Drivers/STM32F4xx_HAL_Driver/Src/stm32f4xx_hal_dma.c.obj
                0x080041b0                HAL_DMA_IRQHandler
 .text.HAL_DMA_GetState
                0x080044c4       0x1c CMakeFiles/cubesat_dev.dir/Drivers/STM32F4xx_HAL_Driver/Src/stm32f4xx_hal_dma.c.obj
                0x080044c4                HAL_DMA_GetState
 .text.DMA_CalcBaseAndBitshift
                0x080044e0       0x6c CMakeFiles/cubesat_dev.dir/Drivers/STM32F4xx_HAL_Driver/Src/stm32f4xx_hal_dma.c.obj
 .text.DMA_CheckFifoParam
                0x0800454c       0xf8 CMakeFiles/cubesat_dev.dir/Drivers/STM32F4xx_HAL_Driver/Src/stm32f4xx_hal_dma.c.obj
 .text.__NVIC_SetPriorityGrouping
                0x08004644       0x48 CMakeFiles/cubesat_dev.dir/Drivers/STM32F4xx_HAL_Driver/Src/stm32f4xx_hal_cortex.c.obj
 .text.__NVIC_GetPriorityGrouping
                0x0800468c       0x1c CMakeFiles/cubesat_dev.dir/Drivers/STM32F4xx_HAL_Driver/Src/stm32f4xx_hal_cortex.c.obj
 .text.__NVIC_EnableIRQ
                0x080046a8       0x3c CMakeFiles/cubesat_dev.dir/Drivers/STM32F4xx_HAL_Driver/Src/stm32f4xx_hal_cortex.c.obj
 .text.__NVIC_SetPriority
                0x080046e4       0x54 CMakeFiles/cubesat_dev.dir/Drivers/STM32F4xx_HAL_Driver/Src/stm32f4xx_hal_cortex.c.obj
 .text.NVIC_EncodePriority
                0x08004738       0x66 CMakeFiles/cubesat_dev.dir/Drivers/STM32F4xx_HAL_Driver/Src/stm32f4xx_hal_cortex.c.obj
 *fill*         0x0800479e        0x2 
 .text.SysTick_Config
                0x080047a0       0x44 CMakeFiles/cubesat_dev.dir/Drivers/STM32F4xx_HAL_Driver/Src/stm32f4xx_hal_cortex.c.obj
 .text.HAL_NVIC_SetPriorityGrouping
                0x080047e4       0x16 CMakeFiles/cubesat_dev.dir/Drivers/STM32F4xx_HAL_Driver/Src/stm32f4xx_hal_cortex.c.obj
                0x080047e4                HAL_NVIC_SetPriorityGrouping
 .text.HAL_NVIC_SetPriority
                0x080047fa       0x38 CMakeFiles/cubesat_dev.dir/Drivers/STM32F4xx_HAL_Driver/Src/stm32f4xx_hal_cortex.c.obj
                0x080047fa                HAL_NVIC_SetPriority
 .text.HAL_NVIC_EnableIRQ
                0x08004832       0x1c CMakeFiles/cubesat_dev.dir/Drivers/STM32F4xx_HAL_Driver/Src/stm32f4xx_hal_cortex.c.obj
                0x08004832                HAL_NVIC_EnableIRQ
 .text.HAL_SYSTICK_Config
                0x0800484e       0x18 CMakeFiles/cubesat_dev.dir/Drivers/STM32F4xx_HAL_Driver/Src/stm32f4xx_hal_cortex.c.obj
                0x0800484e                HAL_SYSTICK_Config
 *fill*         0x08004866        0x2 
 .text.HAL_Init
                0x08004868       0x44 CMakeFiles/cubesat_dev.dir/Drivers/STM32F4xx_HAL_Driver/Src/stm32f4xx_hal.c.obj
                0x08004868                HAL_Init
 .text.HAL_InitTick
                0x080048ac       0x60 CMakeFiles/cubesat_dev.dir/Drivers/STM32F4xx_HAL_Driver/Src/stm32f4xx_hal.c.obj
                0x080048ac                HAL_InitTick
 .text.HAL_IncTick
                0x0800490c       0x28 CMakeFiles/cubesat_dev.dir/Drivers/STM32F4xx_HAL_Driver/Src/stm32f4xx_hal.c.obj
                0x0800490c                HAL_IncTick
 .text.HAL_GetTick
                0x08004934       0x18 CMakeFiles/cubesat_dev.dir/Drivers/STM32F4xx_HAL_Driver/Src/stm32f4xx_hal.c.obj
                0x08004934                HAL_GetTick
 .text.HAL_Delay
                0x0800494c       0x48 CMakeFiles/cubesat_dev.dir/Drivers/STM32F4xx_HAL_Driver/Src/stm32f4xx_hal.c.obj
                0x0800494c                HAL_Delay
 .text.HAL_UART_Init
                0x08004994       0xa0 CMakeFiles/cubesat_dev.dir/Drivers/STM32F4xx_HAL_Driver/Src/stm32f4xx_hal_uart.c.obj
                0x08004994                HAL_UART_Init
 .text.HAL_UART_IRQHandler
                0x08004a34      0x524 CMakeFiles/cubesat_dev.dir/Drivers/STM32F4xx_HAL_Driver/Src/stm32f4xx_hal_uart.c.obj
                0x08004a34                HAL_UART_IRQHandler
 .text.HAL_UART_TxCpltCallback
                0x08004f58       0x14 CMakeFiles/cubesat_dev.dir/Drivers/STM32F4xx_HAL_Driver/Src/stm32f4xx_hal_uart.c.obj
                0x08004f58                HAL_UART_TxCpltCallback
 .text.HAL_UART_RxCpltCallback
                0x08004f6c       0x14 CMakeFiles/cubesat_dev.dir/Drivers/STM32F4xx_HAL_Driver/Src/stm32f4xx_hal_uart.c.obj
                0x08004f6c                HAL_UART_RxCpltCallback
 .text.HAL_UART_ErrorCallback
                0x08004f80       0x14 CMakeFiles/cubesat_dev.dir/Drivers/STM32F4xx_HAL_Driver/Src/stm32f4xx_hal_uart.c.obj
                0x08004f80                HAL_UART_ErrorCallback
 .text.HAL_UARTEx_RxEventCallback
                0x08004f94       0x18 CMakeFiles/cubesat_dev.dir/Drivers/STM32F4xx_HAL_Driver/Src/stm32f4xx_hal_uart.c.obj
                0x08004f94                HAL_UARTEx_RxEventCallback
 .text.UART_EndRxTransfer
                0x08004fac       0xc6 CMakeFiles/cubesat_dev.dir/Drivers/STM32F4xx_HAL_Driver/Src/stm32f4xx_hal_uart.c.obj
 .text.UART_DMAAbortOnError
                0x08005072       0x28 CMakeFiles/cubesat_dev.dir/Drivers/STM32F4xx_HAL_Driver/Src/stm32f4xx_hal_uart.c.obj
 .text.UART_Transmit_IT
                0x0800509a       0xa0 CMakeFiles/cubesat_dev.dir/Drivers/STM32F4xx_HAL_Driver/Src/stm32f4xx_hal_uart.c.obj
 .text.UART_EndTransmit_IT
                0x0800513a       0x30 CMakeFiles/cubesat_dev.dir/Drivers/STM32F4xx_HAL_Driver/Src/stm32f4xx_hal_uart.c.obj
 .text.UART_Receive_IT
                0x0800516a      0x17c CMakeFiles/cubesat_dev.dir/Drivers/STM32F4xx_HAL_Driver/Src/stm32f4xx_hal_uart.c.obj
 *fill*         0x080052e6        0x2 
 .text.UART_SetConfig
                0x080052e8      0x4e8 CMakeFiles/cubesat_dev.dir/Drivers/STM32F4xx_HAL_Driver/Src/stm32f4xx_hal_uart.c.obj
 .text.HAL_PCD_Init
                0x080057d0      0x22c CMakeFiles/cubesat_dev.dir/Drivers/STM32F4xx_HAL_Driver/Src/stm32f4xx_hal_pcd.c.obj
                0x080057d0                HAL_PCD_Init
 .text.HAL_PCDEx_ActivateLPM
                0x080059fc       0x48 CMakeFiles/cubesat_dev.dir/Drivers/STM32F4xx_HAL_Driver/Src/stm32f4xx_hal_pcd_ex.c.obj
                0x080059fc                HAL_PCDEx_ActivateLPM
 .text.USB_CoreInit
                0x08005a44       0xc8 CMakeFiles/cubesat_dev.dir/Drivers/STM32F4xx_HAL_Driver/Src/stm32f4xx_ll_usb.c.obj
                0x08005a44                USB_CoreInit
 .text.USB_DisableGlobalInt
                0x08005b0c       0x22 CMakeFiles/cubesat_dev.dir/Drivers/STM32F4xx_HAL_Driver/Src/stm32f4xx_ll_usb.c.obj
                0x08005b0c                USB_DisableGlobalInt
 .text.USB_SetCurrentMode
                0x08005b2e       0x98 CMakeFiles/cubesat_dev.dir/Drivers/STM32F4xx_HAL_Driver/Src/stm32f4xx_ll_usb.c.obj
                0x08005b2e                USB_SetCurrentMode
 *fill*         0x08005bc6        0x2 
 .text.USB_DevInit
                0x08005bc8      0x2bc CMakeFiles/cubesat_dev.dir/Drivers/STM32F4xx_HAL_Driver/Src/stm32f4xx_ll_usb.c.obj
                0x08005bc8                USB_DevInit
 .text.USB_FlushTxFifo
                0x08005e84       0x64 CMakeFiles/cubesat_dev.dir/Drivers/STM32F4xx_HAL_Driver/Src/stm32f4xx_ll_usb.c.obj
                0x08005e84                USB_FlushTxFifo
 .text.USB_FlushRxFifo
                0x08005ee8       0x5c CMakeFiles/cubesat_dev.dir/Drivers/STM32F4xx_HAL_Driver/Src/stm32f4xx_ll_usb.c.obj
                0x08005ee8                USB_FlushRxFifo
 .text.USB_SetDevSpeed
                0x08005f44       0x32 CMakeFiles/cubesat_dev.dir/Drivers/STM32F4xx_HAL_Driver/Src/stm32f4xx_ll_usb.c.obj
                0x08005f44                USB_SetDevSpeed
 .text.USB_DevDisconnect
                0x08005f76       0x42 CMakeFiles/cubesat_dev.dir/Drivers/STM32F4xx_HAL_Driver/Src/stm32f4xx_ll_usb.c.obj
                0x08005f76                USB_DevDisconnect
 .text.USB_GetMode
                0x08005fb8       0x1c CMakeFiles/cubesat_dev.dir/Drivers/STM32F4xx_HAL_Driver/Src/stm32f4xx_ll_usb.c.obj
                0x08005fb8                USB_GetMode
 .text.USB_CoreReset
                0x08005fd4       0x62 CMakeFiles/cubesat_dev.dir/Drivers/STM32F4xx_HAL_Driver/Src/stm32f4xx_ll_usb.c.obj
 *fill*         0x08006036        0x2 
 .text.SystemInit
                0x08006038       0x24 CMakeFiles/cubesat_dev.dir/Core/Src/system_stm32f4xx.c.obj
                0x08006038                SystemInit
 .text.Reset_Handler
                0x0800605c       0x50 CMakeFiles/cubesat_dev.dir/startup_stm32f446xx.s.obj
                0x0800605c                Reset_Handler
 .text.Default_Handler
                0x080060ac        0x2 CMakeFiles/cubesat_dev.dir/startup_stm32f446xx.s.obj
                0x080060ac                DMA1_Stream3_IRQHandler
                0x080060ac                EXTI2_IRQHandler
                0x080060ac                TIM8_CC_IRQHandler
                0x080060ac                FMPI2C1_EV_IRQHandler
                0x080060ac                SPI4_IRQHandler
                0x080060ac                TIM1_CC_IRQHandler
                0x080060ac                DMA2_Stream5_IRQHandler
                0x080060ac                DMA1_Stream5_IRQHandler
                0x080060ac                PVD_IRQHandler
                0x080060ac                SDIO_IRQHandler
                0x080060ac                TAMP_STAMP_IRQHandler
                0x080060ac                CAN2_RX1_IRQHandler
                0x080060ac                EXTI3_IRQHandler
                0x080060ac                TIM8_TRG_COM_TIM14_IRQHandler
                0x080060ac                TIM1_UP_TIM10_IRQHandler
                0x080060ac                TIM8_UP_TIM13_IRQHandler
                0x080060ac                I2C3_ER_IRQHandler
                0x080060ac                EXTI0_IRQHandler
                0x080060ac                I2C2_EV_IRQHandler
                0x080060ac                CAN1_RX0_IRQHandler
                0x080060ac                FPU_IRQHandler
                0x080060ac                OTG_HS_WKUP_IRQHandler
                0x080060ac                CAN2_SCE_IRQHandler
                0x080060ac                DMA2_Stream2_IRQHandler
                0x080060ac                SPI1_IRQHandler
                0x080060ac                TIM6_DAC_IRQHandler
                0x080060ac                TIM1_BRK_TIM9_IRQHandler
                0x080060ac                DCMI_IRQHandler
                0x080060ac                CAN2_RX0_IRQHandler
                0x080060ac                DMA2_Stream3_IRQHandler
                0x080060ac                SAI2_IRQHandler
                0x080060ac                USART6_IRQHandler
                0x080060ac                USART3_IRQHandler
                0x080060ac                CAN1_RX1_IRQHandler
                0x080060ac                UART5_IRQHandler
                0x080060ac                DMA2_Stream0_IRQHandler
                0x080060ac                TIM4_IRQHandler
                0x080060ac                QUADSPI_IRQHandler
                0x080060ac                DMA1_Stream6_IRQHandler
                0x080060ac                DMA1_Stream1_IRQHandler
                0x080060ac                TIM3_IRQHandler
                0x080060ac                RCC_IRQHandler
                0x080060ac                TIM8_BRK_TIM12_IRQHandler
                0x080060ac                Default_Handler
                0x080060ac                CEC_IRQHandler
                0x080060ac                EXTI15_10_IRQHandler
                0x080060ac                ADC_IRQHandler
                0x080060ac                DMA1_Stream7_IRQHandler
                0x080060ac                TIM7_IRQHandler
                0x080060ac                CAN2_TX_IRQHandler
                0x080060ac                TIM5_IRQHandler
                0x080060ac                DMA2_Stream7_IRQHandler
                0x080060ac                I2C3_EV_IRQHandler
                0x080060ac                EXTI9_5_IRQHandler
                0x080060ac                RTC_WKUP_IRQHandler
                0x080060ac                SPDIF_RX_IRQHandler
                0x080060ac                SPI2_IRQHandler
                0x080060ac                OTG_HS_EP1_IN_IRQHandler
                0x080060ac                DMA1_Stream0_IRQHandler
                0x080060ac                CAN1_TX_IRQHandler
                0x080060ac                FMPI2C1_ER_IRQHandler
                0x080060ac                EXTI4_IRQHandler
                0x080060ac                OTG_HS_EP1_OUT_IRQHandler
                0x080060ac                WWDG_IRQHandler
                0x080060ac                TIM2_IRQHandler
                0x080060ac                OTG_FS_WKUP_IRQHandler
                0x080060ac                TIM1_TRG_COM_TIM11_IRQHandler
                0x080060ac                OTG_HS_IRQHandler
                0x080060ac                EXTI1_IRQHandler
                0x080060ac                USART2_IRQHandler
                0x080060ac                I2C2_ER_IRQHandler
                0x080060ac                DMA2_Stream1_IRQHandler
                0x080060ac                CAN1_SCE_IRQHandler
                0x080060ac                FLASH_IRQHandler
                0x080060ac                DMA2_Stream4_IRQHandler
                0x080060ac                USART1_IRQHandler
                0x080060ac                OTG_FS_IRQHandler
                0x080060ac                SPI3_IRQHandler
                0x080060ac                DMA1_Stream4_IRQHandler
                0x080060ac                FMC_IRQHandler
                0x080060ac                DMA2_Stream6_IRQHandler
                0x080060ac                SAI1_IRQHandler
                0x080060ac                RTC_Alarm_IRQHandler
 *(.glue_7)
 .glue_7        0x080060ae        0x0 linker stubs
 *(.glue_7t)
 .glue_7t       0x080060ae        0x0 linker stubs
 *(.eh_frame)
 *fill*         0x080060ae        0x2 
 .eh_frame      0x080060b0        0x0 /opt/ST/STM32CubeCLT_1.17.0/GNU-tools-for-STM32/bin/../lib/gcc/arm-none-eabi/12.3.1/thumb/v7e-m+fp/hard/crtbegin.o
 *(.init)
 .init          0x080060b0        0x4 /opt/ST/STM32CubeCLT_1.17.0/GNU-tools-for-STM32/bin/../lib/gcc/arm-none-eabi/12.3.1/thumb/v7e-m+fp/hard/crti.o
                0x080060b0                _init
 .init          0x080060b4        0x8 /opt/ST/STM32CubeCLT_1.17.0/GNU-tools-for-STM32/bin/../lib/gcc/arm-none-eabi/12.3.1/thumb/v7e-m+fp/hard/crtn.o
 *(.fini)
 .fini          0x080060bc        0x4 /opt/ST/STM32CubeCLT_1.17.0/GNU-tools-for-STM32/bin/../lib/gcc/arm-none-eabi/12.3.1/thumb/v7e-m+fp/hard/crti.o
                0x080060bc                _fini
 .fini          0x080060c0        0x8 /opt/ST/STM32CubeCLT_1.17.0/GNU-tools-for-STM32/bin/../lib/gcc/arm-none-eabi/12.3.1/thumb/v7e-m+fp/hard/crtn.o
                0x080060c8                        . = ALIGN (0x4)
                0x080060c8                        _etext = .

.vfp11_veneer   0x080060c8        0x0
 .vfp11_veneer  0x080060c8        0x0 linker stubs

.v4_bx          0x080060c8        0x0
 .v4_bx         0x080060c8        0x0 linker stubs

.iplt           0x080060c8        0x0
 .iplt          0x080060c8        0x0 /opt/ST/STM32CubeCLT_1.17.0/GNU-tools-for-STM32/bin/../lib/gcc/arm-none-eabi/12.3.1/thumb/v7e-m+fp/hard/crtbegin.o

.rodata         0x080060c8       0x20
                0x080060c8                        . = ALIGN (0x4)
 *(.rodata)
 *(.rodata*)
 .rodata.flagBitshiftOffset.0
                0x080060c8        0x8 CMakeFiles/cubesat_dev.dir/Drivers/STM32F4xx_HAL_Driver/Src/stm32f4xx_hal_dma.c.obj
 .rodata.AHBPrescTable
                0x080060d0       0x10 CMakeFiles/cubesat_dev.dir/Core/Src/system_stm32f4xx.c.obj
                0x080060d0                AHBPrescTable
 .rodata.APBPrescTable
                0x080060e0        0x8 CMakeFiles/cubesat_dev.dir/Core/Src/system_stm32f4xx.c.obj
                0x080060e0                APBPrescTable
                0x080060e8                        . = ALIGN (0x4)

.ARM.extab
 *(.ARM.extab* .gnu.linkonce.armextab.*)

.ARM            0x080060e8        0x8
                0x080060e8                        __exidx_start = .
 *(.ARM.exidx*)
 .ARM.exidx     0x080060e8        0x8 /opt/ST/STM32CubeCLT_1.17.0/GNU-tools-for-STM32/bin/../lib/gcc/arm-none-eabi/12.3.1/thumb/v7e-m+fp/hard/libgcc.a(_udivmoddi4.o)
                0x080060f0                        __exidx_end = .

.rel.dyn        0x080060f0        0x0
 .rel.iplt      0x080060f0        0x0 /opt/ST/STM32CubeCLT_1.17.0/GNU-tools-for-STM32/bin/../lib/gcc/arm-none-eabi/12.3.1/thumb/v7e-m+fp/hard/crtbegin.o

.preinit_array  0x080060f0        0x0
                0x080060f0                        PROVIDE (__preinit_array_start = .)
 *(.preinit_array*)
                0x080060f0                        PROVIDE (__preinit_array_end = .)

.init_array     0x080060f0        0x4
                0x080060f0                        PROVIDE (__init_array_start = .)
 *(SORT_BY_NAME(.init_array.*))
 *(.init_array*)
 .init_array    0x080060f0        0x4 /opt/ST/STM32CubeCLT_1.17.0/GNU-tools-for-STM32/bin/../lib/gcc/arm-none-eabi/12.3.1/thumb/v7e-m+fp/hard/crtbegin.o
                0x080060f4                        PROVIDE (__init_array_end = .)

.fini_array     0x080060f4        0x4
                [!provide]                        PROVIDE (__fini_array_start = .)
 *(SORT_BY_NAME(.fini_array.*))
 *(.fini_array*)
 .fini_array    0x080060f4        0x4 /opt/ST/STM32CubeCLT_1.17.0/GNU-tools-for-STM32/bin/../lib/gcc/arm-none-eabi/12.3.1/thumb/v7e-m+fp/hard/crtbegin.o
                [!provide]                        PROVIDE (__fini_array_end = .)
                0x080060f8                        _sidata = LOADADDR (.data)

.data           0x20000000        0xc load address 0x080060f8
                0x20000000                        . = ALIGN (0x4)
                0x20000000                        _sdata = .
 *(.data)
 *(.data*)
 .data.uwTickPrio
                0x20000000        0x4 CMakeFiles/cubesat_dev.dir/Drivers/STM32F4xx_HAL_Driver/Src/stm32f4xx_hal.c.obj
                0x20000000                uwTickPrio
 .data.uwTickFreq
                0x20000004        0x1 CMakeFiles/cubesat_dev.dir/Drivers/STM32F4xx_HAL_Driver/Src/stm32f4xx_hal.c.obj
                0x20000004                uwTickFreq
 *fill*         0x20000005        0x3 
 .data.SystemCoreClock
                0x20000008        0x4 CMakeFiles/cubesat_dev.dir/Core/Src/system_stm32f4xx.c.obj
                0x20000008                SystemCoreClock
                0x2000000c                        . = ALIGN (0x4)
                0x2000000c                        _edata = .

.igot.plt       0x2000000c        0x0 load address 0x08006104
 .igot.plt      0x2000000c        0x0 /opt/ST/STM32CubeCLT_1.17.0/GNU-tools-for-STM32/bin/../lib/gcc/arm-none-eabi/12.3.1/thumb/v7e-m+fp/hard/crtbegin.o
                0x2000000c                        . = ALIGN (0x4)

.bss            0x2000000c      0x648 load address 0x08006104
                0x2000000c                        _sbss = .
                0x2000000c                        __bss_start__ = _sbss
 *(.bss)
 .bss           0x2000000c       0x1c /opt/ST/STM32CubeCLT_1.17.0/GNU-tools-for-STM32/bin/../lib/gcc/arm-none-eabi/12.3.1/thumb/v7e-m+fp/hard/crtbegin.o
 *(.bss*)
 .bss.hi2c1     0x20000028       0x54 CMakeFiles/cubesat_dev.dir/Core/Src/main.c.obj
                0x20000028                hi2c1
 .bss.huart4    0x2000007c       0x48 CMakeFiles/cubesat_dev.dir/Core/Src/main.c.obj
                0x2000007c                huart4
 .bss.huart3    0x200000c4       0x48 CMakeFiles/cubesat_dev.dir/Core/Src/main.c.obj
                0x200000c4                huart3
 .bss.hdma_uart4_rx
                0x2000010c       0x60 CMakeFiles/cubesat_dev.dir/Core/Src/main.c.obj
                0x2000010c                hdma_uart4_rx
 .bss.hpcd_USB_OTG_FS
                0x2000016c      0x4e4 CMakeFiles/cubesat_dev.dir/Core/Src/main.c.obj
                0x2000016c                hpcd_USB_OTG_FS
 .bss.uwTick    0x20000650        0x4 CMakeFiles/cubesat_dev.dir/Drivers/STM32F4xx_HAL_Driver/Src/stm32f4xx_hal.c.obj
                0x20000650                uwTick
 *(COMMON)
                0x20000654                        . = ALIGN (0x4)
                0x20000654                        _ebss = .
                0x20000654                        __bss_end__ = _ebss

._user_heap_stack
                0x20000654      0x604 load address 0x08006104
                0x20000658                        . = ALIGN (0x8)
 *fill*         0x20000654        0x4 
                [!provide]                        PROVIDE (end = .)
                0x20000658                        PROVIDE (_end = .)
                0x20000858                        . = (. + _Min_Heap_Size)
 *fill*         0x20000658      0x200 
                0x20000c58                        . = (. + _Min_Stack_Size)
 *fill*         0x20000858      0x400 
                0x20000c58                        . = ALIGN (0x8)

/DISCARD/
 libc.a(*)
 libm.a(*)
 libgcc.a(*)
OUTPUT(cubesat_dev.elf elf32-littlearm)
LOAD linker stubs
LOAD /opt/ST/STM32CubeCLT_1.17.0/GNU-tools-for-STM32/bin/../lib/gcc/arm-none-eabi/12.3.1/../../../../arm-none-eabi/lib/thumb/v7e-m+fp/hard/libc.a
LOAD /opt/ST/STM32CubeCLT_1.17.0/GNU-tools-for-STM32/bin/../lib/gcc/arm-none-eabi/12.3.1/../../../../arm-none-eabi/lib/thumb/v7e-m+fp/hard/libm.a
LOAD /opt/ST/STM32CubeCLT_1.17.0/GNU-tools-for-STM32/bin/../lib/gcc/arm-none-eabi/12.3.1/thumb/v7e-m+fp/hard/libgcc.a

.ARM.attributes
                0x00000000       0x30
 .ARM.attributes
                0x00000000       0x22 /opt/ST/STM32CubeCLT_1.17.0/GNU-tools-for-STM32/bin/../lib/gcc/arm-none-eabi/12.3.1/thumb/v7e-m+fp/hard/crti.o
 .ARM.attributes
                0x00000022       0x34 /opt/ST/STM32CubeCLT_1.17.0/GNU-tools-for-STM32/bin/../lib/gcc/arm-none-eabi/12.3.1/thumb/v7e-m+fp/hard/crtbegin.o
 .ARM.attributes
                0x00000056       0x34 /opt/ST/STM32CubeCLT_1.17.0/GNU-tools-for-STM32/bin/../lib/gcc/arm-none-eabi/12.3.1/../../../../arm-none-eabi/lib/thumb/v7e-m+fp/hard/libc_nano.a(libc_a-memset.o)
 .ARM.attributes
                0x0000008a       0x34 /opt/ST/STM32CubeCLT_1.17.0/GNU-tools-for-STM32/bin/../lib/gcc/arm-none-eabi/12.3.1/../../../../arm-none-eabi/lib/thumb/v7e-m+fp/hard/libc_nano.a(libc_a-init.o)
 .ARM.attributes
                0x000000be       0x34 CMakeFiles/cubesat_dev.dir/Core/Src/main.c.obj
 .ARM.attributes
                0x000000f2       0x34 CMakeFiles/cubesat_dev.dir/Core/Src/stm32f4xx_it.c.obj
 .ARM.attributes
                0x00000126       0x34 CMakeFiles/cubesat_dev.dir/Core/Src/stm32f4xx_hal_msp.c.obj
 .ARM.attributes
                0x0000015a       0x34 CMakeFiles/cubesat_dev.dir/Drivers/STM32F4xx_HAL_Driver/Src/stm32f4xx_hal_i2c.c.obj
 .ARM.attributes
                0x0000018e       0x34 CMakeFiles/cubesat_dev.dir/Drivers/STM32F4xx_HAL_Driver/Src/stm32f4xx_hal_rcc.c.obj
 .ARM.attributes
                0x000001c2       0x34 CMakeFiles/cubesat_dev.dir/Drivers/STM32F4xx_HAL_Driver/Src/stm32f4xx_hal_rcc_ex.c.obj
 .ARM.attributes
                0x000001f6       0x34 CMakeFiles/cubesat_dev.dir/Drivers/STM32F4xx_HAL_Driver/Src/stm32f4xx_hal_gpio.c.obj
 .ARM.attributes
                0x0000022a       0x34 CMakeFiles/cubesat_dev.dir/Drivers/STM32F4xx_HAL_Driver/Src/stm32f4xx_hal_dma.c.obj
 .ARM.attributes
                0x0000025e       0x34 CMakeFiles/cubesat_dev.dir/Drivers/STM32F4xx_HAL_Driver/Src/stm32f4xx_hal_cortex.c.obj
 .ARM.attributes
                0x00000292       0x34 CMakeFiles/cubesat_dev.dir/Drivers/STM32F4xx_HAL_Driver/Src/stm32f4xx_hal.c.obj
 .ARM.attributes
                0x000002c6       0x34 CMakeFiles/cubesat_dev.dir/Drivers/STM32F4xx_HAL_Driver/Src/stm32f4xx_hal_uart.c.obj
 .ARM.attributes
                0x000002fa       0x34 CMakeFiles/cubesat_dev.dir/Drivers/STM32F4xx_HAL_Driver/Src/stm32f4xx_hal_pcd.c.obj
 .ARM.attributes
                0x0000032e       0x34 CMakeFiles/cubesat_dev.dir/Drivers/STM32F4xx_HAL_Driver/Src/stm32f4xx_hal_pcd_ex.c.obj
 .ARM.attributes
                0x00000362       0x34 CMakeFiles/cubesat_dev.dir/Drivers/STM32F4xx_HAL_Driver/Src/stm32f4xx_ll_usb.c.obj
 .ARM.attributes
                0x00000396       0x34 CMakeFiles/cubesat_dev.dir/Core/Src/system_stm32f4xx.c.obj
 .ARM.attributes
                0x000003ca       0x21 CMakeFiles/cubesat_dev.dir/startup_stm32f446xx.s.obj
 .ARM.attributes
                0x000003eb       0x22 /opt/ST/STM32CubeCLT_1.17.0/GNU-tools-for-STM32/bin/../lib/gcc/arm-none-eabi/12.3.1/thumb/v7e-m+fp/hard/libgcc.a(_aeabi_uldivmod.o)
 .ARM.attributes
                0x0000040d       0x34 /opt/ST/STM32CubeCLT_1.17.0/GNU-tools-for-STM32/bin/../lib/gcc/arm-none-eabi/12.3.1/thumb/v7e-m+fp/hard/libgcc.a(_udivmoddi4.o)
 .ARM.attributes
                0x00000441       0x22 /opt/ST/STM32CubeCLT_1.17.0/GNU-tools-for-STM32/bin/../lib/gcc/arm-none-eabi/12.3.1/thumb/v7e-m+fp/hard/libgcc.a(_dvmd_tls.o)
 .ARM.attributes
                0x00000463       0x22 /opt/ST/STM32CubeCLT_1.17.0/GNU-tools-for-STM32/bin/../lib/gcc/arm-none-eabi/12.3.1/thumb/v7e-m+fp/hard/crtn.o

.comment        0x00000000       0x43
 .comment       0x00000000       0x43 CMakeFiles/cubesat_dev.dir/Core/Src/main.c.obj
                                 0x44 (size before relaxing)
 .comment       0x00000043       0x44 CMakeFiles/cubesat_dev.dir/Core/Src/stm32f4xx_it.c.obj
 .comment       0x00000043       0x44 CMakeFiles/cubesat_dev.dir/Core/Src/stm32f4xx_hal_msp.c.obj
 .comment       0x00000043       0x44 CMakeFiles/cubesat_dev.dir/Drivers/STM32F4xx_HAL_Driver/Src/stm32f4xx_hal_i2c.c.obj
 .comment       0x00000043       0x44 CMakeFiles/cubesat_dev.dir/Drivers/STM32F4xx_HAL_Driver/Src/stm32f4xx_hal_rcc.c.obj
 .comment       0x00000043       0x44 CMakeFiles/cubesat_dev.dir/Drivers/STM32F4xx_HAL_Driver/Src/stm32f4xx_hal_rcc_ex.c.obj
 .comment       0x00000043       0x44 CMakeFiles/cubesat_dev.dir/Drivers/STM32F4xx_HAL_Driver/Src/stm32f4xx_hal_gpio.c.obj
 .comment       0x00000043       0x44 CMakeFiles/cubesat_dev.dir/Drivers/STM32F4xx_HAL_Driver/Src/stm32f4xx_hal_dma.c.obj
 .comment       0x00000043       0x44 CMakeFiles/cubesat_dev.dir/Drivers/STM32F4xx_HAL_Driver/Src/stm32f4xx_hal_cortex.c.obj
 .comment       0x00000043       0x44 CMakeFiles/cubesat_dev.dir/Drivers/STM32F4xx_HAL_Driver/Src/stm32f4xx_hal.c.obj
 .comment       0x00000043       0x44 CMakeFiles/cubesat_dev.dir/Drivers/STM32F4xx_HAL_Driver/Src/stm32f4xx_hal_uart.c.obj
 .comment       0x00000043       0x44 CMakeFiles/cubesat_dev.dir/Drivers/STM32F4xx_HAL_Driver/Src/stm32f4xx_hal_pcd.c.obj
 .comment       0x00000043       0x44 CMakeFiles/cubesat_dev.dir/Drivers/STM32F4xx_HAL_Driver/Src/stm32f4xx_hal_pcd_ex.c.obj
 .comment       0x00000043       0x44 CMakeFiles/cubesat_dev.dir/Drivers/STM32F4xx_HAL_Driver/Src/stm32f4xx_ll_usb.c.obj
 .comment       0x00000043       0x44 CMakeFiles/cubesat_dev.dir/Core/Src/system_stm32f4xx.c.obj

.debug_frame    0x00000000     0x38f0
 .debug_frame   0x00000000       0x20 /opt/ST/STM32CubeCLT_1.17.0/GNU-tools-for-STM32/bin/../lib/gcc/arm-none-eabi/12.3.1/../../../../arm-none-eabi/lib/thumb/v7e-m+fp/hard/libc_nano.a(libc_a-memset.o)
 .debug_frame   0x00000020       0x2c /opt/ST/STM32CubeCLT_1.17.0/GNU-tools-for-STM32/bin/../lib/gcc/arm-none-eabi/12.3.1/../../../../arm-none-eabi/lib/thumb/v7e-m+fp/hard/libc_nano.a(libc_a-init.o)
 .debug_frame   0x0000004c      0x120 CMakeFiles/cubesat_dev.dir/Core/Src/main.c.obj
 .debug_frame   0x0000016c      0x174 CMakeFiles/cubesat_dev.dir/Core/Src/stm32f4xx_it.c.obj
 .debug_frame   0x000002e0      0x114 CMakeFiles/cubesat_dev.dir/Core/Src/stm32f4xx_hal_msp.c.obj
 .debug_frame   0x000003f4      0xc84 CMakeFiles/cubesat_dev.dir/Drivers/STM32F4xx_HAL_Driver/Src/stm32f4xx_hal_i2c.c.obj
 .debug_frame   0x00001078      0x1f4 CMakeFiles/cubesat_dev.dir/Drivers/STM32F4xx_HAL_Driver/Src/stm32f4xx_hal_rcc.c.obj
 .debug_frame   0x0000126c      0x1e8 CMakeFiles/cubesat_dev.dir/Drivers/STM32F4xx_HAL_Driver/Src/stm32f4xx_hal_rcc_ex.c.obj
 .debug_frame   0x00001454      0x14c CMakeFiles/cubesat_dev.dir/Drivers/STM32F4xx_HAL_Driver/Src/stm32f4xx_hal_gpio.c.obj
 .debug_frame   0x000015a0      0x250 CMakeFiles/cubesat_dev.dir/Drivers/STM32F4xx_HAL_Driver/Src/stm32f4xx_hal_dma.c.obj
 .debug_frame   0x000017f0      0x508 CMakeFiles/cubesat_dev.dir/Drivers/STM32F4xx_HAL_Driver/Src/stm32f4xx_hal_cortex.c.obj
 .debug_frame   0x00001cf8      0x374 CMakeFiles/cubesat_dev.dir/Drivers/STM32F4xx_HAL_Driver/Src/stm32f4xx_hal.c.obj
 .debug_frame   0x0000206c      0x954 CMakeFiles/cubesat_dev.dir/Drivers/STM32F4xx_HAL_Driver/Src/stm32f4xx_hal_uart.c.obj
 .debug_frame   0x000029c0      0x5b8 CMakeFiles/cubesat_dev.dir/Drivers/STM32F4xx_HAL_Driver/Src/stm32f4xx_hal_pcd.c.obj
 .debug_frame   0x00002f78      0x100 CMakeFiles/cubesat_dev.dir/Drivers/STM32F4xx_HAL_Driver/Src/stm32f4xx_hal_pcd_ex.c.obj
 .debug_frame   0x00003078      0x7c0 CMakeFiles/cubesat_dev.dir/Drivers/STM32F4xx_HAL_Driver/Src/stm32f4xx_ll_usb.c.obj
 .debug_frame   0x00003838       0x58 CMakeFiles/cubesat_dev.dir/Core/Src/system_stm32f4xx.c.obj
 .debug_frame   0x00003890       0x2c /opt/ST/STM32CubeCLT_1.17.0/GNU-tools-for-STM32/bin/../lib/gcc/arm-none-eabi/12.3.1/thumb/v7e-m+fp/hard/libgcc.a(_aeabi_uldivmod.o)
 .debug_frame   0x000038bc       0x34 /opt/ST/STM32CubeCLT_1.17.0/GNU-tools-for-STM32/bin/../lib/gcc/arm-none-eabi/12.3.1/thumb/v7e-m+fp/hard/libgcc.a(_udivmoddi4.o)

.debug_info     0x00000000    0x100cb
 .debug_info    0x00000000     0x16f6 CMakeFiles/cubesat_dev.dir/Core/Src/main.c.obj
 .debug_info    0x000016f6      0x94f CMakeFiles/cubesat_dev.dir/Core/Src/stm32f4xx_it.c.obj
 .debug_info    0x00002045     0x169d CMakeFiles/cubesat_dev.dir/Core/Src/stm32f4xx_hal_msp.c.obj
 .debug_info    0x000036e2     0x2421 CMakeFiles/cubesat_dev.dir/Drivers/STM32F4xx_HAL_Driver/Src/stm32f4xx_hal_i2c.c.obj
 .debug_info    0x00005b03      0x8eb CMakeFiles/cubesat_dev.dir/Drivers/STM32F4xx_HAL_Driver/Src/stm32f4xx_hal_rcc.c.obj
 .debug_info    0x000063ee      0x956 CMakeFiles/cubesat_dev.dir/Drivers/STM32F4xx_HAL_Driver/Src/stm32f4xx_hal_rcc_ex.c.obj
 .debug_info    0x00006d44      0x70b CMakeFiles/cubesat_dev.dir/Drivers/STM32F4xx_HAL_Driver/Src/stm32f4xx_hal_gpio.c.obj
 .debug_info    0x0000744f      0x8e7 CMakeFiles/cubesat_dev.dir/Drivers/STM32F4xx_HAL_Driver/Src/stm32f4xx_hal_dma.c.obj
 .debug_info    0x00007d36      0xdaa CMakeFiles/cubesat_dev.dir/Drivers/STM32F4xx_HAL_Driver/Src/stm32f4xx_hal_cortex.c.obj
 .debug_info    0x00008ae0      0x99a CMakeFiles/cubesat_dev.dir/Drivers/STM32F4xx_HAL_Driver/Src/stm32f4xx_hal.c.obj
 .debug_info    0x0000947a     0x2f4f CMakeFiles/cubesat_dev.dir/Drivers/STM32F4xx_HAL_Driver/Src/stm32f4xx_hal_uart.c.obj
 .debug_info    0x0000c3c9     0x15e3 CMakeFiles/cubesat_dev.dir/Drivers/STM32F4xx_HAL_Driver/Src/stm32f4xx_hal_pcd.c.obj
 .debug_info    0x0000d9ac      0x7b4 CMakeFiles/cubesat_dev.dir/Drivers/STM32F4xx_HAL_Driver/Src/stm32f4xx_hal_pcd_ex.c.obj
 .debug_info    0x0000e160     0x19f1 CMakeFiles/cubesat_dev.dir/Drivers/STM32F4xx_HAL_Driver/Src/stm32f4xx_ll_usb.c.obj
 .debug_info    0x0000fb51      0x54a CMakeFiles/cubesat_dev.dir/Core/Src/system_stm32f4xx.c.obj
 .debug_info    0x0001009b       0x30 CMakeFiles/cubesat_dev.dir/startup_stm32f446xx.s.obj

.debug_abbrev   0x00000000     0x2372
 .debug_abbrev  0x00000000      0x2ec CMakeFiles/cubesat_dev.dir/Core/Src/main.c.obj
 .debug_abbrev  0x000002ec      0x176 CMakeFiles/cubesat_dev.dir/Core/Src/stm32f4xx_it.c.obj
 .debug_abbrev  0x00000462      0x28d CMakeFiles/cubesat_dev.dir/Core/Src/stm32f4xx_hal_msp.c.obj
 .debug_abbrev  0x000006ef      0x2ad CMakeFiles/cubesat_dev.dir/Drivers/STM32F4xx_HAL_Driver/Src/stm32f4xx_hal_i2c.c.obj
 .debug_abbrev  0x0000099c      0x2b7 CMakeFiles/cubesat_dev.dir/Drivers/STM32F4xx_HAL_Driver/Src/stm32f4xx_hal_rcc.c.obj
 .debug_abbrev  0x00000c53      0x20a CMakeFiles/cubesat_dev.dir/Drivers/STM32F4xx_HAL_Driver/Src/stm32f4xx_hal_rcc_ex.c.obj
 .debug_abbrev  0x00000e5d      0x1d4 CMakeFiles/cubesat_dev.dir/Drivers/STM32F4xx_HAL_Driver/Src/stm32f4xx_hal_gpio.c.obj
 .debug_abbrev  0x00001031      0x264 CMakeFiles/cubesat_dev.dir/Drivers/STM32F4xx_HAL_Driver/Src/stm32f4xx_hal_dma.c.obj
 .debug_abbrev  0x00001295      0x31d CMakeFiles/cubesat_dev.dir/Drivers/STM32F4xx_HAL_Driver/Src/stm32f4xx_hal_cortex.c.obj
 .debug_abbrev  0x000015b2      0x214 CMakeFiles/cubesat_dev.dir/Drivers/STM32F4xx_HAL_Driver/Src/stm32f4xx_hal.c.obj
 .debug_abbrev  0x000017c6      0x30e CMakeFiles/cubesat_dev.dir/Drivers/STM32F4xx_HAL_Driver/Src/stm32f4xx_hal_uart.c.obj
 .debug_abbrev  0x00001ad4      0x2d0 CMakeFiles/cubesat_dev.dir/Drivers/STM32F4xx_HAL_Driver/Src/stm32f4xx_hal_pcd.c.obj
 .debug_abbrev  0x00001da4      0x1dd CMakeFiles/cubesat_dev.dir/Drivers/STM32F4xx_HAL_Driver/Src/stm32f4xx_hal_pcd_ex.c.obj
 .debug_abbrev  0x00001f81      0x2b3 CMakeFiles/cubesat_dev.dir/Drivers/STM32F4xx_HAL_Driver/Src/stm32f4xx_ll_usb.c.obj
 .debug_abbrev  0x00002234      0x11a CMakeFiles/cubesat_dev.dir/Core/Src/system_stm32f4xx.c.obj
 .debug_abbrev  0x0000234e       0x24 CMakeFiles/cubesat_dev.dir/startup_stm32f446xx.s.obj

.debug_aranges  0x00000000      0xd68
 .debug_aranges
                0x00000000       0x60 CMakeFiles/cubesat_dev.dir/Core/Src/main.c.obj
 .debug_aranges
                0x00000060       0x80 CMakeFiles/cubesat_dev.dir/Core/Src/stm32f4xx_it.c.obj
 .debug_aranges
                0x000000e0       0x50 CMakeFiles/cubesat_dev.dir/Core/Src/stm32f4xx_hal_msp.c.obj
 .debug_aranges
                0x00000130      0x2a8 CMakeFiles/cubesat_dev.dir/Drivers/STM32F4xx_HAL_Driver/Src/stm32f4xx_hal_i2c.c.obj
 .debug_aranges
                0x000003d8       0x88 CMakeFiles/cubesat_dev.dir/Drivers/STM32F4xx_HAL_Driver/Src/stm32f4xx_hal_rcc.c.obj
 .debug_aranges
                0x00000460       0x78 CMakeFiles/cubesat_dev.dir/Drivers/STM32F4xx_HAL_Driver/Src/stm32f4xx_hal_rcc_ex.c.obj
 .debug_aranges
                0x000004d8       0x58 CMakeFiles/cubesat_dev.dir/Drivers/STM32F4xx_HAL_Driver/Src/stm32f4xx_hal_gpio.c.obj
 .debug_aranges
                0x00000530       0x90 CMakeFiles/cubesat_dev.dir/Drivers/STM32F4xx_HAL_Driver/Src/stm32f4xx_hal_dma.c.obj
 .debug_aranges
                0x000005c0      0x130 CMakeFiles/cubesat_dev.dir/Drivers/STM32F4xx_HAL_Driver/Src/stm32f4xx_hal_cortex.c.obj
 .debug_aranges
                0x000006f0       0xf0 CMakeFiles/cubesat_dev.dir/Drivers/STM32F4xx_HAL_Driver/Src/stm32f4xx_hal.c.obj
 .debug_aranges
                0x000007e0      0x208 CMakeFiles/cubesat_dev.dir/Drivers/STM32F4xx_HAL_Driver/Src/stm32f4xx_hal_uart.c.obj
 .debug_aranges
                0x000009e8      0x148 CMakeFiles/cubesat_dev.dir/Drivers/STM32F4xx_HAL_Driver/Src/stm32f4xx_hal_pcd.c.obj
 .debug_aranges
                0x00000b30       0x48 CMakeFiles/cubesat_dev.dir/Drivers/STM32F4xx_HAL_Driver/Src/stm32f4xx_hal_pcd_ex.c.obj
 .debug_aranges
                0x00000b78      0x1a0 CMakeFiles/cubesat_dev.dir/Drivers/STM32F4xx_HAL_Driver/Src/stm32f4xx_ll_usb.c.obj
 .debug_aranges
                0x00000d18       0x28 CMakeFiles/cubesat_dev.dir/Core/Src/system_stm32f4xx.c.obj
 .debug_aranges
                0x00000d40       0x28 CMakeFiles/cubesat_dev.dir/startup_stm32f446xx.s.obj

.debug_rnglists
                0x00000000      0xa7a
 .debug_rnglists
                0x00000000       0x45 CMakeFiles/cubesat_dev.dir/Core/Src/main.c.obj
 .debug_rnglists
                0x00000045       0x5b CMakeFiles/cubesat_dev.dir/Core/Src/stm32f4xx_it.c.obj
 .debug_rnglists
                0x000000a0       0x3a CMakeFiles/cubesat_dev.dir/Core/Src/stm32f4xx_hal_msp.c.obj
 .debug_rnglists
                0x000000da      0x23c CMakeFiles/cubesat_dev.dir/Drivers/STM32F4xx_HAL_Driver/Src/stm32f4xx_hal_i2c.c.obj
 .debug_rnglists
                0x00000316       0x66 CMakeFiles/cubesat_dev.dir/Drivers/STM32F4xx_HAL_Driver/Src/stm32f4xx_hal_rcc.c.obj
 .debug_rnglists
                0x0000037c       0x5e CMakeFiles/cubesat_dev.dir/Drivers/STM32F4xx_HAL_Driver/Src/stm32f4xx_hal_rcc_ex.c.obj
 .debug_rnglists
                0x000003da       0x3f CMakeFiles/cubesat_dev.dir/Drivers/STM32F4xx_HAL_Driver/Src/stm32f4xx_hal_gpio.c.obj
 .debug_rnglists
                0x00000419       0x70 CMakeFiles/cubesat_dev.dir/Drivers/STM32F4xx_HAL_Driver/Src/stm32f4xx_hal_dma.c.obj
 .debug_rnglists
                0x00000489       0xe0 CMakeFiles/cubesat_dev.dir/Drivers/STM32F4xx_HAL_Driver/Src/stm32f4xx_hal_cortex.c.obj
 .debug_rnglists
                0x00000569       0xaf CMakeFiles/cubesat_dev.dir/Drivers/STM32F4xx_HAL_Driver/Src/stm32f4xx_hal.c.obj
 .debug_rnglists
                0x00000618      0x1bc CMakeFiles/cubesat_dev.dir/Drivers/STM32F4xx_HAL_Driver/Src/stm32f4xx_hal_uart.c.obj
 .debug_rnglists
                0x000007d4       0xfa CMakeFiles/cubesat_dev.dir/Drivers/STM32F4xx_HAL_Driver/Src/stm32f4xx_hal_pcd.c.obj
 .debug_rnglists
                0x000008ce       0x32 CMakeFiles/cubesat_dev.dir/Drivers/STM32F4xx_HAL_Driver/Src/stm32f4xx_hal_pcd_ex.c.obj
 .debug_rnglists
                0x00000900      0x147 CMakeFiles/cubesat_dev.dir/Drivers/STM32F4xx_HAL_Driver/Src/stm32f4xx_ll_usb.c.obj
 .debug_rnglists
                0x00000a47       0x1a CMakeFiles/cubesat_dev.dir/Core/Src/system_stm32f4xx.c.obj
 .debug_rnglists
                0x00000a61       0x19 CMakeFiles/cubesat_dev.dir/startup_stm32f446xx.s.obj

.debug_macro    0x00000000    0x214c4
 .debug_macro   0x00000000      0x206 CMakeFiles/cubesat_dev.dir/Core/Src/main.c.obj
 .debug_macro   0x00000206      0xab4 CMakeFiles/cubesat_dev.dir/Core/Src/main.c.obj
 .debug_macro   0x00000cba      0x2a1 CMakeFiles/cubesat_dev.dir/Core/Src/main.c.obj
 .debug_macro   0x00000f5b       0x2e CMakeFiles/cubesat_dev.dir/Core/Src/main.c.obj
 .debug_macro   0x00000f89       0x28 CMakeFiles/cubesat_dev.dir/Core/Src/main.c.obj
 .debug_macro   0x00000fb1       0x22 CMakeFiles/cubesat_dev.dir/Core/Src/main.c.obj
 .debug_macro   0x00000fd3       0x8e CMakeFiles/cubesat_dev.dir/Core/Src/main.c.obj
 .debug_macro   0x00001061       0x51 CMakeFiles/cubesat_dev.dir/Core/Src/main.c.obj
 .debug_macro   0x000010b2      0x103 CMakeFiles/cubesat_dev.dir/Core/Src/main.c.obj
 .debug_macro   0x000011b5       0x6a CMakeFiles/cubesat_dev.dir/Core/Src/main.c.obj
 .debug_macro   0x0000121f      0x1df CMakeFiles/cubesat_dev.dir/Core/Src/main.c.obj
 .debug_macro   0x000013fe       0x1c CMakeFiles/cubesat_dev.dir/Core/Src/main.c.obj
 .debug_macro   0x0000141a       0x22 CMakeFiles/cubesat_dev.dir/Core/Src/main.c.obj
 .debug_macro   0x0000143c       0xfb CMakeFiles/cubesat_dev.dir/Core/Src/main.c.obj
 .debug_macro   0x00001537     0x1011 CMakeFiles/cubesat_dev.dir/Core/Src/main.c.obj
 .debug_macro   0x00002548      0x11f CMakeFiles/cubesat_dev.dir/Core/Src/main.c.obj
 .debug_macro   0x00002667    0x16749 CMakeFiles/cubesat_dev.dir/Core/Src/main.c.obj
 .debug_macro   0x00018db0       0x6d CMakeFiles/cubesat_dev.dir/Core/Src/main.c.obj
 .debug_macro   0x00018e1d     0x369a CMakeFiles/cubesat_dev.dir/Core/Src/main.c.obj
 .debug_macro   0x0001c4b7      0x189 CMakeFiles/cubesat_dev.dir/Core/Src/main.c.obj
 .debug_macro   0x0001c640       0x5c CMakeFiles/cubesat_dev.dir/Core/Src/main.c.obj
 .debug_macro   0x0001c69c      0xca5 CMakeFiles/cubesat_dev.dir/Core/Src/main.c.obj
 .debug_macro   0x0001d341      0x9e9 CMakeFiles/cubesat_dev.dir/Core/Src/main.c.obj
 .debug_macro   0x0001dd2a      0x115 CMakeFiles/cubesat_dev.dir/Core/Src/main.c.obj
 .debug_macro   0x0001de3f      0x1a0 CMakeFiles/cubesat_dev.dir/Core/Src/main.c.obj
 .debug_macro   0x0001dfdf       0xa5 CMakeFiles/cubesat_dev.dir/Core/Src/main.c.obj
 .debug_macro   0x0001e084      0x16d CMakeFiles/cubesat_dev.dir/Core/Src/main.c.obj
 .debug_macro   0x0001e1f1      0x287 CMakeFiles/cubesat_dev.dir/Core/Src/main.c.obj
 .debug_macro   0x0001e478       0x5f CMakeFiles/cubesat_dev.dir/Core/Src/main.c.obj
 .debug_macro   0x0001e4d7      0x236 CMakeFiles/cubesat_dev.dir/Core/Src/main.c.obj
 .debug_macro   0x0001e70d      0x132 CMakeFiles/cubesat_dev.dir/Core/Src/main.c.obj
 .debug_macro   0x0001e83f      0x29c CMakeFiles/cubesat_dev.dir/Core/Src/main.c.obj
 .debug_macro   0x0001eadb       0x2e CMakeFiles/cubesat_dev.dir/Core/Src/main.c.obj
 .debug_macro   0x0001eb09      0x1b5 CMakeFiles/cubesat_dev.dir/Core/Src/main.c.obj
 .debug_macro   0x0001ecbe       0x22 CMakeFiles/cubesat_dev.dir/Core/Src/main.c.obj
 .debug_macro   0x0001ece0       0xd6 CMakeFiles/cubesat_dev.dir/Core/Src/main.c.obj
 .debug_macro   0x0001edb6      0x127 CMakeFiles/cubesat_dev.dir/Core/Src/main.c.obj
 .debug_macro   0x0001eedd       0xe8 CMakeFiles/cubesat_dev.dir/Core/Src/main.c.obj
 .debug_macro   0x0001efc5       0x89 CMakeFiles/cubesat_dev.dir/Core/Src/main.c.obj
 .debug_macro   0x0001f04e      0x2aa CMakeFiles/cubesat_dev.dir/Core/Src/main.c.obj
 .debug_macro   0x0001f2f8      0x293 CMakeFiles/cubesat_dev.dir/Core/Src/main.c.obj
 .debug_macro   0x0001f58b       0xba CMakeFiles/cubesat_dev.dir/Core/Src/main.c.obj
 .debug_macro   0x0001f645      0x126 CMakeFiles/cubesat_dev.dir/Core/Src/main.c.obj
 .debug_macro   0x0001f76b       0xc4 CMakeFiles/cubesat_dev.dir/Core/Src/main.c.obj
 .debug_macro   0x0001f82f      0x210 CMakeFiles/cubesat_dev.dir/Core/Src/stm32f4xx_it.c.obj
 .debug_macro   0x0001fa3f      0x206 CMakeFiles/cubesat_dev.dir/Core/Src/stm32f4xx_hal_msp.c.obj
 .debug_macro   0x0001fc45      0x245 CMakeFiles/cubesat_dev.dir/Drivers/STM32F4xx_HAL_Driver/Src/stm32f4xx_hal_i2c.c.obj
 .debug_macro   0x0001fe8a      0x21b CMakeFiles/cubesat_dev.dir/Drivers/STM32F4xx_HAL_Driver/Src/stm32f4xx_hal_rcc.c.obj
 .debug_macro   0x000200a5      0x1f7 CMakeFiles/cubesat_dev.dir/Drivers/STM32F4xx_HAL_Driver/Src/stm32f4xx_hal_rcc_ex.c.obj
 .debug_macro   0x0002029c      0x1fd CMakeFiles/cubesat_dev.dir/Drivers/STM32F4xx_HAL_Driver/Src/stm32f4xx_hal_gpio.c.obj
 .debug_macro   0x00020499      0x1fd CMakeFiles/cubesat_dev.dir/Drivers/STM32F4xx_HAL_Driver/Src/stm32f4xx_hal_dma.c.obj
 .debug_macro   0x00020696      0x1f7 CMakeFiles/cubesat_dev.dir/Drivers/STM32F4xx_HAL_Driver/Src/stm32f4xx_hal_cortex.c.obj
 .debug_macro   0x0002088d      0x257 CMakeFiles/cubesat_dev.dir/Drivers/STM32F4xx_HAL_Driver/Src/stm32f4xx_hal.c.obj
 .debug_macro   0x00020ae4      0x1f8 CMakeFiles/cubesat_dev.dir/Drivers/STM32F4xx_HAL_Driver/Src/stm32f4xx_hal_uart.c.obj
 .debug_macro   0x00020cdc      0x203 CMakeFiles/cubesat_dev.dir/Drivers/STM32F4xx_HAL_Driver/Src/stm32f4xx_hal_pcd.c.obj
 .debug_macro   0x00020edf      0x1f7 CMakeFiles/cubesat_dev.dir/Drivers/STM32F4xx_HAL_Driver/Src/stm32f4xx_hal_pcd_ex.c.obj
 .debug_macro   0x000210d6      0x1f7 CMakeFiles/cubesat_dev.dir/Drivers/STM32F4xx_HAL_Driver/Src/stm32f4xx_ll_usb.c.obj
 .debug_macro   0x000212cd      0x1f7 CMakeFiles/cubesat_dev.dir/Core/Src/system_stm32f4xx.c.obj

.debug_line     0x00000000    0x10b32
 .debug_line    0x00000000      0x83f CMakeFiles/cubesat_dev.dir/Core/Src/main.c.obj
 .debug_line    0x0000083f      0x79b CMakeFiles/cubesat_dev.dir/Core/Src/stm32f4xx_it.c.obj
 .debug_line    0x00000fda      0x7e4 CMakeFiles/cubesat_dev.dir/Core/Src/stm32f4xx_hal_msp.c.obj
 .debug_line    0x000017be     0x3aac CMakeFiles/cubesat_dev.dir/Drivers/STM32F4xx_HAL_Driver/Src/stm32f4xx_hal_i2c.c.obj
 .debug_line    0x0000526a      0xcfd CMakeFiles/cubesat_dev.dir/Drivers/STM32F4xx_HAL_Driver/Src/stm32f4xx_hal_rcc.c.obj
 .debug_line    0x00005f67     0x136d CMakeFiles/cubesat_dev.dir/Drivers/STM32F4xx_HAL_Driver/Src/stm32f4xx_hal_rcc_ex.c.obj
 .debug_line    0x000072d4      0xade CMakeFiles/cubesat_dev.dir/Drivers/STM32F4xx_HAL_Driver/Src/stm32f4xx_hal_gpio.c.obj
 .debug_line    0x00007db2      0xed6 CMakeFiles/cubesat_dev.dir/Drivers/STM32F4xx_HAL_Driver/Src/stm32f4xx_hal_dma.c.obj
 .debug_line    0x00008c88      0xc58 CMakeFiles/cubesat_dev.dir/Drivers/STM32F4xx_HAL_Driver/Src/stm32f4xx_hal_cortex.c.obj
 .debug_line    0x000098e0      0x966 CMakeFiles/cubesat_dev.dir/Drivers/STM32F4xx_HAL_Driver/Src/stm32f4xx_hal.c.obj
 .debug_line    0x0000a246     0x2838 CMakeFiles/cubesat_dev.dir/Drivers/STM32F4xx_HAL_Driver/Src/stm32f4xx_hal_uart.c.obj
 .debug_line    0x0000ca7e     0x1474 CMakeFiles/cubesat_dev.dir/Drivers/STM32F4xx_HAL_Driver/Src/stm32f4xx_hal_pcd.c.obj
 .debug_line    0x0000def2      0x79a CMakeFiles/cubesat_dev.dir/Drivers/STM32F4xx_HAL_Driver/Src/stm32f4xx_hal_pcd_ex.c.obj
 .debug_line    0x0000e68c     0x1d2f CMakeFiles/cubesat_dev.dir/Drivers/STM32F4xx_HAL_Driver/Src/stm32f4xx_ll_usb.c.obj
 .debug_line    0x000103bb      0x6fd CMakeFiles/cubesat_dev.dir/Core/Src/system_stm32f4xx.c.obj
 .debug_line    0x00010ab8       0x7a CMakeFiles/cubesat_dev.dir/startup_stm32f446xx.s.obj

.debug_str      0x00000000    0xc9c3d
 .debug_str     0x00000000    0xc65d0 CMakeFiles/cubesat_dev.dir/Core/Src/main.c.obj
                              0xc692a (size before relaxing)
 .debug_str     0x000c65d0      0x184 CMakeFiles/cubesat_dev.dir/Core/Src/stm32f4xx_it.c.obj
                              0xc5d30 (size before relaxing)
 .debug_str     0x000c6754      0x298 CMakeFiles/cubesat_dev.dir/Core/Src/stm32f4xx_hal_msp.c.obj
                              0xc695d (size before relaxing)
 .debug_str     0x000c69ec      0xb58 CMakeFiles/cubesat_dev.dir/Drivers/STM32F4xx_HAL_Driver/Src/stm32f4xx_hal_i2c.c.obj
                              0xc63de (size before relaxing)
 .debug_str     0x000c7544      0x294 CMakeFiles/cubesat_dev.dir/Drivers/STM32F4xx_HAL_Driver/Src/stm32f4xx_hal_rcc.c.obj
                              0xc5819 (size before relaxing)
 .debug_str     0x000c77d8      0x1b6 CMakeFiles/cubesat_dev.dir/Drivers/STM32F4xx_HAL_Driver/Src/stm32f4xx_hal_rcc_ex.c.obj
                              0xc584c (size before relaxing)
 .debug_str     0x000c798e      0x13a CMakeFiles/cubesat_dev.dir/Drivers/STM32F4xx_HAL_Driver/Src/stm32f4xx_hal_gpio.c.obj
                              0xc555b (size before relaxing)
 .debug_str     0x000c7ac8      0x2c3 CMakeFiles/cubesat_dev.dir/Drivers/STM32F4xx_HAL_Driver/Src/stm32f4xx_hal_dma.c.obj
                              0xc57d5 (size before relaxing)
 .debug_str     0x000c7d8b      0x420 CMakeFiles/cubesat_dev.dir/Drivers/STM32F4xx_HAL_Driver/Src/stm32f4xx_hal_cortex.c.obj
                              0xc5cfc (size before relaxing)
 .debug_str     0x000c81ab      0x597 CMakeFiles/cubesat_dev.dir/Drivers/STM32F4xx_HAL_Driver/Src/stm32f4xx_hal.c.obj
                              0xc5fa5 (size before relaxing)
 .debug_str     0x000c8742      0x60e CMakeFiles/cubesat_dev.dir/Drivers/STM32F4xx_HAL_Driver/Src/stm32f4xx_hal_uart.c.obj
                              0xc5dd0 (size before relaxing)
 .debug_str     0x000c8d50      0x836 CMakeFiles/cubesat_dev.dir/Drivers/STM32F4xx_HAL_Driver/Src/stm32f4xx_hal_pcd.c.obj
                              0xc5ef1 (size before relaxing)
 .debug_str     0x000c9586      0x146 CMakeFiles/cubesat_dev.dir/Drivers/STM32F4xx_HAL_Driver/Src/stm32f4xx_hal_pcd_ex.c.obj
                              0xc57f3 (size before relaxing)
 .debug_str     0x000c96cc      0x4c0 CMakeFiles/cubesat_dev.dir/Drivers/STM32F4xx_HAL_Driver/Src/stm32f4xx_ll_usb.c.obj
                              0xc5dad (size before relaxing)
 .debug_str     0x000c9b8c       0x63 CMakeFiles/cubesat_dev.dir/Core/Src/system_stm32f4xx.c.obj
                              0xc53e0 (size before relaxing)
 .debug_str     0x000c9bef       0x4e CMakeFiles/cubesat_dev.dir/startup_stm32f446xx.s.obj
                                 0x76 (size before relaxing)

.debug_line_str
                0x00000000       0x5a
 .debug_line_str
                0x00000000       0x5a CMakeFiles/cubesat_dev.dir/startup_stm32f446xx.s.obj
