Archive member included to satisfy reference by file (symbol)

/opt/ST/STM32CubeCLT_1.17.0/GNU-tools-for-STM32/bin/../lib/gcc/arm-none-eabi/12.3.1/../../../../arm-none-eabi/lib/thumb/v7e-m+fp/hard/libc_nano.a(libc_a-exit.o)
                              /opt/ST/STM32CubeCLT_1.17.0/GNU-tools-for-STM32/bin/../lib/gcc/arm-none-eabi/12.3.1/../../../../arm-none-eabi/lib/thumb/v7e-m+fp/hard/crt0.o (exit)
/opt/ST/STM32CubeCLT_1.17.0/GNU-tools-for-STM32/bin/../lib/gcc/arm-none-eabi/12.3.1/../../../../arm-none-eabi/lib/thumb/v7e-m+fp/hard/libc_nano.a(libc_a-findfp.o)
                              /opt/ST/STM32CubeCLT_1.17.0/GNU-tools-for-STM32/bin/../lib/gcc/arm-none-eabi/12.3.1/../../../../arm-none-eabi/lib/thumb/v7e-m+fp/hard/libc_nano.a(libc_a-exit.o) (__stdio_exit_handler)
/opt/ST/STM32CubeCLT_1.17.0/GNU-tools-for-STM32/bin/../lib/gcc/arm-none-eabi/12.3.1/../../../../arm-none-eabi/lib/thumb/v7e-m+fp/hard/libc_nano.a(libc_a-fwalk.o)
                              /opt/ST/STM32CubeCLT_1.17.0/GNU-tools-for-STM32/bin/../lib/gcc/arm-none-eabi/12.3.1/../../../../arm-none-eabi/lib/thumb/v7e-m+fp/hard/libc_nano.a(libc_a-findfp.o) (_fwalk_sglue)
/opt/ST/STM32CubeCLT_1.17.0/GNU-tools-for-STM32/bin/../lib/gcc/arm-none-eabi/12.3.1/../../../../arm-none-eabi/lib/thumb/v7e-m+fp/hard/libc_nano.a(libc_a-memset.o)
                              /opt/ST/STM32CubeCLT_1.17.0/GNU-tools-for-STM32/bin/../lib/gcc/arm-none-eabi/12.3.1/../../../../arm-none-eabi/lib/thumb/v7e-m+fp/hard/crt0.o (memset)
/opt/ST/STM32CubeCLT_1.17.0/GNU-tools-for-STM32/bin/../lib/gcc/arm-none-eabi/12.3.1/../../../../arm-none-eabi/lib/thumb/v7e-m+fp/hard/libc_nano.a(libc_a-impure.o)
                              /opt/ST/STM32CubeCLT_1.17.0/GNU-tools-for-STM32/bin/../lib/gcc/arm-none-eabi/12.3.1/../../../../arm-none-eabi/lib/thumb/v7e-m+fp/hard/libc_nano.a(libc_a-findfp.o) (_impure_data)
/opt/ST/STM32CubeCLT_1.17.0/GNU-tools-for-STM32/bin/../lib/gcc/arm-none-eabi/12.3.1/../../../../arm-none-eabi/lib/thumb/v7e-m+fp/hard/libc_nano.a(libc_a-init.o)
                              /opt/ST/STM32CubeCLT_1.17.0/GNU-tools-for-STM32/bin/../lib/gcc/arm-none-eabi/12.3.1/../../../../arm-none-eabi/lib/thumb/v7e-m+fp/hard/crt0.o (__libc_init_array)
/opt/ST/STM32CubeCLT_1.17.0/GNU-tools-for-STM32/bin/../lib/gcc/arm-none-eabi/12.3.1/../../../../arm-none-eabi/lib/thumb/v7e-m+fp/hard/libc_nano.a(libc_a-lock.o)
                              /opt/ST/STM32CubeCLT_1.17.0/GNU-tools-for-STM32/bin/../lib/gcc/arm-none-eabi/12.3.1/../../../../arm-none-eabi/lib/thumb/v7e-m+fp/hard/libc_nano.a(libc_a-findfp.o) (__retarget_lock_init_recursive)
/opt/ST/STM32CubeCLT_1.17.0/GNU-tools-for-STM32/bin/../lib/gcc/arm-none-eabi/12.3.1/../../../../arm-none-eabi/lib/thumb/v7e-m+fp/hard/libc_nano.a(libc_a-mallocr.o)
                              /opt/ST/STM32CubeCLT_1.17.0/GNU-tools-for-STM32/bin/../lib/gcc/arm-none-eabi/12.3.1/../../../../arm-none-eabi/lib/thumb/v7e-m+fp/hard/libc_nano.a(libc_a-findfp.o) (_malloc_r)
/opt/ST/STM32CubeCLT_1.17.0/GNU-tools-for-STM32/bin/../lib/gcc/arm-none-eabi/12.3.1/../../../../arm-none-eabi/lib/thumb/v7e-m+fp/hard/libc_nano.a(libc_a-fflush.o)
                              /opt/ST/STM32CubeCLT_1.17.0/GNU-tools-for-STM32/bin/../lib/gcc/arm-none-eabi/12.3.1/../../../../arm-none-eabi/lib/thumb/v7e-m+fp/hard/libc_nano.a(libc_a-findfp.o) (_fflush_r)
/opt/ST/STM32CubeCLT_1.17.0/GNU-tools-for-STM32/bin/../lib/gcc/arm-none-eabi/12.3.1/../../../../arm-none-eabi/lib/thumb/v7e-m+fp/hard/libc_nano.a(libc_a-mlock.o)
                              /opt/ST/STM32CubeCLT_1.17.0/GNU-tools-for-STM32/bin/../lib/gcc/arm-none-eabi/12.3.1/../../../../arm-none-eabi/lib/thumb/v7e-m+fp/hard/libc_nano.a(libc_a-mallocr.o) (__malloc_lock)
/opt/ST/STM32CubeCLT_1.17.0/GNU-tools-for-STM32/bin/../lib/gcc/arm-none-eabi/12.3.1/../../../../arm-none-eabi/lib/thumb/v7e-m+fp/hard/libc_nano.a(libc_a-stdio.o)
                              /opt/ST/STM32CubeCLT_1.17.0/GNU-tools-for-STM32/bin/../lib/gcc/arm-none-eabi/12.3.1/../../../../arm-none-eabi/lib/thumb/v7e-m+fp/hard/libc_nano.a(libc_a-findfp.o) (__sread)
/opt/ST/STM32CubeCLT_1.17.0/GNU-tools-for-STM32/bin/../lib/gcc/arm-none-eabi/12.3.1/../../../../arm-none-eabi/lib/thumb/v7e-m+fp/hard/libc_nano.a(libc_a-closer.o)
                              /opt/ST/STM32CubeCLT_1.17.0/GNU-tools-for-STM32/bin/../lib/gcc/arm-none-eabi/12.3.1/../../../../arm-none-eabi/lib/thumb/v7e-m+fp/hard/libc_nano.a(libc_a-stdio.o) (_close_r)
/opt/ST/STM32CubeCLT_1.17.0/GNU-tools-for-STM32/bin/../lib/gcc/arm-none-eabi/12.3.1/../../../../arm-none-eabi/lib/thumb/v7e-m+fp/hard/libc_nano.a(libc_a-reent.o)
                              /opt/ST/STM32CubeCLT_1.17.0/GNU-tools-for-STM32/bin/../lib/gcc/arm-none-eabi/12.3.1/../../../../arm-none-eabi/lib/thumb/v7e-m+fp/hard/libc_nano.a(libc_a-closer.o) (errno)
/opt/ST/STM32CubeCLT_1.17.0/GNU-tools-for-STM32/bin/../lib/gcc/arm-none-eabi/12.3.1/../../../../arm-none-eabi/lib/thumb/v7e-m+fp/hard/libc_nano.a(libc_a-lseekr.o)
[...]
Memory Configuration

Name             Origin             Length             Attributes
RAM              0x20000000         0x00020000         xrw
FLASH            0x08000000         0x00080000         xr
*default*        0x00000000         0xffffffff

Linker script and memory map

LOAD /opt/ST/STM32CubeCLT_1.17.0/GNU-tools-for-STM32/bin/../lib/gcc/arm-none-eabi/12.3.1/thumb/v7e-m+fp/hard/crti.o
LOAD /opt/ST/STM32CubeCLT_1.17.0/GNU-tools-for-STM32/bin/../lib/gcc/arm-none-eabi/12.3.1/thumb/v7e-m+fp/hard/crtbegin.o
LOAD /opt/ST/STM32CubeCLT_1.17.0/GNU-tools-for-STM32/bin/../lib/gcc/arm-none-eabi/12.3.1/../../../../arm-none-eabi/lib/thumb/v7e-m+fp/hard/crt0.o
START GROUP
LOAD /opt/ST/STM32CubeCLT_1.17.0/GNU-tools-for-STM32/bin/../lib/gcc/arm-none-eabi/12.3.1/../../../../arm-none-eabi/lib/thumb/v7e-m+fp/hard/libc_nano.a
LOAD /opt/ST/STM32CubeCLT_1.17.0/GNU-tools-for-STM32/bin/../lib/gcc/arm-none-eabi/12.3.1/../../../../arm-none-eabi/lib/thumb/v7e-m+fp/hard/libm.a
END GROUP
LOAD CMakeFiles/cubesat_dev.dir/Drivers/Custom/Src/bmp180_for_stm32_hal.c.obj
LOAD CMakeFiles/cubesat_dev.dir/Drivers/Custom/Src/sd_hal_mpu6050.c.obj
LOAD CMakeFiles/cubesat_dev.dir/Core/Src/main.c.obj
LOAD CMakeFiles/cubesat_dev.dir/Core/Src/stm32f4xx_it.c.obj
LOAD CMakeFiles/cubesat_dev.dir/Core/Src/stm32f4xx_hal_msp.c.obj
LOAD CMakeFiles/cubesat_dev.dir/Drivers/STM32F4xx_HAL_Driver/Src/stm32f4xx_hal_i2c.c.obj
LOAD CMakeFiles/cubesat_dev.dir/Drivers/STM32F4xx_HAL_Driver/Src/stm32f4xx_hal_i2c_ex.c.obj
LOAD CMakeFiles/cubesat_dev.dir/Drivers/STM32F4xx_HAL_Driver/Src/stm32f4xx_hal_rcc.c.obj
LOAD CMakeFiles/cubesat_dev.dir/Drivers/STM32F4xx_HAL_Driver/Src/stm32f4xx_hal_rcc_ex.c.obj
LOAD CMakeFiles/cubesat_dev.dir/Drivers/STM32F4xx_HAL_Driver/Src/stm32f4xx_hal_flash.c.obj
LOAD CMakeFiles/cubesat_dev.dir/Drivers/STM32F4xx_HAL_Driver/Src/stm32f4xx_hal_flash_ex.c.obj
LOAD CMakeFiles/cubesat_dev.dir/Drivers/STM32F4xx_HAL_Driver/Src/stm32f4xx_hal_flash_ramfunc.c.obj
LOAD CMakeFiles/cubesat_dev.dir/Drivers/STM32F4xx_HAL_Driver/Src/stm32f4xx_hal_gpio.c.obj
LOAD CMakeFiles/cubesat_dev.dir/Drivers/STM32F4xx_HAL_Driver/Src/stm32f4xx_hal_dma_ex.c.obj
LOAD CMakeFiles/cubesat_dev.dir/Drivers/STM32F4xx_HAL_Driver/Src/stm32f4xx_hal_dma.c.obj
LOAD CMakeFiles/cubesat_dev.dir/Drivers/STM32F4xx_HAL_Driver/Src/stm32f4xx_hal_pwr.c.obj
LOAD CMakeFiles/cubesat_dev.dir/Drivers/STM32F4xx_HAL_Driver/Src/stm32f4xx_hal_pwr_ex.c.obj
LOAD CMakeFiles/cubesat_dev.dir/Drivers/STM32F4xx_HAL_Driver/Src/stm32f4xx_hal_cortex.c.obj
LOAD CMakeFiles/cubesat_dev.dir/Drivers/STM32F4xx_HAL_Driver/Src/stm32f4xx_hal.c.obj
LOAD CMakeFiles/cubesat_dev.dir/Drivers/STM32F4xx_HAL_Driver/Src/stm32f4xx_hal_exti.c.obj
LOAD CMakeFiles/cubesat_dev.dir/Drivers/STM32F4xx_HAL_Driver/Src/stm32f4xx_hal_uart.c.obj
LOAD CMakeFiles/cubesat_dev.dir/Drivers/STM32F4xx_HAL_Driver/Src/stm32f4xx_hal_pcd.c.obj
LOAD CMakeFiles/cubesat_dev.dir/Drivers/STM32F4xx_HAL_Driver/Src/stm32f4xx_hal_pcd_ex.c.obj
LOAD CMakeFiles/cubesat_dev.dir/Drivers/STM32F4xx_HAL_Driver/Src/stm32f4xx_ll_usb.c.obj
LOAD CMakeFiles/cubesat_dev.dir/Core/Src/system_stm32f4xx.c.obj
LOAD CMakeFiles/cubesat_dev.dir/Core/Src/sysmem.c.obj
LOAD CMakeFiles/cubesat_dev.dir/Core/Src/syscalls.c.obj
LOAD CMakeFiles/cubesat_dev.dir/startup_stm32f446xx.s.obj
START GROUP
LOAD /opt/ST/STM32CubeCLT_1.17.0/GNU-tools-for-STM32/bin/../lib/gcc/arm-none-eabi/12.3.1/thumb/v7e-m+fp/hard/libgcc.a
LOAD /opt/ST/STM32CubeCLT_1.17.0/GNU-tools-for-STM32/bin/../lib/gcc/arm-none-eabi/12.3.1/../../../../arm-none-eabi/lib/thumb/v7e-m+fp/hard/libg_nano.a
LOAD /opt/ST/STM32CubeCLT_1.17.0/GNU-tools-for-STM32/bin/../lib/gcc/arm-none-eabi/12.3.1/../../../../arm-none-eabi/lib/thumb/v7e-m+fp/hard/libc_nano.a
END GROUP
START GROUP
LOAD /opt/ST/STM32CubeCLT_1.17.0/GNU-tools-for-STM32/bin/../lib/gcc/arm-none-eabi/12.3.1/thumb/v7e-m+fp/hard/libgcc.a
LOAD /opt/ST/STM32CubeCLT_1.17.0/GNU-tools-for-STM32/bin/../lib/gcc/arm-none-eabi/12.3.1/../../../../arm-none-eabi/lib/thumb/v7e-m+fp/hard/libc_nano.a
END GROUP
LOAD /opt/ST/STM32CubeCLT_1.17.0/GNU-tools-for-STM32/bin/../lib/gcc/arm-none-eabi/12.3.1/thumb/v7e-m+fp/hard/crtend.o
LOAD /opt/ST/STM32CubeCLT_1.17.0/GNU-tools-for-STM32/bin/../lib/gcc/arm-none-eabi/12.3.1/thumb/v7e-m+fp/hard/crtn.o
                0x20020000                        _estack = (ORIGIN (RAM) + LENGTH (RAM))
                0x00000200                        _Min_Heap_Size = 0x200
                0x00000400                        _Min_Stack_Size = 0x400

.isr_vector     0x08000000      0x1c4
                0x08000000                        . = ALIGN (0x4)
 *(.isr_vector)
 .isr_vector    0x08000000      0x1c4 CMakeFiles/cubesat_dev.dir/startup_stm32f446xx.s.obj
                0x08000000                g_pfnVectors
                0x080001c4                        . = ALIGN (0x4)

.text           0x080001c4     0x5f50
                0x080001c4                        . = ALIGN (0x4)
 *(.text)
 .text          0x080001c4       0x40 /opt/ST/STM32CubeCLT_1.17.0/GNU-tools-for-STM32/bin/../lib/gcc/arm-none-eabi/12.3.1/thumb/v7e-m+fp/hard/crtbegin.o
 .text          0x08000204       0x30 /opt/ST/STM32CubeCLT_1.17.0/GNU-tools-for-STM32/bin/../lib/gcc/arm-none-eabi/12.3.1/thumb/v7e-m+fp/hard/libgcc.a(_aeabi_uldivmod.o)
                0x08000204                __aeabi_uldivmod
 .text          0x08000234      0x2bc /opt/ST/STM32CubeCLT_1.17.0/GNU-tools-for-STM32/bin/../lib/gcc/arm-none-eabi/12.3.1/thumb/v7e-m+fp/hard/libgcc.a(_udivmoddi4.o)
                0x08000234                __udivmoddi4
 .text          0x080004f0        0x4 /opt/ST/STM32CubeCLT_1.17.0/GNU-tools-for-STM32/bin/../lib/gcc/arm-none-eabi/12.3.1/thumb/v7e-m+fp/hard/libgcc.a(_dvmd_tls.o)
                0x080004f0                __aeabi_ldiv0
                0x080004f0                __aeabi_idiv0
 *(.text*)
 .text.memset   0x080004f4       0x10 /opt/ST/STM32CubeCLT_1.17.0/GNU-tools-for-STM32/bin/../lib/gcc/arm-none-eabi/12.3.1/../../../../arm-none-eabi/lib/thumb/v7e-m+fp/hard/libc_nano.a(libc_a-memset.o)
                0x080004f4                memset
 .text.__libc_init_array
                0x08000504       0x48 /opt/ST/STM32CubeCLT_1.17.0/GNU-tools-for-STM32/bin/../lib/gcc/arm-none-eabi/12.3.1/../../../../arm-none-eabi/lib/thumb/v7e-m+fp/hard/libc_nano.a(libc_a-init.o)
                0x08000504                __libc_init_array
 .text.main     0x0800054c       0x40 CMakeFiles/cubesat_dev.dir/Core/Src/main.c.obj
                0x0800054c                main
 .text.SystemClock_Config
                0x0800058c       0xd8 CMakeFiles/cubesat_dev.dir/Core/Src/main.c.obj
                0x0800058c                SystemClock_Config
 .text.MX_I2C1_Init
                0x08000664       0x5c CMakeFiles/cubesat_dev.dir/Core/Src/main.c.obj
 .text.MX_UART4_Init
                0x080006c0       0x54 CMakeFiles/cubesat_dev.dir/Core/Src/main.c.obj
 .text.MX_USART3_UART_Init
                0x08000714       0x54 CMakeFiles/cubesat_dev.dir/Core/Src/main.c.obj
 .text.MX_USB_OTG_FS_PCD_Init
                0x08000768       0x5c CMakeFiles/cubesat_dev.dir/Core/Src/main.c.obj
 .text.MX_DMA_Init
                0x080007c4       0x40 CMakeFiles/cubesat_dev.dir/Core/Src/main.c.obj
 .text.MX_GPIO_Init
                0x08000804      0x15c CMakeFiles/cubesat_dev.dir/Core/Src/main.c.obj
 .text.Error_Handler
                0x08000960        0xc CMakeFiles/cubesat_dev.dir/Core/Src/main.c.obj
                0x08000960                Error_Handler
 .text.NMI_Handler
                0x0800096c        0x8 CMakeFiles/cubesat_dev.dir/Core/Src/stm32f4xx_it.c.obj
                0x0800096c                NMI_Handler
 .text.HardFault_Handler
                0x08000974        0x8 CMakeFiles/cubesat_dev.dir/Core/Src/stm32f4xx_it.c.obj
                0x08000974                HardFault_Handler
 .text.MemManage_Handler
                0x0800097c        0x8 CMakeFiles/cubesat_dev.dir/Core/Src/stm32f4xx_it.c.obj
                0x0800097c                MemManage_Handler
 .text.BusFault_Handler
                0x08000984        0x8 CMakeFiles/cubesat_dev.dir/Core/Src/stm32f4xx_it.c.obj
                0x08000984                BusFault_Handler
 .text.UsageFault_Handler
                0x0800098c        0x8 CMakeFiles/cubesat_dev.dir/Core/Src/stm32f4xx_it.c.obj
                0x0800098c                UsageFault_Handler
 .text.SVC_Handler
                0x08000994        0xe CMakeFiles/cubesat_dev.dir/Core/Src/stm32f4xx_it.c.obj
                0x08000994                SVC_Handler
 .text.DebugMon_Handler
                0x080009a2        0xe CMakeFiles/cubesat_dev.dir/Core/Src/stm32f4xx_it.c.obj
                0x080009a2                DebugMon_Handler
 .text.PendSV_Handler
                0x080009b0        0xe CMakeFiles/cubesat_dev.dir/Core/Src/stm32f4xx_it.c.obj
                0x080009b0                PendSV_Handler
 .text.SysTick_Handler
                0x080009be        0xc CMakeFiles/cubesat_dev.dir/Core/Src/stm32f4xx_it.c.obj
                0x080009be                SysTick_Handler
 *fill*         0x080009ca        0x2 
 .text.DMA1_Stream2_IRQHandler
                0x080009cc       0x14 CMakeFiles/cubesat_dev.dir/Core/Src/stm32f4xx_it.c.obj
                0x080009cc                DMA1_Stream2_IRQHandler
 .text.I2C1_EV_IRQHandler
                0x080009e0       0x14 CMakeFiles/cubesat_dev.dir/Core/Src/stm32f4xx_it.c.obj
                0x080009e0                I2C1_EV_IRQHandler
 .text.I2C1_ER_IRQHandler
                0x080009f4       0x14 CMakeFiles/cubesat_dev.dir/Core/Src/stm32f4xx_it.c.obj
                0x080009f4                I2C1_ER_IRQHandler
 .text.UART4_IRQHandler
                0x08000a08       0x14 CMakeFiles/cubesat_dev.dir/Core/Src/stm32f4xx_it.c.obj
                0x08000a08                UART4_IRQHandler
 .text.HAL_MspInit
                0x08000a1c       0x50 CMakeFiles/cubesat_dev.dir/Core/Src/stm32f4xx_hal_msp.c.obj
                0x08000a1c                HAL_MspInit
 .text.HAL_I2C_MspInit
                0x08000a6c       0xb0 CMakeFiles/cubesat_dev.dir/Core/Src/stm32f4xx_hal_msp.c.obj
                0x08000a6c                HAL_I2C_MspInit
 .text.HAL_UART_MspInit
                0x08000b1c      0x170 CMakeFiles/cubesat_dev.dir/Core/Src/stm32f4xx_hal_msp.c.obj
                0x08000b1c                HAL_UART_MspInit
 .text.HAL_PCD_MspInit
                0x08000c8c       0xe0 CMakeFiles/cubesat_dev.dir/Core/Src/stm32f4xx_hal_msp.c.obj
                0x08000c8c                HAL_PCD_MspInit
 .text.HAL_I2C_Init
                0x08000d6c      0x288 CMakeFiles/cubesat_dev.dir/Drivers/STM32F4xx_HAL_Driver/Src/stm32f4xx_hal_i2c.c.obj
                0x08000d6c                HAL_I2C_Init
 .text.I2C_Flush_DR
                0x08000ff4       0x2a CMakeFiles/cubesat_dev.dir/Drivers/STM32F4xx_HAL_Driver/Src/stm32f4xx_hal_i2c.c.obj
 .text.HAL_I2C_EV_IRQHandler
                0x0800101e      0x2a6 CMakeFiles/cubesat_dev.dir/Drivers/STM32F4xx_HAL_Driver/Src/stm32f4xx_hal_i2c.c.obj
                0x0800101e                HAL_I2C_EV_IRQHandler
 .text.HAL_I2C_ER_IRQHandler
                0x080012c4      0x13e CMakeFiles/cubesat_dev.dir/Drivers/STM32F4xx_HAL_Driver/Src/stm32f4xx_hal_i2c.c.obj
                0x080012c4                HAL_I2C_ER_IRQHandler
 .text.HAL_I2C_MasterTxCpltCallback
                0x08001402       0x14 CMakeFiles/cubesat_dev.dir/Drivers/STM32F4xx_HAL_Driver/Src/stm32f4xx_hal_i2c.c.obj
                0x08001402                HAL_I2C_MasterTxCpltCallback
 .text.HAL_I2C_MasterRxCpltCallback
                0x08001416       0x14 CMakeFiles/cubesat_dev.dir/Drivers/STM32F4xx_HAL_Driver/Src/stm32f4xx_hal_i2c.c.obj
                0x08001416                HAL_I2C_MasterRxCpltCallback
 .text.HAL_I2C_SlaveTxCpltCallback
                0x0800142a       0x14 CMakeFiles/cubesat_dev.dir/Drivers/STM32F4xx_HAL_Driver/Src/stm32f4xx_hal_i2c.c.obj
                0x0800142a                HAL_I2C_SlaveTxCpltCallback
 .text.HAL_I2C_SlaveRxCpltCallback
                0x0800143e       0x14 CMakeFiles/cubesat_dev.dir/Drivers/STM32F4xx_HAL_Driver/Src/stm32f4xx_hal_i2c.c.obj
                0x0800143e                HAL_I2C_SlaveRxCpltCallback
 .text.HAL_I2C_AddrCallback
                0x08001452       0x1c CMakeFiles/cubesat_dev.dir/Drivers/STM32F4xx_HAL_Driver/Src/stm32f4xx_hal_i2c.c.obj
                0x08001452                HAL_I2C_AddrCallback
 .text.HAL_I2C_ListenCpltCallback
                0x0800146e       0x14 CMakeFiles/cubesat_dev.dir/Drivers/STM32F4xx_HAL_Driver/Src/stm32f4xx_hal_i2c.c.obj
                0x0800146e                HAL_I2C_ListenCpltCallback
 .text.HAL_I2C_MemTxCpltCallback
                0x08001482       0x14 CMakeFiles/cubesat_dev.dir/Drivers/STM32F4xx_HAL_Driver/Src/stm32f4xx_hal_i2c.c.obj
                0x08001482                HAL_I2C_MemTxCpltCallback
 .text.HAL_I2C_MemRxCpltCallback
                0x08001496       0x14 CMakeFiles/cubesat_dev.dir/Drivers/STM32F4xx_HAL_Driver/Src/stm32f4xx_hal_i2c.c.obj
                0x08001496                HAL_I2C_MemRxCpltCallback
 .text.HAL_I2C_ErrorCallback
                0x080014aa       0x14 CMakeFiles/cubesat_dev.dir/Drivers/STM32F4xx_HAL_Driver/Src/stm32f4xx_hal_i2c.c.obj
                0x080014aa                HAL_I2C_ErrorCallback
 .text.HAL_I2C_AbortCpltCallback
                0x080014be       0x14 CMakeFiles/cubesat_dev.dir/Drivers/STM32F4xx_HAL_Driver/Src/stm32f4xx_hal_i2c.c.obj
                0x080014be                HAL_I2C_AbortCpltCallback
 .text.I2C_MasterTransmit_TXE
                0x080014d2      0x138 CMakeFiles/cubesat_dev.dir/Drivers/STM32F4xx_HAL_Driver/Src/stm32f4xx_hal_i2c.c.obj
 .text.I2C_MasterTransmit_BTF
                0x0800160a       0xec CMakeFiles/cubesat_dev.dir/Drivers/STM32F4xx_HAL_Driver/Src/stm32f4xx_hal_i2c.c.obj
 .text.I2C_MemoryTransmit_TXE_BTF
                0x080016f6      0x130 CMakeFiles/cubesat_dev.dir/Drivers/STM32F4xx_HAL_Driver/Src/stm32f4xx_hal_i2c.c.obj
 .text.I2C_MasterReceive_RXNE
                0x08001826      0x190 CMakeFiles/cubesat_dev.dir/Drivers/STM32F4xx_HAL_Driver/Src/stm32f4xx_hal_i2c.c.obj
 .text.I2C_MasterReceive_BTF
                0x080019b6      0x1ea CMakeFiles/cubesat_dev.dir/Drivers/STM32F4xx_HAL_Driver/Src/stm32f4xx_hal_i2c.c.obj
 .text.I2C_Master_SB
                0x08001ba0      0x10c CMakeFiles/cubesat_dev.dir/Drivers/STM32F4xx_HAL_Driver/Src/stm32f4xx_hal_i2c.c.obj
 .text.I2C_Master_ADD10
                0x08001cac       0x54 CMakeFiles/cubesat_dev.dir/Drivers/STM32F4xx_HAL_Driver/Src/stm32f4xx_hal_i2c.c.obj
 .text.I2C_Master_ADDR
                0x08001d00      0x322 CMakeFiles/cubesat_dev.dir/Drivers/STM32F4xx_HAL_Driver/Src/stm32f4xx_hal_i2c.c.obj
 .text.I2C_SlaveTransmit_TXE
                0x08002022       0x7a CMakeFiles/cubesat_dev.dir/Drivers/STM32F4xx_HAL_Driver/Src/stm32f4xx_hal_i2c.c.obj
 .text.I2C_SlaveTransmit_BTF
                0x0800209c       0x42 CMakeFiles/cubesat_dev.dir/Drivers/STM32F4xx_HAL_Driver/Src/stm32f4xx_hal_i2c.c.obj
 .text.I2C_SlaveReceive_RXNE
                0x080020de       0x7c CMakeFiles/cubesat_dev.dir/Drivers/STM32F4xx_HAL_Driver/Src/stm32f4xx_hal_i2c.c.obj
 .text.I2C_SlaveReceive_BTF
                0x0800215a       0x44 CMakeFiles/cubesat_dev.dir/Drivers/STM32F4xx_HAL_Driver/Src/stm32f4xx_hal_i2c.c.obj
 .text.I2C_Slave_ADDR
                0x0800219e       0x90 CMakeFiles/cubesat_dev.dir/Drivers/STM32F4xx_HAL_Driver/Src/stm32f4xx_hal_i2c.c.obj
 *fill*         0x0800222e        0x2 
 .text.I2C_Slave_STOPF
                0x08002230      0x260 CMakeFiles/cubesat_dev.dir/Drivers/STM32F4xx_HAL_Driver/Src/stm32f4xx_hal_i2c.c.obj
 .text.I2C_Slave_AF
                0x08002490       0xe8 CMakeFiles/cubesat_dev.dir/Drivers/STM32F4xx_HAL_Driver/Src/stm32f4xx_hal_i2c.c.obj
 .text.I2C_ITError
                0x08002578      0x264 CMakeFiles/cubesat_dev.dir/Drivers/STM32F4xx_HAL_Driver/Src/stm32f4xx_hal_i2c.c.obj
 .text.I2C_DMAAbort
                0x080027dc      0x150 CMakeFiles/cubesat_dev.dir/Drivers/STM32F4xx_HAL_Driver/Src/stm32f4xx_hal_i2c.c.obj
 .text.I2C_WaitOnSTOPRequestThroughIT
                0x0800292c       0x64 CMakeFiles/cubesat_dev.dir/Drivers/STM32F4xx_HAL_Driver/Src/stm32f4xx_hal_i2c.c.obj
 .text.I2C_ConvertOtherXferOptions
                0x08002990       0x36 CMakeFiles/cubesat_dev.dir/Drivers/STM32F4xx_HAL_Driver/Src/stm32f4xx_hal_i2c.c.obj
 *fill*         0x080029c6        0x2 
 .text.HAL_RCC_ClockConfig
                0x080029c8      0x1cc CMakeFiles/cubesat_dev.dir/Drivers/STM32F4xx_HAL_Driver/Src/stm32f4xx_hal_rcc.c.obj
                0x080029c8                HAL_RCC_ClockConfig
 .text.HAL_RCC_GetHCLKFreq
                0x08002b94       0x18 CMakeFiles/cubesat_dev.dir/Drivers/STM32F4xx_HAL_Driver/Src/stm32f4xx_hal_rcc.c.obj
                0x08002b94                HAL_RCC_GetHCLKFreq
 .text.HAL_RCC_GetPCLK1Freq
                0x08002bac       0x28 CMakeFiles/cubesat_dev.dir/Drivers/STM32F4xx_HAL_Driver/Src/stm32f4xx_hal_rcc.c.obj
                0x08002bac                HAL_RCC_GetPCLK1Freq
 .text.HAL_RCC_GetPCLK2Freq
                0x08002bd4       0x28 CMakeFiles/cubesat_dev.dir/Drivers/STM32F4xx_HAL_Driver/Src/stm32f4xx_hal_rcc.c.obj
                0x08002bd4                HAL_RCC_GetPCLK2Freq
 .text.HAL_RCCEx_PeriphCLKConfig
                0x08002bfc      0x654 CMakeFiles/cubesat_dev.dir/Drivers/STM32F4xx_HAL_Driver/Src/stm32f4xx_hal_rcc_ex.c.obj
                0x08002bfc                HAL_RCCEx_PeriphCLKConfig
 .text.HAL_RCC_GetSysClockFreq
                0x08003250      0x460 CMakeFiles/cubesat_dev.dir/Drivers/STM32F4xx_HAL_Driver/Src/stm32f4xx_hal_rcc_ex.c.obj
                0x08003250                HAL_RCC_GetSysClockFreq
 .text.HAL_RCC_OscConfig
                0x080036b0      0x53c CMakeFiles/cubesat_dev.dir/Drivers/STM32F4xx_HAL_Driver/Src/stm32f4xx_hal_rcc_ex.c.obj
                0x080036b0                HAL_RCC_OscConfig
 .text.HAL_GPIO_Init
                0x08003bec      0x328 CMakeFiles/cubesat_dev.dir/Drivers/STM32F4xx_HAL_Driver/Src/stm32f4xx_hal_gpio.c.obj
                0x08003bec                HAL_GPIO_Init
 .text.HAL_GPIO_WritePin
                0x08003f14       0x32 CMakeFiles/cubesat_dev.dir/Drivers/STM32F4xx_HAL_Driver/Src/stm32f4xx_hal_gpio.c.obj
                0x08003f14                HAL_GPIO_WritePin
 .text.HAL_GPIO_TogglePin
                0x08003f46       0x34 CMakeFiles/cubesat_dev.dir/Drivers/STM32F4xx_HAL_Driver/Src/stm32f4xx_hal_gpio.c.obj
                0x08003f46                HAL_GPIO_TogglePin
 *fill*         0x08003f7a        0x2 
 .text.HAL_DMA_Init
                0x08003f7c      0x15c CMakeFiles/cubesat_dev.dir/Drivers/STM32F4xx_HAL_Driver/Src/stm32f4xx_hal_dma.c.obj
                0x08003f7c                HAL_DMA_Init
 .text.HAL_DMA_Abort
                0x080040d8       0xe0 CMakeFiles/cubesat_dev.dir/Drivers/STM32F4xx_HAL_Driver/Src/stm32f4xx_hal_dma.c.obj
                0x080040d8                HAL_DMA_Abort
 .text.HAL_DMA_Abort_IT
                0x080041b8       0x44 CMakeFiles/cubesat_dev.dir/Drivers/STM32F4xx_HAL_Driver/Src/stm32f4xx_hal_dma.c.obj
                0x080041b8                HAL_DMA_Abort_IT
 .text.HAL_DMA_IRQHandler
                0x080041fc      0x314 CMakeFiles/cubesat_dev.dir/Drivers/STM32F4xx_HAL_Driver/Src/stm32f4xx_hal_dma.c.obj
                0x080041fc                HAL_DMA_IRQHandler
 .text.HAL_DMA_GetState
                0x08004510       0x1c CMakeFiles/cubesat_dev.dir/Drivers/STM32F4xx_HAL_Driver/Src/stm32f4xx_hal_dma.c.obj
                0x08004510                HAL_DMA_GetState
 .text.DMA_CalcBaseAndBitshift
                0x0800452c       0x6c CMakeFiles/cubesat_dev.dir/Drivers/STM32F4xx_HAL_Driver/Src/stm32f4xx_hal_dma.c.obj
 .text.DMA_CheckFifoParam
                0x08004598       0xf8 CMakeFiles/cubesat_dev.dir/Drivers/STM32F4xx_HAL_Driver/Src/stm32f4xx_hal_dma.c.obj
 .text.__NVIC_SetPriorityGrouping
                0x08004690       0x48 CMakeFiles/cubesat_dev.dir/Drivers/STM32F4xx_HAL_Driver/Src/stm32f4xx_hal_cortex.c.obj
 .text.__NVIC_GetPriorityGrouping
                0x080046d8       0x1c CMakeFiles/cubesat_dev.dir/Drivers/STM32F4xx_HAL_Driver/Src/stm32f4xx_hal_cortex.c.obj
 .text.__NVIC_EnableIRQ
                0x080046f4       0x3c CMakeFiles/cubesat_dev.dir/Drivers/STM32F4xx_HAL_Driver/Src/stm32f4xx_hal_cortex.c.obj
 .text.__NVIC_SetPriority
                0x08004730       0x54 CMakeFiles/cubesat_dev.dir/Drivers/STM32F4xx_HAL_Driver/Src/stm32f4xx_hal_cortex.c.obj
 .text.NVIC_EncodePriority
                0x08004784       0x66 CMakeFiles/cubesat_dev.dir/Drivers/STM32F4xx_HAL_Driver/Src/stm32f4xx_hal_cortex.c.obj
 *fill*         0x080047ea        0x2 
 .text.SysTick_Config
                0x080047ec       0x44 CMakeFiles/cubesat_dev.dir/Drivers/STM32F4xx_HAL_Driver/Src/stm32f4xx_hal_cortex.c.obj
 .text.HAL_NVIC_SetPriorityGrouping
                0x08004830       0x16 CMakeFiles/cubesat_dev.dir/Drivers/STM32F4xx_HAL_Driver/Src/stm32f4xx_hal_cortex.c.obj
                0x08004830                HAL_NVIC_SetPriorityGrouping
 .text.HAL_NVIC_SetPriority
                0x08004846       0x38 CMakeFiles/cubesat_dev.dir/Drivers/STM32F4xx_HAL_Driver/Src/stm32f4xx_hal_cortex.c.obj
                0x08004846                HAL_NVIC_SetPriority
 .text.HAL_NVIC_EnableIRQ
                0x0800487e       0x1c CMakeFiles/cubesat_dev.dir/Drivers/STM32F4xx_HAL_Driver/Src/stm32f4xx_hal_cortex.c.obj
                0x0800487e                HAL_NVIC_EnableIRQ
 .text.HAL_SYSTICK_Config
                0x0800489a       0x18 CMakeFiles/cubesat_dev.dir/Drivers/STM32F4xx_HAL_Driver/Src/stm32f4xx_hal_cortex.c.obj
                0x0800489a                HAL_SYSTICK_Config
 *fill*         0x080048b2        0x2 
 .text.HAL_Init
                0x080048b4       0x44 CMakeFiles/cubesat_dev.dir/Drivers/STM32F4xx_HAL_Driver/Src/stm32f4xx_hal.c.obj
                0x080048b4                HAL_Init
 .text.HAL_InitTick
                0x080048f8       0x60 CMakeFiles/cubesat_dev.dir/Drivers/STM32F4xx_HAL_Driver/Src/stm32f4xx_hal.c.obj
                0x080048f8                HAL_InitTick
 .text.HAL_IncTick
                0x08004958       0x28 CMakeFiles/cubesat_dev.dir/Drivers/STM32F4xx_HAL_Driver/Src/stm32f4xx_hal.c.obj
                0x08004958                HAL_IncTick
 .text.HAL_GetTick
                0x08004980       0x18 CMakeFiles/cubesat_dev.dir/Drivers/STM32F4xx_HAL_Driver/Src/stm32f4xx_hal.c.obj
                0x08004980                HAL_GetTick
 .text.HAL_Delay
                0x08004998       0x48 CMakeFiles/cubesat_dev.dir/Drivers/STM32F4xx_HAL_Driver/Src/stm32f4xx_hal.c.obj
                0x08004998                HAL_Delay
 .text.HAL_UART_Init
                0x080049e0       0xa0 CMakeFiles/cubesat_dev.dir/Drivers/STM32F4xx_HAL_Driver/Src/stm32f4xx_hal_uart.c.obj
                0x080049e0                HAL_UART_Init
 .text.HAL_UART_IRQHandler
                0x08004a80      0x524 CMakeFiles/cubesat_dev.dir/Drivers/STM32F4xx_HAL_Driver/Src/stm32f4xx_hal_uart.c.obj
                0x08004a80                HAL_UART_IRQHandler
 .text.HAL_UART_TxCpltCallback
                0x08004fa4       0x14 CMakeFiles/cubesat_dev.dir/Drivers/STM32F4xx_HAL_Driver/Src/stm32f4xx_hal_uart.c.obj
                0x08004fa4                HAL_UART_TxCpltCallback
 .text.HAL_UART_RxCpltCallback
                0x08004fb8       0x14 CMakeFiles/cubesat_dev.dir/Drivers/STM32F4xx_HAL_Driver/Src/stm32f4xx_hal_uart.c.obj
                0x08004fb8                HAL_UART_RxCpltCallback
 .text.HAL_UART_ErrorCallback
                0x08004fcc       0x14 CMakeFiles/cubesat_dev.dir/Drivers/STM32F4xx_HAL_Driver/Src/stm32f4xx_hal_uart.c.obj
                0x08004fcc                HAL_UART_ErrorCallback
 .text.HAL_UARTEx_RxEventCallback
                0x08004fe0       0x18 CMakeFiles/cubesat_dev.dir/Drivers/STM32F4xx_HAL_Driver/Src/stm32f4xx_hal_uart.c.obj
                0x08004fe0                HAL_UARTEx_RxEventCallback
 .text.UART_EndRxTransfer
                0x08004ff8       0xc6 CMakeFiles/cubesat_dev.dir/Drivers/STM32F4xx_HAL_Driver/Src/stm32f4xx_hal_uart.c.obj
 .text.UART_DMAAbortOnError
                0x080050be       0x28 CMakeFiles/cubesat_dev.dir/Drivers/STM32F4xx_HAL_Driver/Src/stm32f4xx_hal_uart.c.obj
 .text.UART_Transmit_IT
                0x080050e6       0xa0 CMakeFiles/cubesat_dev.dir/Drivers/STM32F4xx_HAL_Driver/Src/stm32f4xx_hal_uart.c.obj
 .text.UART_EndTransmit_IT
                0x08005186       0x30 CMakeFiles/cubesat_dev.dir/Drivers/STM32F4xx_HAL_Driver/Src/stm32f4xx_hal_uart.c.obj
 .text.UART_Receive_IT
                0x080051b6      0x17c CMakeFiles/cubesat_dev.dir/Drivers/STM32F4xx_HAL_Driver/Src/stm32f4xx_hal_uart.c.obj
 *fill*         0x08005332        0x2 
 .text.UART_SetConfig
                0x08005334      0x4e8 CMakeFiles/cubesat_dev.dir/Drivers/STM32F4xx_HAL_Driver/Src/stm32f4xx_hal_uart.c.obj
 .text.HAL_PCD_Init
                0x0800581c      0x22c CMakeFiles/cubesat_dev.dir/Drivers/STM32F4xx_HAL_Driver/Src/stm32f4xx_hal_pcd.c.obj
                0x0800581c                HAL_PCD_Init
 .text.HAL_PCDEx_ActivateLPM
                0x08005a48       0x48 CMakeFiles/cubesat_dev.dir/Drivers/STM32F4xx_HAL_Driver/Src/stm32f4xx_hal_pcd_ex.c.obj
                0x08005a48                HAL_PCDEx_ActivateLPM
 .text.USB_CoreInit
                0x08005a90       0xc8 CMakeFiles/cubesat_dev.dir/Drivers/STM32F4xx_HAL_Driver/Src/stm32f4xx_ll_usb.c.obj
                0x08005a90                USB_CoreInit
 .text.USB_DisableGlobalInt
                0x08005b58       0x22 CMakeFiles/cubesat_dev.dir/Drivers/STM32F4xx_HAL_Driver/Src/stm32f4xx_ll_usb.c.obj
                0x08005b58                USB_DisableGlobalInt
 .text.USB_SetCurrentMode
                0x08005b7a       0x98 CMakeFiles/cubesat_dev.dir/Drivers/STM32F4xx_HAL_Driver/Src/stm32f4xx_ll_usb.c.obj
                0x08005b7a                USB_SetCurrentMode
 *fill*         0x08005c12        0x2 
 .text.USB_DevInit
                0x08005c14      0x2bc CMakeFiles/cubesat_dev.dir/Drivers/STM32F4xx_HAL_Driver/Src/stm32f4xx_ll_usb.c.obj
                0x08005c14                USB_DevInit
 .text.USB_FlushTxFifo
                0x08005ed0       0x64 CMakeFiles/cubesat_dev.dir/Drivers/STM32F4xx_HAL_Driver/Src/stm32f4xx_ll_usb.c.obj
                0x08005ed0                USB_FlushTxFifo
 .text.USB_FlushRxFifo
                0x08005f34       0x5c CMakeFiles/cubesat_dev.dir/Drivers/STM32F4xx_HAL_Driver/Src/stm32f4xx_ll_usb.c.obj
                0x08005f34                USB_FlushRxFifo
 .text.USB_SetDevSpeed
                0x08005f90       0x32 CMakeFiles/cubesat_dev.dir/Drivers/STM32F4xx_HAL_Driver/Src/stm32f4xx_ll_usb.c.obj
                0x08005f90                USB_SetDevSpeed
 .text.USB_DevDisconnect
                0x08005fc2       0x42 CMakeFiles/cubesat_dev.dir/Drivers/STM32F4xx_HAL_Driver/Src/stm32f4xx_ll_usb.c.obj
                0x08005fc2                USB_DevDisconnect
 .text.USB_GetMode
                0x08006004       0x1c CMakeFiles/cubesat_dev.dir/Drivers/STM32F4xx_HAL_Driver/Src/stm32f4xx_ll_usb.c.obj
                0x08006004                USB_GetMode
 .text.USB_CoreReset
                0x08006020       0x62 CMakeFiles/cubesat_dev.dir/Drivers/STM32F4xx_HAL_Driver/Src/stm32f4xx_ll_usb.c.obj
 *fill*         0x08006082        0x2 
 .text.SystemInit
                0x08006084       0x24 CMakeFiles/cubesat_dev.dir/Core/Src/system_stm32f4xx.c.obj
                0x08006084                SystemInit
 .text.Reset_Handler
                0x080060a8       0x50 CMakeFiles/cubesat_dev.dir/startup_stm32f446xx.s.obj
                0x080060a8                Reset_Handler
 .text.Default_Handler
                0x080060f8        0x2 CMakeFiles/cubesat_dev.dir/startup_stm32f446xx.s.obj
                0x080060f8                DMA1_Stream3_IRQHandler
                0x080060f8                EXTI2_IRQHandler
                0x080060f8                TIM8_CC_IRQHandler
                0x080060f8                FMPI2C1_EV_IRQHandler
                0x080060f8                SPI4_IRQHandler
                0x080060f8                TIM1_CC_IRQHandler
                0x080060f8                DMA2_Stream5_IRQHandler
                0x080060f8                DMA1_Stream5_IRQHandler
                0x080060f8                PVD_IRQHandler
                0x080060f8                SDIO_IRQHandler
                0x080060f8                TAMP_STAMP_IRQHandler
                0x080060f8                CAN2_RX1_IRQHandler
                0x080060f8                EXTI3_IRQHandler
                0x080060f8                TIM8_TRG_COM_TIM14_IRQHandler
                0x080060f8                TIM1_UP_TIM10_IRQHandler
                0x080060f8                TIM8_UP_TIM13_IRQHandler
                0x080060f8                I2C3_ER_IRQHandler
                0x080060f8                EXTI0_IRQHandler
                0x080060f8                I2C2_EV_IRQHandler
                0x080060f8                CAN1_RX0_IRQHandler
                0x080060f8                FPU_IRQHandler
                0x080060f8                OTG_HS_WKUP_IRQHandler
                0x080060f8                CAN2_SCE_IRQHandler
                0x080060f8                DMA2_Stream2_IRQHandler
                0x080060f8                SPI1_IRQHandler
                0x080060f8                TIM6_DAC_IRQHandler
                0x080060f8                TIM1_BRK_TIM9_IRQHandler
                0x080060f8                DCMI_IRQHandler
                0x080060f8                CAN2_RX0_IRQHandler
                0x080060f8                DMA2_Stream3_IRQHandler
                0x080060f8                SAI2_IRQHandler
                0x080060f8                USART6_IRQHandler
                0x080060f8                USART3_IRQHandler
                0x080060f8                CAN1_RX1_IRQHandler
                0x080060f8                UART5_IRQHandler
                0x080060f8                DMA2_Stream0_IRQHandler
                0x080060f8                TIM4_IRQHandler
                0x080060f8                QUADSPI_IRQHandler
                0x080060f8                DMA1_Stream6_IRQHandler
                0x080060f8                DMA1_Stream1_IRQHandler
                0x080060f8                TIM3_IRQHandler
                0x080060f8                RCC_IRQHandler
                0x080060f8                TIM8_BRK_TIM12_IRQHandler
                0x080060f8                Default_Handler
                0x080060f8                CEC_IRQHandler
                0x080060f8                EXTI15_10_IRQHandler
                0x080060f8                ADC_IRQHandler
                0x080060f8                DMA1_Stream7_IRQHandler
                0x080060f8                TIM7_IRQHandler
                0x080060f8                CAN2_TX_IRQHandler
                0x080060f8                TIM5_IRQHandler
                0x080060f8                DMA2_Stream7_IRQHandler
                0x080060f8                I2C3_EV_IRQHandler
                0x080060f8                EXTI9_5_IRQHandler
                0x080060f8                RTC_WKUP_IRQHandler
                0x080060f8                SPDIF_RX_IRQHandler
                0x080060f8                SPI2_IRQHandler
                0x080060f8                OTG_HS_EP1_IN_IRQHandler
                0x080060f8                DMA1_Stream0_IRQHandler
                0x080060f8                CAN1_TX_IRQHandler
                0x080060f8                FMPI2C1_ER_IRQHandler
                0x080060f8                EXTI4_IRQHandler
                0x080060f8                OTG_HS_EP1_OUT_IRQHandler
                0x080060f8                WWDG_IRQHandler
                0x080060f8                TIM2_IRQHandler
                0x080060f8                OTG_FS_WKUP_IRQHandler
                0x080060f8                TIM1_TRG_COM_TIM11_IRQHandler
                0x080060f8                OTG_HS_IRQHandler
                0x080060f8                EXTI1_IRQHandler
                0x080060f8                USART2_IRQHandler
                0x080060f8                I2C2_ER_IRQHandler
                0x080060f8                DMA2_Stream1_IRQHandler
                0x080060f8                CAN1_SCE_IRQHandler
                0x080060f8                FLASH_IRQHandler
                0x080060f8                DMA2_Stream4_IRQHandler
                0x080060f8                USART1_IRQHandler
                0x080060f8                OTG_FS_IRQHandler
                0x080060f8                SPI3_IRQHandler
                0x080060f8                DMA1_Stream4_IRQHandler
                0x080060f8                FMC_IRQHandler
                0x080060f8                DMA2_Stream6_IRQHandler
                0x080060f8                SAI1_IRQHandler
                0x080060f8                RTC_Alarm_IRQHandler
 *(.glue_7)
 .glue_7        0x080060fa        0x0 linker stubs
 *(.glue_7t)
 .glue_7t       0x080060fa        0x0 linker stubs
 *(.eh_frame)
 *fill*         0x080060fa        0x2 
 .eh_frame      0x080060fc        0x0 /opt/ST/STM32CubeCLT_1.17.0/GNU-tools-for-STM32/bin/../lib/gcc/arm-none-eabi/12.3.1/thumb/v7e-m+fp/hard/crtbegin.o
 *(.init)
 .init          0x080060fc        0x4 /opt/ST/STM32CubeCLT_1.17.0/GNU-tools-for-STM32/bin/../lib/gcc/arm-none-eabi/12.3.1/thumb/v7e-m+fp/hard/crti.o
                0x080060fc                _init
 .init          0x08006100        0x8 /opt/ST/STM32CubeCLT_1.17.0/GNU-tools-for-STM32/bin/../lib/gcc/arm-none-eabi/12.3.1/thumb/v7e-m+fp/hard/crtn.o
 *(.fini)
 .fini          0x08006108        0x4 /opt/ST/STM32CubeCLT_1.17.0/GNU-tools-for-STM32/bin/../lib/gcc/arm-none-eabi/12.3.1/thumb/v7e-m+fp/hard/crti.o
                0x08006108                _fini
 .fini          0x0800610c        0x8 /opt/ST/STM32CubeCLT_1.17.0/GNU-tools-for-STM32/bin/../lib/gcc/arm-none-eabi/12.3.1/thumb/v7e-m+fp/hard/crtn.o
                0x08006114                        . = ALIGN (0x4)
                0x08006114                        _etext = .

.vfp11_veneer   0x08006114        0x0
 .vfp11_veneer  0x08006114        0x0 linker stubs

.v4_bx          0x08006114        0x0
 .v4_bx         0x08006114        0x0 linker stubs

.iplt           0x08006114        0x0
 .iplt          0x08006114        0x0 /opt/ST/STM32CubeCLT_1.17.0/GNU-tools-for-STM32/bin/../lib/gcc/arm-none-eabi/12.3.1/thumb/v7e-m+fp/hard/crtbegin.o

.rodata         0x08006114       0x20
                0x08006114                        . = ALIGN (0x4)
 *(.rodata)
 *(.rodata*)
 .rodata.flagBitshiftOffset.0
                0x08006114        0x8 CMakeFiles/cubesat_dev.dir/Drivers/STM32F4xx_HAL_Driver/Src/stm32f4xx_hal_dma.c.obj
 .rodata.AHBPrescTable
                0x0800611c       0x10 CMakeFiles/cubesat_dev.dir/Core/Src/system_stm32f4xx.c.obj
                0x0800611c                AHBPrescTable
 .rodata.APBPrescTable
                0x0800612c        0x8 CMakeFiles/cubesat_dev.dir/Core/Src/system_stm32f4xx.c.obj
                0x0800612c                APBPrescTable
                0x08006134                        . = ALIGN (0x4)

.ARM.extab
 *(.ARM.extab* .gnu.linkonce.armextab.*)

.ARM            0x08006134        0x8
                0x08006134                        __exidx_start = .
 *(.ARM.exidx*)
 .ARM.exidx     0x08006134        0x8 /opt/ST/STM32CubeCLT_1.17.0/GNU-tools-for-STM32/bin/../lib/gcc/arm-none-eabi/12.3.1/thumb/v7e-m+fp/hard/libgcc.a(_udivmoddi4.o)
                0x0800613c                        __exidx_end = .

.rel.dyn        0x0800613c        0x0
 .rel.iplt      0x0800613c        0x0 /opt/ST/STM32CubeCLT_1.17.0/GNU-tools-for-STM32/bin/../lib/gcc/arm-none-eabi/12.3.1/thumb/v7e-m+fp/hard/crtbegin.o

.preinit_array  0x0800613c        0x0
                0x0800613c                        PROVIDE (__preinit_array_start = .)
 *(.preinit_array*)
                0x0800613c                        PROVIDE (__preinit_array_end = .)

.init_array     0x0800613c        0x4
                0x0800613c                        PROVIDE (__init_array_start = .)
 *(SORT_BY_NAME(.init_array.*))
 *(.init_array*)
 .init_array    0x0800613c        0x4 /opt/ST/STM32CubeCLT_1.17.0/GNU-tools-for-STM32/bin/../lib/gcc/arm-none-eabi/12.3.1/thumb/v7e-m+fp/hard/crtbegin.o
                0x08006140                        PROVIDE (__init_array_end = .)

.fini_array     0x08006140        0x4
                [!provide]                        PROVIDE (__fini_array_start = .)
 *(SORT_BY_NAME(.fini_array.*))
 *(.fini_array*)
 .fini_array    0x08006140        0x4 /opt/ST/STM32CubeCLT_1.17.0/GNU-tools-for-STM32/bin/../lib/gcc/arm-none-eabi/12.3.1/thumb/v7e-m+fp/hard/crtbegin.o
                [!provide]                        PROVIDE (__fini_array_end = .)
                0x08006144                        _sidata = LOADADDR (.data)

.data           0x20000000        0xc load address 0x08006144
                0x20000000                        . = ALIGN (0x4)
                0x20000000                        _sdata = .
 *(.data)
 *(.data*)
 .data.uwTickPrio
                0x20000000        0x4 CMakeFiles/cubesat_dev.dir/Drivers/STM32F4xx_HAL_Driver/Src/stm32f4xx_hal.c.obj
                0x20000000                uwTickPrio
 .data.uwTickFreq
                0x20000004        0x1 CMakeFiles/cubesat_dev.dir/Drivers/STM32F4xx_HAL_Driver/Src/stm32f4xx_hal.c.obj
                0x20000004                uwTickFreq
 *fill*         0x20000005        0x3 
 .data.SystemCoreClock
                0x20000008        0x4 CMakeFiles/cubesat_dev.dir/Core/Src/system_stm32f4xx.c.obj
                0x20000008                SystemCoreClock
                0x2000000c                        . = ALIGN (0x4)
                0x2000000c                        _edata = .

.igot.plt       0x2000000c        0x0 load address 0x08006150
 .igot.plt      0x2000000c        0x0 /opt/ST/STM32CubeCLT_1.17.0/GNU-tools-for-STM32/bin/../lib/gcc/arm-none-eabi/12.3.1/thumb/v7e-m+fp/hard/crtbegin.o
                0x2000000c                        . = ALIGN (0x4)

.bss            0x2000000c      0x648 load address 0x08006150
                0x2000000c                        _sbss = .
                0x2000000c                        __bss_start__ = _sbss
 *(.bss)
 .bss           0x2000000c       0x1c /opt/ST/STM32CubeCLT_1.17.0/GNU-tools-for-STM32/bin/../lib/gcc/arm-none-eabi/12.3.1/thumb/v7e-m+fp/hard/crtbegin.o
 *(.bss*)
 .bss.hi2c1     0x20000028       0x54 CMakeFiles/cubesat_dev.dir/Core/Src/main.c.obj
                0x20000028                hi2c1
 .bss.huart4    0x2000007c       0x48 CMakeFiles/cubesat_dev.dir/Core/Src/main.c.obj
                0x2000007c                huart4
 .bss.huart3    0x200000c4       0x48 CMakeFiles/cubesat_dev.dir/Core/Src/main.c.obj
                0x200000c4                huart3
 .bss.hdma_uart4_rx
                0x2000010c       0x60 CMakeFiles/cubesat_dev.dir/Core/Src/main.c.obj
                0x2000010c                hdma_uart4_rx
 .bss.hpcd_USB_OTG_FS
                0x2000016c      0x4e4 CMakeFiles/cubesat_dev.dir/Core/Src/main.c.obj
                0x2000016c                hpcd_USB_OTG_FS
 .bss.uwTick    0x20000650        0x4 CMakeFiles/cubesat_dev.dir/Drivers/STM32F4xx_HAL_Driver/Src/stm32f4xx_hal.c.obj
                0x20000650                uwTick
 *(COMMON)
                0x20000654                        . = ALIGN (0x4)
                0x20000654                        _ebss = .
                0x20000654                        __bss_end__ = _ebss

._user_heap_stack
                0x20000654      0x604 load address 0x08006150
                0x20000658                        . = ALIGN (0x8)
 *fill*         0x20000654        0x4 
                [!provide]                        PROVIDE (end = .)
                0x20000658                        PROVIDE (_end = .)
                0x20000858                        . = (. + _Min_Heap_Size)
 *fill*         0x20000658      0x200 
                0x20000c58                        . = (. + _Min_Stack_Size)
 *fill*         0x20000858      0x400 
                0x20000c58                        . = ALIGN (0x8)

/DISCARD/
 libc.a(*)
 libm.a(*)
 libgcc.a(*)
OUTPUT(cubesat_dev.elf elf32-littlearm)
LOAD linker stubs
LOAD /opt/ST/STM32CubeCLT_1.17.0/GNU-tools-for-STM32/bin/../lib/gcc/arm-none-eabi/12.3.1/../../../../arm-none-eabi/lib/thumb/v7e-m+fp/hard/libc.a
LOAD /opt/ST/STM32CubeCLT_1.17.0/GNU-tools-for-STM32/bin/../lib/gcc/arm-none-eabi/12.3.1/../../../../arm-none-eabi/lib/thumb/v7e-m+fp/hard/libm.a
LOAD /opt/ST/STM32CubeCLT_1.17.0/GNU-tools-for-STM32/bin/../lib/gcc/arm-none-eabi/12.3.1/thumb/v7e-m+fp/hard/libgcc.a

.ARM.attributes
                0x00000000       0x30
 .ARM.attributes
                0x00000000       0x22 /opt/ST/STM32CubeCLT_1.17.0/GNU-tools-for-STM32/bin/../lib/gcc/arm-none-eabi/12.3.1/thumb/v7e-m+fp/hard/crti.o
 .ARM.attributes
                0x00000022       0x34 /opt/ST/STM32CubeCLT_1.17.0/GNU-tools-for-STM32/bin/../lib/gcc/arm-none-eabi/12.3.1/thumb/v7e-m+fp/hard/crtbegin.o
 .ARM.attributes
                0x00000056       0x34 /opt/ST/STM32CubeCLT_1.17.0/GNU-tools-for-STM32/bin/../lib/gcc/arm-none-eabi/12.3.1/../../../../arm-none-eabi/lib/thumb/v7e-m+fp/hard/libc_nano.a(libc_a-memset.o)
 .ARM.attributes
                0x0000008a       0x34 /opt/ST/STM32CubeCLT_1.17.0/GNU-tools-for-STM32/bin/../lib/gcc/arm-none-eabi/12.3.1/../../../../arm-none-eabi/lib/thumb/v7e-m+fp/hard/libc_nano.a(libc_a-init.o)
 .ARM.attributes
                0x000000be       0x34 CMakeFiles/cubesat_dev.dir/Core/Src/main.c.obj
 .ARM.attributes
                0x000000f2       0x34 CMakeFiles/cubesat_dev.dir/Core/Src/stm32f4xx_it.c.obj
 .ARM.attributes
                0x00000126       0x34 CMakeFiles/cubesat_dev.dir/Core/Src/stm32f4xx_hal_msp.c.obj
 .ARM.attributes
                0x0000015a       0x34 CMakeFiles/cubesat_dev.dir/Drivers/STM32F4xx_HAL_Driver/Src/stm32f4xx_hal_i2c.c.obj
 .ARM.attributes
                0x0000018e       0x34 CMakeFiles/cubesat_dev.dir/Drivers/STM32F4xx_HAL_Driver/Src/stm32f4xx_hal_rcc.c.obj
 .ARM.attributes
                0x000001c2       0x34 CMakeFiles/cubesat_dev.dir/Drivers/STM32F4xx_HAL_Driver/Src/stm32f4xx_hal_rcc_ex.c.obj
 .ARM.attributes
                0x000001f6       0x34 CMakeFiles/cubesat_dev.dir/Drivers/STM32F4xx_HAL_Driver/Src/stm32f4xx_hal_gpio.c.obj
 .ARM.attributes
                0x0000022a       0x34 CMakeFiles/cubesat_dev.dir/Drivers/STM32F4xx_HAL_Driver/Src/stm32f4xx_hal_dma.c.obj
 .ARM.attributes
                0x0000025e       0x34 CMakeFiles/cubesat_dev.dir/Drivers/STM32F4xx_HAL_Driver/Src/stm32f4xx_hal_cortex.c.obj
 .ARM.attributes
                0x00000292       0x34 CMakeFiles/cubesat_dev.dir/Drivers/STM32F4xx_HAL_Driver/Src/stm32f4xx_hal.c.obj
 .ARM.attributes
                0x000002c6       0x34 CMakeFiles/cubesat_dev.dir/Drivers/STM32F4xx_HAL_Driver/Src/stm32f4xx_hal_uart.c.obj
 .ARM.attributes
                0x000002fa       0x34 CMakeFiles/cubesat_dev.dir/Drivers/STM32F4xx_HAL_Driver/Src/stm32f4xx_hal_pcd.c.obj
 .ARM.attributes
                0x0000032e       0x34 CMakeFiles/cubesat_dev.dir/Drivers/STM32F4xx_HAL_Driver/Src/stm32f4xx_hal_pcd_ex.c.obj
 .ARM.attributes
                0x00000362       0x34 CMakeFiles/cubesat_dev.dir/Drivers/STM32F4xx_HAL_Driver/Src/stm32f4xx_ll_usb.c.obj
 .ARM.attributes
                0x00000396       0x34 CMakeFiles/cubesat_dev.dir/Core/Src/system_stm32f4xx.c.obj
 .ARM.attributes
                0x000003ca       0x21 CMakeFiles/cubesat_dev.dir/startup_stm32f446xx.s.obj
 .ARM.attributes
                0x000003eb       0x22 /opt/ST/STM32CubeCLT_1.17.0/GNU-tools-for-STM32/bin/../lib/gcc/arm-none-eabi/12.3.1/thumb/v7e-m+fp/hard/libgcc.a(_aeabi_uldivmod.o)
 .ARM.attributes
                0x0000040d       0x34 /opt/ST/STM32CubeCLT_1.17.0/GNU-tools-for-STM32/bin/../lib/gcc/arm-none-eabi/12.3.1/thumb/v7e-m+fp/hard/libgcc.a(_udivmoddi4.o)
 .ARM.attributes
                0x00000441       0x22 /opt/ST/STM32CubeCLT_1.17.0/GNU-tools-for-STM32/bin/../lib/gcc/arm-none-eabi/12.3.1/thumb/v7e-m+fp/hard/libgcc.a(_dvmd_tls.o)
 .ARM.attributes
                0x00000463       0x22 /opt/ST/STM32CubeCLT_1.17.0/GNU-tools-for-STM32/bin/../lib/gcc/arm-none-eabi/12.3.1/thumb/v7e-m+fp/hard/crtn.o

.comment        0x00000000       0x43
 .comment       0x00000000       0x43 CMakeFiles/cubesat_dev.dir/Core/Src/main.c.obj
                                 0x44 (size before relaxing)
 .comment       0x00000043       0x44 CMakeFiles/cubesat_dev.dir/Core/Src/stm32f4xx_it.c.obj
 .comment       0x00000043       0x44 CMakeFiles/cubesat_dev.dir/Core/Src/stm32f4xx_hal_msp.c.obj
 .comment       0x00000043       0x44 CMakeFiles/cubesat_dev.dir/Drivers/STM32F4xx_HAL_Driver/Src/stm32f4xx_hal_i2c.c.obj
 .comment       0x00000043       0x44 CMakeFiles/cubesat_dev.dir/Drivers/STM32F4xx_HAL_Driver/Src/stm32f4xx_hal_rcc.c.obj
 .comment       0x00000043       0x44 CMakeFiles/cubesat_dev.dir/Drivers/STM32F4xx_HAL_Driver/Src/stm32f4xx_hal_rcc_ex.c.obj
 .comment       0x00000043       0x44 CMakeFiles/cubesat_dev.dir/Drivers/STM32F4xx_HAL_Driver/Src/stm32f4xx_hal_gpio.c.obj
 .comment       0x00000043       0x44 CMakeFiles/cubesat_dev.dir/Drivers/STM32F4xx_HAL_Driver/Src/stm32f4xx_hal_dma.c.obj
 .comment       0x00000043       0x44 CMakeFiles/cubesat_dev.dir/Drivers/STM32F4xx_HAL_Driver/Src/stm32f4xx_hal_cortex.c.obj
 .comment       0x00000043       0x44 CMakeFiles/cubesat_dev.dir/Drivers/STM32F4xx_HAL_Driver/Src/stm32f4xx_hal.c.obj
 .comment       0x00000043       0x44 CMakeFiles/cubesat_dev.dir/Drivers/STM32F4xx_HAL_Driver/Src/stm32f4xx_hal_uart.c.obj
 .comment       0x00000043       0x44 CMakeFiles/cubesat_dev.dir/Drivers/STM32F4xx_HAL_Driver/Src/stm32f4xx_hal_pcd.c.obj
 .comment       0x00000043       0x44 CMakeFiles/cubesat_dev.dir/Drivers/STM32F4xx_HAL_Driver/Src/stm32f4xx_hal_pcd_ex.c.obj
 .comment       0x00000043       0x44 CMakeFiles/cubesat_dev.dir/Drivers/STM32F4xx_HAL_Driver/Src/stm32f4xx_ll_usb.c.obj
 .comment       0x00000043       0x44 CMakeFiles/cubesat_dev.dir/Core/Src/system_stm32f4xx.c.obj

.debug_frame    0x00000000     0x38f0
 .debug_frame   0x00000000       0x20 /opt/ST/STM32CubeCLT_1.17.0/GNU-tools-for-STM32/bin/../lib/gcc/arm-none-eabi/12.3.1/../../../../arm-none-eabi/lib/thumb/v7e-m+fp/hard/libc_nano.a(libc_a-memset.o)
 .debug_frame   0x00000020       0x2c /opt/ST/STM32CubeCLT_1.17.0/GNU-tools-for-STM32/bin/../lib/gcc/arm-none-eabi/12.3.1/../../../../arm-none-eabi/lib/thumb/v7e-m+fp/hard/libc_nano.a(libc_a-init.o)
 .debug_frame   0x0000004c      0x120 CMakeFiles/cubesat_dev.dir/Core/Src/main.c.obj
 .debug_frame   0x0000016c      0x174 CMakeFiles/cubesat_dev.dir/Core/Src/stm32f4xx_it.c.obj
 .debug_frame   0x000002e0      0x114 CMakeFiles/cubesat_dev.dir/Core/Src/stm32f4xx_hal_msp.c.obj
 .debug_frame   0x000003f4      0xc84 CMakeFiles/cubesat_dev.dir/Drivers/STM32F4xx_HAL_Driver/Src/stm32f4xx_hal_i2c.c.obj
 .debug_frame   0x00001078      0x1f4 CMakeFiles/cubesat_dev.dir/Drivers/STM32F4xx_HAL_Driver/Src/stm32f4xx_hal_rcc.c.obj
 .debug_frame   0x0000126c      0x1e8 CMakeFiles/cubesat_dev.dir/Drivers/STM32F4xx_HAL_Driver/Src/stm32f4xx_hal_rcc_ex.c.obj
 .debug_frame   0x00001454      0x14c CMakeFiles/cubesat_dev.dir/Drivers/STM32F4xx_HAL_Driver/Src/stm32f4xx_hal_gpio.c.obj
 .debug_frame   0x000015a0      0x250 CMakeFiles/cubesat_dev.dir/Drivers/STM32F4xx_HAL_Driver/Src/stm32f4xx_hal_dma.c.obj
 .debug_frame   0x000017f0      0x508 CMakeFiles/cubesat_dev.dir/Drivers/STM32F4xx_HAL_Driver/Src/stm32f4xx_hal_cortex.c.obj
 .debug_frame   0x00001cf8      0x374 CMakeFiles/cubesat_dev.dir/Drivers/STM32F4xx_HAL_Driver/Src/stm32f4xx_hal.c.obj
 .debug_frame   0x0000206c      0x954 CMakeFiles/cubesat_dev.dir/Drivers/STM32F4xx_HAL_Driver/Src/stm32f4xx_hal_uart.c.obj
 .debug_frame   0x000029c0      0x5b8 CMakeFiles/cubesat_dev.dir/Drivers/STM32F4xx_HAL_Driver/Src/stm32f4xx_hal_pcd.c.obj
 .debug_frame   0x00002f78      0x100 CMakeFiles/cubesat_dev.dir/Drivers/STM32F4xx_HAL_Driver/Src/stm32f4xx_hal_pcd_ex.c.obj
 .debug_frame   0x00003078      0x7c0 CMakeFiles/cubesat_dev.dir/Drivers/STM32F4xx_HAL_Driver/Src/stm32f4xx_ll_usb.c.obj
 .debug_frame   0x00003838       0x58 CMakeFiles/cubesat_dev.dir/Core/Src/system_stm32f4xx.c.obj
 .debug_frame   0x00003890       0x2c /opt/ST/STM32CubeCLT_1.17.0/GNU-tools-for-STM32/bin/../lib/gcc/arm-none-eabi/12.3.1/thumb/v7e-m+fp/hard/libgcc.a(_aeabi_uldivmod.o)
 .debug_frame   0x000038bc       0x34 /opt/ST/STM32CubeCLT_1.17.0/GNU-tools-for-STM32/bin/../lib/gcc/arm-none-eabi/12.3.1/thumb/v7e-m+fp/hard/libgcc.a(_udivmoddi4.o)

.debug_info     0x00000000    0x100f6
 .debug_info    0x00000000     0x1721 CMakeFiles/cubesat_dev.dir/Core/Src/main.c.obj
 .debug_info    0x00001721      0x94f CMakeFiles/cubesat_dev.dir/Core/Src/stm32f4xx_it.c.obj
 .debug_info    0x00002070     0x169d CMakeFiles/cubesat_dev.dir/Core/Src/stm32f4xx_hal_msp.c.obj
 .debug_info    0x0000370d     0x2421 CMakeFiles/cubesat_dev.dir/Drivers/STM32F4xx_HAL_Driver/Src/stm32f4xx_hal_i2c.c.obj
 .debug_info    0x00005b2e      0x8eb CMakeFiles/cubesat_dev.dir/Drivers/STM32F4xx_HAL_Driver/Src/stm32f4xx_hal_rcc.c.obj
 .debug_info    0x00006419      0x956 CMakeFiles/cubesat_dev.dir/Drivers/STM32F4xx_HAL_Driver/Src/stm32f4xx_hal_rcc_ex.c.obj
 .debug_info    0x00006d6f      0x70b CMakeFiles/cubesat_dev.dir/Drivers/STM32F4xx_HAL_Driver/Src/stm32f4xx_hal_gpio.c.obj
 .debug_info    0x0000747a      0x8e7 CMakeFiles/cubesat_dev.dir/Drivers/STM32F4xx_HAL_Driver/Src/stm32f4xx_hal_dma.c.obj
 .debug_info    0x00007d61      0xdaa CMakeFiles/cubesat_dev.dir/Drivers/STM32F4xx_HAL_Driver/Src/stm32f4xx_hal_cortex.c.obj
 .debug_info    0x00008b0b      0x99a CMakeFiles/cubesat_dev.dir/Drivers/STM32F4xx_HAL_Driver/Src/stm32f4xx_hal.c.obj
 .debug_info    0x000094a5     0x2f4f CMakeFiles/cubesat_dev.dir/Drivers/STM32F4xx_HAL_Driver/Src/stm32f4xx_hal_uart.c.obj
 .debug_info    0x0000c3f4     0x15e3 CMakeFiles/cubesat_dev.dir/Drivers/STM32F4xx_HAL_Driver/Src/stm32f4xx_hal_pcd.c.obj
 .debug_info    0x0000d9d7      0x7b4 CMakeFiles/cubesat_dev.dir/Drivers/STM32F4xx_HAL_Driver/Src/stm32f4xx_hal_pcd_ex.c.obj
 .debug_info    0x0000e18b     0x19f1 CMakeFiles/cubesat_dev.dir/Drivers/STM32F4xx_HAL_Driver/Src/stm32f4xx_ll_usb.c.obj
 .debug_info    0x0000fb7c      0x54a CMakeFiles/cubesat_dev.dir/Core/Src/system_stm32f4xx.c.obj
 .debug_info    0x000100c6       0x30 CMakeFiles/cubesat_dev.dir/startup_stm32f446xx.s.obj

.debug_abbrev   0x00000000     0x2371
 .debug_abbrev  0x00000000      0x2eb CMakeFiles/cubesat_dev.dir/Core/Src/main.c.obj
 .debug_abbrev  0x000002eb      0x176 CMakeFiles/cubesat_dev.dir/Core/Src/stm32f4xx_it.c.obj
 .debug_abbrev  0x00000461      0x28d CMakeFiles/cubesat_dev.dir/Core/Src/stm32f4xx_hal_msp.c.obj
 .debug_abbrev  0x000006ee      0x2ad CMakeFiles/cubesat_dev.dir/Drivers/STM32F4xx_HAL_Driver/Src/stm32f4xx_hal_i2c.c.obj
 .debug_abbrev  0x0000099b      0x2b7 CMakeFiles/cubesat_dev.dir/Drivers/STM32F4xx_HAL_Driver/Src/stm32f4xx_hal_rcc.c.obj
 .debug_abbrev  0x00000c52      0x20a CMakeFiles/cubesat_dev.dir/Drivers/STM32F4xx_HAL_Driver/Src/stm32f4xx_hal_rcc_ex.c.obj
 .debug_abbrev  0x00000e5c      0x1d4 CMakeFiles/cubesat_dev.dir/Drivers/STM32F4xx_HAL_Driver/Src/stm32f4xx_hal_gpio.c.obj
 .debug_abbrev  0x00001030      0x264 CMakeFiles/cubesat_dev.dir/Drivers/STM32F4xx_HAL_Driver/Src/stm32f4xx_hal_dma.c.obj
 .debug_abbrev  0x00001294      0x31d CMakeFiles/cubesat_dev.dir/Drivers/STM32F4xx_HAL_Driver/Src/stm32f4xx_hal_cortex.c.obj
 .debug_abbrev  0x000015b1      0x214 CMakeFiles/cubesat_dev.dir/Drivers/STM32F4xx_HAL_Driver/Src/stm32f4xx_hal.c.obj
 .debug_abbrev  0x000017c5      0x30e CMakeFiles/cubesat_dev.dir/Drivers/STM32F4xx_HAL_Driver/Src/stm32f4xx_hal_uart.c.obj
 .debug_abbrev  0x00001ad3      0x2d0 CMakeFiles/cubesat_dev.dir/Drivers/STM32F4xx_HAL_Driver/Src/stm32f4xx_hal_pcd.c.obj
 .debug_abbrev  0x00001da3      0x1dd CMakeFiles/cubesat_dev.dir/Drivers/STM32F4xx_HAL_Driver/Src/stm32f4xx_hal_pcd_ex.c.obj
 .debug_abbrev  0x00001f80      0x2b3 CMakeFiles/cubesat_dev.dir/Drivers/STM32F4xx_HAL_Driver/Src/stm32f4xx_ll_usb.c.obj
 .debug_abbrev  0x00002233      0x11a CMakeFiles/cubesat_dev.dir/Core/Src/system_stm32f4xx.c.obj
 .debug_abbrev  0x0000234d       0x24 CMakeFiles/cubesat_dev.dir/startup_stm32f446xx.s.obj

.debug_aranges  0x00000000      0xd68
 .debug_aranges
                0x00000000       0x60 CMakeFiles/cubesat_dev.dir/Core/Src/main.c.obj
 .debug_aranges
                0x00000060       0x80 CMakeFiles/cubesat_dev.dir/Core/Src/stm32f4xx_it.c.obj
 .debug_aranges
                0x000000e0       0x50 CMakeFiles/cubesat_dev.dir/Core/Src/stm32f4xx_hal_msp.c.obj
 .debug_aranges
                0x00000130      0x2a8 CMakeFiles/cubesat_dev.dir/Drivers/STM32F4xx_HAL_Driver/Src/stm32f4xx_hal_i2c.c.obj
 .debug_aranges
                0x000003d8       0x88 CMakeFiles/cubesat_dev.dir/Drivers/STM32F4xx_HAL_Driver/Src/stm32f4xx_hal_rcc.c.obj
 .debug_aranges
                0x00000460       0x78 CMakeFiles/cubesat_dev.dir/Drivers/STM32F4xx_HAL_Driver/Src/stm32f4xx_hal_rcc_ex.c.obj
 .debug_aranges
                0x000004d8       0x58 CMakeFiles/cubesat_dev.dir/Drivers/STM32F4xx_HAL_Driver/Src/stm32f4xx_hal_gpio.c.obj
 .debug_aranges
                0x00000530       0x90 CMakeFiles/cubesat_dev.dir/Drivers/STM32F4xx_HAL_Driver/Src/stm32f4xx_hal_dma.c.obj
 .debug_aranges
                0x000005c0      0x130 CMakeFiles/cubesat_dev.dir/Drivers/STM32F4xx_HAL_Driver/Src/stm32f4xx_hal_cortex.c.obj
 .debug_aranges
                0x000006f0       0xf0 CMakeFiles/cubesat_dev.dir/Drivers/STM32F4xx_HAL_Driver/Src/stm32f4xx_hal.c.obj
 .debug_aranges
                0x000007e0      0x208 CMakeFiles/cubesat_dev.dir/Drivers/STM32F4xx_HAL_Driver/Src/stm32f4xx_hal_uart.c.obj
 .debug_aranges
                0x000009e8      0x148 CMakeFiles/cubesat_dev.dir/Drivers/STM32F4xx_HAL_Driver/Src/stm32f4xx_hal_pcd.c.obj
 .debug_aranges
                0x00000b30       0x48 CMakeFiles/cubesat_dev.dir/Drivers/STM32F4xx_HAL_Driver/Src/stm32f4xx_hal_pcd_ex.c.obj
 .debug_aranges
                0x00000b78      0x1a0 CMakeFiles/cubesat_dev.dir/Drivers/STM32F4xx_HAL_Driver/Src/stm32f4xx_ll_usb.c.obj
 .debug_aranges
                0x00000d18       0x28 CMakeFiles/cubesat_dev.dir/Core/Src/system_stm32f4xx.c.obj
 .debug_aranges
                0x00000d40       0x28 CMakeFiles/cubesat_dev.dir/startup_stm32f446xx.s.obj

.debug_rnglists
                0x00000000      0xa7a
 .debug_rnglists
                0x00000000       0x45 CMakeFiles/cubesat_dev.dir/Core/Src/main.c.obj
 .debug_rnglists
                0x00000045       0x5b CMakeFiles/cubesat_dev.dir/Core/Src/stm32f4xx_it.c.obj
 .debug_rnglists
                0x000000a0       0x3a CMakeFiles/cubesat_dev.dir/Core/Src/stm32f4xx_hal_msp.c.obj
 .debug_rnglists
                0x000000da      0x23c CMakeFiles/cubesat_dev.dir/Drivers/STM32F4xx_HAL_Driver/Src/stm32f4xx_hal_i2c.c.obj
 .debug_rnglists
                0x00000316       0x66 CMakeFiles/cubesat_dev.dir/Drivers/STM32F4xx_HAL_Driver/Src/stm32f4xx_hal_rcc.c.obj
 .debug_rnglists
                0x0000037c       0x5e CMakeFiles/cubesat_dev.dir/Drivers/STM32F4xx_HAL_Driver/Src/stm32f4xx_hal_rcc_ex.c.obj
 .debug_rnglists
                0x000003da       0x3f CMakeFiles/cubesat_dev.dir/Drivers/STM32F4xx_HAL_Driver/Src/stm32f4xx_hal_gpio.c.obj
 .debug_rnglists
                0x00000419       0x70 CMakeFiles/cubesat_dev.dir/Drivers/STM32F4xx_HAL_Driver/Src/stm32f4xx_hal_dma.c.obj
 .debug_rnglists
                0x00000489       0xe0 CMakeFiles/cubesat_dev.dir/Drivers/STM32F4xx_HAL_Driver/Src/stm32f4xx_hal_cortex.c.obj
 .debug_rnglists
                0x00000569       0xaf CMakeFiles/cubesat_dev.dir/Drivers/STM32F4xx_HAL_Driver/Src/stm32f4xx_hal.c.obj
 .debug_rnglists
                0x00000618      0x1bc CMakeFiles/cubesat_dev.dir/Drivers/STM32F4xx_HAL_Driver/Src/stm32f4xx_hal_uart.c.obj
 .debug_rnglists
                0x000007d4       0xfa CMakeFiles/cubesat_dev.dir/Drivers/STM32F4xx_HAL_Driver/Src/stm32f4xx_hal_pcd.c.obj
 .debug_rnglists
                0x000008ce       0x32 CMakeFiles/cubesat_dev.dir/Drivers/STM32F4xx_HAL_Driver/Src/stm32f4xx_hal_pcd_ex.c.obj
 .debug_rnglists
                0x00000900      0x147 CMakeFiles/cubesat_dev.dir/Drivers/STM32F4xx_HAL_Driver/Src/stm32f4xx_ll_usb.c.obj
 .debug_rnglists
                0x00000a47       0x1a CMakeFiles/cubesat_dev.dir/Core/Src/system_stm32f4xx.c.obj
 .debug_rnglists
                0x00000a61       0x19 CMakeFiles/cubesat_dev.dir/startup_stm32f446xx.s.obj

.debug_macro    0x00000000     0x1e9b
 .debug_macro   0x00000000      0x206 CMakeFiles/cubesat_dev.dir/Core/Src/main.c.obj
 .debug_macro   0x00000206      0x210 CMakeFiles/cubesat_dev.dir/Core/Src/stm32f4xx_it.c.obj
 .debug_macro   0x00000416      0x206 CMakeFiles/cubesat_dev.dir/Core/Src/stm32f4xx_hal_msp.c.obj
 .debug_macro   0x0000061c      0x245 CMakeFiles/cubesat_dev.dir/Drivers/STM32F4xx_HAL_Driver/Src/stm32f4xx_hal_i2c.c.obj
 .debug_macro   0x00000861      0x21b CMakeFiles/cubesat_dev.dir/Drivers/STM32F4xx_HAL_Driver/Src/stm32f4xx_hal_rcc.c.obj
 .debug_macro   0x00000a7c      0x1f7 CMakeFiles/cubesat_dev.dir/Drivers/STM32F4xx_HAL_Driver/Src/stm32f4xx_hal_rcc_ex.c.obj
 .debug_macro   0x00000c73      0x1fd CMakeFiles/cubesat_dev.dir/Drivers/STM32F4xx_HAL_Driver/Src/stm32f4xx_hal_gpio.c.obj
 .debug_macro   0x00000e70      0x1fd CMakeFiles/cubesat_dev.dir/Drivers/STM32F4xx_HAL_Driver/Src/stm32f4xx_hal_dma.c.obj
 .debug_macro   0x0000106d      0x1f7 CMakeFiles/cubesat_dev.dir/Drivers/STM32F4xx_HAL_Driver/Src/stm32f4xx_hal_cortex.c.obj
 .debug_macro   0x00001264      0x257 CMakeFiles/cubesat_dev.dir/Drivers/STM32F4xx_HAL_Driver/Src/stm32f4xx_hal.c.obj
 .debug_macro   0x000014bb      0x1f8 CMakeFiles/cubesat_dev.dir/Drivers/STM32F4xx_HAL_Driver/Src/stm32f4xx_hal_uart.c.obj
 .debug_macro   0x000016b3      0x203 CMakeFiles/cubesat_dev.dir/Drivers/STM32F4xx_HAL_Driver/Src/stm32f4xx_hal_pcd.c.obj
 .debug_macro   0x000018b6      0x1f7 CMakeFiles/cubesat_dev.dir/Drivers/STM32F4xx_HAL_Driver/Src/stm32f4xx_hal_pcd_ex.c.obj
 .debug_macro   0x00001aad      0x1f7 CMakeFiles/cubesat_dev.dir/Drivers/STM32F4xx_HAL_Driver/Src/stm32f4xx_ll_usb.c.obj
 .debug_macro   0x00001ca4      0x1f7 CMakeFiles/cubesat_dev.dir/Core/Src/system_stm32f4xx.c.obj

.debug_line     0x00000000    0x112a0
 .debug_line    0x00000000      0x8c9 CMakeFiles/cubesat_dev.dir/Core/Src/main.c.obj
 .debug_line    0x000008c9      0x819 CMakeFiles/cubesat_dev.dir/Core/Src/stm32f4xx_it.c.obj
 .debug_line    0x000010e2      0x862 CMakeFiles/cubesat_dev.dir/Core/Src/stm32f4xx_hal_msp.c.obj
 .debug_line    0x00001944     0x3b2a CMakeFiles/cubesat_dev.dir/Drivers/STM32F4xx_HAL_Driver/Src/stm32f4xx_hal_i2c.c.obj
 .debug_line    0x0000546e      0xd7b CMakeFiles/cubesat_dev.dir/Drivers/STM32F4xx_HAL_Driver/Src/stm32f4xx_hal_rcc.c.obj
 .debug_line    0x000061e9     0x13eb CMakeFiles/cubesat_dev.dir/Drivers/STM32F4xx_HAL_Driver/Src/stm32f4xx_hal_rcc_ex.c.obj
 .debug_line    0x000075d4      0xb5c CMakeFiles/cubesat_dev.dir/Drivers/STM32F4xx_HAL_Driver/Src/stm32f4xx_hal_gpio.c.obj
 .debug_line    0x00008130      0xf54 CMakeFiles/cubesat_dev.dir/Drivers/STM32F4xx_HAL_Driver/Src/stm32f4xx_hal_dma.c.obj
 .debug_line    0x00009084      0xcd6 CMakeFiles/cubesat_dev.dir/Drivers/STM32F4xx_HAL_Driver/Src/stm32f4xx_hal_cortex.c.obj
 .debug_line    0x00009d5a      0x9e4 CMakeFiles/cubesat_dev.dir/Drivers/STM32F4xx_HAL_Driver/Src/stm32f4xx_hal.c.obj
 .debug_line    0x0000a73e     0x28b6 CMakeFiles/cubesat_dev.dir/Drivers/STM32F4xx_HAL_Driver/Src/stm32f4xx_hal_uart.c.obj
 .debug_line    0x0000cff4     0x14f2 CMakeFiles/cubesat_dev.dir/Drivers/STM32F4xx_HAL_Driver/Src/stm32f4xx_hal_pcd.c.obj
 .debug_line    0x0000e4e6      0x818 CMakeFiles/cubesat_dev.dir/Drivers/STM32F4xx_HAL_Driver/Src/stm32f4xx_hal_pcd_ex.c.obj
 .debug_line    0x0000ecfe     0x1dad CMakeFiles/cubesat_dev.dir/Drivers/STM32F4xx_HAL_Driver/Src/stm32f4xx_ll_usb.c.obj
 .debug_line    0x00010aab      0x77b CMakeFiles/cubesat_dev.dir/Core/Src/system_stm32f4xx.c.obj
 .debug_line    0x00011226       0x7a CMakeFiles/cubesat_dev.dir/startup_stm32f446xx.s.obj

.debug_str      0x00000000    0xc9da2
 .debug_str     0x00000000    0xc6617 CMakeFiles/cubesat_dev.dir/Core/Src/main.c.obj
                              0xc6971 (size before relaxing)
 .debug_str     0x000c6617      0x199 CMakeFiles/cubesat_dev.dir/Core/Src/stm32f4xx_it.c.obj
                              0xc5d5a (size before relaxing)
 .debug_str     0x000c67b0      0x2ad CMakeFiles/cubesat_dev.dir/Core/Src/stm32f4xx_hal_msp.c.obj
                              0xc6987 (size before relaxing)
 .debug_str     0x000c6a5d      0xb6d CMakeFiles/cubesat_dev.dir/Drivers/STM32F4xx_HAL_Driver/Src/stm32f4xx_hal_i2c.c.obj
                              0xc6408 (size before relaxing)
 .debug_str     0x000c75ca      0x2a9 CMakeFiles/cubesat_dev.dir/Drivers/STM32F4xx_HAL_Driver/Src/stm32f4xx_hal_rcc.c.obj
                              0xc5843 (size before relaxing)
 .debug_str     0x000c7873      0x1cb CMakeFiles/cubesat_dev.dir/Drivers/STM32F4xx_HAL_Driver/Src/stm32f4xx_hal_rcc_ex.c.obj
                              0xc5876 (size before relaxing)
 .debug_str     0x000c7a3e      0x13c CMakeFiles/cubesat_dev.dir/Drivers/STM32F4xx_HAL_Driver/Src/stm32f4xx_hal_gpio.c.obj
                              0xc5585 (size before relaxing)
 .debug_str     0x000c7b7a      0x2d8 CMakeFiles/cubesat_dev.dir/Drivers/STM32F4xx_HAL_Driver/Src/stm32f4xx_hal_dma.c.obj
                              0xc57ff (size before relaxing)
 .debug_str     0x000c7e52      0x435 CMakeFiles/cubesat_dev.dir/Drivers/STM32F4xx_HAL_Driver/Src/stm32f4xx_hal_cortex.c.obj
                              0xc5d26 (size before relaxing)
 .debug_str     0x000c8287      0x5a2 CMakeFiles/cubesat_dev.dir/Drivers/STM32F4xx_HAL_Driver/Src/stm32f4xx_hal.c.obj
                              0xc5fcf (size before relaxing)
 .debug_str     0x000c8829      0x623 CMakeFiles/cubesat_dev.dir/Drivers/STM32F4xx_HAL_Driver/Src/stm32f4xx_hal_uart.c.obj
                              0xc5dfa (size before relaxing)
 .debug_str     0x000c8e4c      0x84b CMakeFiles/cubesat_dev.dir/Drivers/STM32F4xx_HAL_Driver/Src/stm32f4xx_hal_pcd.c.obj
                              0xc5f1b (size before relaxing)
 .debug_str     0x000c9697      0x15b CMakeFiles/cubesat_dev.dir/Drivers/STM32F4xx_HAL_Driver/Src/stm32f4xx_hal_pcd_ex.c.obj
                              0xc581d (size before relaxing)
 .debug_str     0x000c97f2      0x4d5 CMakeFiles/cubesat_dev.dir/Drivers/STM32F4xx_HAL_Driver/Src/stm32f4xx_ll_usb.c.obj
                              0xc5dd7 (size before relaxing)
 .debug_str     0x000c9cc7       0x78 CMakeFiles/cubesat_dev.dir/Core/Src/system_stm32f4xx.c.obj
                              0xc540a (size before relaxing)
 .debug_str     0x000c9d3f       0x63 CMakeFiles/cubesat_dev.dir/startup_stm32f446xx.s.obj
                                 0xa0 (size before relaxing)

.debug_line_str
                0x00000000       0x84
 .debug_line_str
                0x00000000       0x84 CMakeFiles/cubesat_dev.dir/startup_stm32f446xx.s.obj
